[2026-03-09T20:08:51.138+0000] {local_task_job_runner.py:120} INFO - ::group::Pre task execution logs
[2026-03-09T20:08:51.154+0000] {taskinstance.py:2076} INFO - Dependencies all met for dep_context=non-requeueable deps ti=<TaskInstance: 2_mongo_to_postgres_etl.etl_viewing_sessions manual__2026-03-09T20:08:49.140960+00:00 [queued]>
[2026-03-09T20:08:51.158+0000] {taskinstance.py:2076} INFO - Dependencies all met for dep_context=requeueable deps ti=<TaskInstance: 2_mongo_to_postgres_etl.etl_viewing_sessions manual__2026-03-09T20:08:49.140960+00:00 [queued]>
[2026-03-09T20:08:51.158+0000] {taskinstance.py:2306} INFO - Starting attempt 1 of 2
[2026-03-09T20:08:51.171+0000] {taskinstance.py:2330} INFO - Executing <Task(PythonOperator): etl_viewing_sessions> on 2026-03-09 20:08:49.140960+00:00
[2026-03-09T20:08:51.174+0000] {standard_task_runner.py:64} INFO - Started process 87 to run task
[2026-03-09T20:08:51.175+0000] {standard_task_runner.py:90} INFO - Running: ['***', 'tasks', 'run', '2_mongo_to_postgres_etl', 'etl_viewing_sessions', 'manual__2026-03-09T20:08:49.140960+00:00', '--job-id', '4', '--raw', '--subdir', 'DAGS_FOLDER/mongo_v_postre.py', '--cfg-path', '/tmp/tmpn21_v4hc']
[2026-03-09T20:08:51.177+0000] {standard_task_runner.py:91} INFO - Job 4: Subtask etl_viewing_sessions
[2026-03-09T20:08:51.213+0000] {task_command.py:426} INFO - Running <TaskInstance: 2_mongo_to_postgres_etl.etl_viewing_sessions manual__2026-03-09T20:08:49.140960+00:00 [running]> on host 02552d753929
[2026-03-09T20:08:51.262+0000] {taskinstance.py:2648} INFO - Exporting env vars: AIRFLOW_CTX_DAG_OWNER='***' AIRFLOW_CTX_DAG_ID='2_mongo_to_postgres_etl' AIRFLOW_CTX_TASK_ID='etl_viewing_sessions' AIRFLOW_CTX_EXECUTION_DATE='2026-03-09T20:08:49.140960+00:00' AIRFLOW_CTX_TRY_NUMBER='1' AIRFLOW_CTX_DAG_RUN_ID='manual__2026-03-09T20:08:49.140960+00:00'
[2026-03-09T20:08:51.263+0000] {taskinstance.py:430} INFO - ::endgroup::
[2026-03-09T20:08:51.272+0000] {base.py:84} INFO - Using connection ID 'mongo_default' for task execution.
[2026-03-09T20:08:51.296+0000] {crypto.py:82} WARNING - empty cryptography key - values will not be stored encrypted.
[2026-03-09T20:08:51.296+0000] {base.py:84} INFO - Using connection ID 'postgres_default' for task execution.
[2026-03-09T20:08:51.300+0000] {base.py:84} INFO - Using connection ID 'postgres_default' for task execution.
[2026-03-09T20:08:51.315+0000] {sql.py:608} INFO - Loaded 150 rows into viewing_sessions so far
[2026-03-09T20:08:51.315+0000] {sql.py:621} INFO - Done loading. Loaded a total of 150 rows into viewing_sessions
[2026-03-09T20:08:51.316+0000] {python.py:237} INFO - Done. Returned value was: None
[2026-03-09T20:08:51.316+0000] {taskinstance.py:441} INFO - ::group::Post task execution logs
[2026-03-09T20:08:51.321+0000] {taskinstance.py:1206} INFO - Marking task as SUCCESS. dag_id=2_mongo_to_postgres_etl, task_id=etl_viewing_sessions, run_id=manual__2026-03-09T20:08:49.140960+00:00, execution_date=20260309T200849, start_date=20260309T200851, end_date=20260309T200851
[2026-03-09T20:08:51.348+0000] {local_task_job_runner.py:243} INFO - Task exited with return code 0
[2026-03-09T20:08:51.357+0000] {taskinstance.py:3503} INFO - 0 downstream tasks scheduled from follow-on schedule check
[2026-03-09T20:08:51.359+0000] {local_task_job_runner.py:222} INFO - ::endgroup::
