[2026-03-09T20:14:38.479+0000] {local_task_job_runner.py:120} INFO - ::group::Pre task execution logs
[2026-03-09T20:14:38.496+0000] {taskinstance.py:2076} INFO - Dependencies all met for dep_context=non-requeueable deps ti=<TaskInstance: 3_build_datamarts.build_dm_app_quality_metrics manual__2026-03-09T20:09:12.834309+00:00 [queued]>
[2026-03-09T20:14:38.500+0000] {taskinstance.py:2076} INFO - Dependencies all met for dep_context=requeueable deps ti=<TaskInstance: 3_build_datamarts.build_dm_app_quality_metrics manual__2026-03-09T20:09:12.834309+00:00 [queued]>
[2026-03-09T20:14:38.500+0000] {taskinstance.py:2306} INFO - Starting attempt 2 of 2
[2026-03-09T20:14:38.508+0000] {taskinstance.py:2330} INFO - Executing <Task(PostgresOperator): build_dm_app_quality_metrics> on 2026-03-09 20:09:12.834309+00:00
[2026-03-09T20:14:38.510+0000] {standard_task_runner.py:64} INFO - Started process 54 to run task
[2026-03-09T20:14:38.512+0000] {standard_task_runner.py:90} INFO - Running: ['***', 'tasks', 'run', '3_build_datamarts', 'build_dm_app_quality_metrics', 'manual__2026-03-09T20:09:12.834309+00:00', '--job-id', '9', '--raw', '--subdir', 'DAGS_FOLDER/dashboard.py', '--cfg-path', '/tmp/tmpvpl2zwqn']
[2026-03-09T20:14:38.513+0000] {standard_task_runner.py:91} INFO - Job 9: Subtask build_dm_app_quality_metrics
[2026-03-09T20:14:38.561+0000] {task_command.py:426} INFO - Running <TaskInstance: 3_build_datamarts.build_dm_app_quality_metrics manual__2026-03-09T20:09:12.834309+00:00 [running]> on host 2a1e971eb3d4
[2026-03-09T20:14:38.613+0000] {taskinstance.py:2648} INFO - Exporting env vars: AIRFLOW_CTX_DAG_OWNER='***' AIRFLOW_CTX_DAG_ID='3_build_datamarts' AIRFLOW_CTX_TASK_ID='build_dm_app_quality_metrics' AIRFLOW_CTX_EXECUTION_DATE='2026-03-09T20:09:12.834309+00:00' AIRFLOW_CTX_TRY_NUMBER='2' AIRFLOW_CTX_DAG_RUN_ID='manual__2026-03-09T20:09:12.834309+00:00'
[2026-03-09T20:14:38.614+0000] {taskinstance.py:430} INFO - ::endgroup::
[2026-03-09T20:14:38.701+0000] {sql.py:282} INFO - Executing: 
CREATE TABLE IF NOT EXISTS dm_app_quality AS
SELECT 
    DATE(created_at) as report_date,
    feedback_type,
    status,
    COUNT(feedback_id) as total_reports,
    AVG(resolution_time_hours) as avg_resolution_hours
FROM app_feedbacks
GROUP BY DATE(created_at), feedback_type, status;

TRUNCATE TABLE dm_app_quality;
INSERT INTO dm_app_quality
SELECT 
    DATE(created_at) as report_date,
    feedback_type,
    status,
    COUNT(feedback_id) as total_reports,
    AVG(resolution_time_hours) as avg_resolution_hours
FROM app_feedbacks
GROUP BY DATE(created_at), feedback_type, status;
[2026-03-09T20:14:38.702+0000] {crypto.py:82} WARNING - empty cryptography key - values will not be stored encrypted.
[2026-03-09T20:14:38.702+0000] {base.py:84} INFO - Using connection ID 'postgres_default' for task execution.
[2026-03-09T20:14:38.732+0000] {base.py:84} INFO - Using connection ID 'postgres_default' for task execution.
[2026-03-09T20:14:38.735+0000] {sql.py:495} INFO - Running statement: 
CREATE TABLE IF NOT EXISTS dm_app_quality AS
SELECT 
    DATE(created_at) as report_date,
    feedback_type,
    status,
    COUNT(feedback_id) as total_reports,
    AVG(resolution_time_hours) as avg_resolution_hours
FROM app_feedbacks
GROUP BY DATE(created_at), feedback_type, status;

TRUNCATE TABLE dm_app_quality;
INSERT INTO dm_app_quality
SELECT 
    DATE(created_at) as report_date,
    feedback_type,
    status,
    COUNT(feedback_id) as total_reports,
    AVG(resolution_time_hours) as avg_resolution_hours
FROM app_feedbacks
GROUP BY DATE(created_at), feedback_type, status;, parameters: None
[2026-03-09T20:14:38.740+0000] {sql.py:504} INFO - Rows affected: 63
[2026-03-09T20:14:38.742+0000] {taskinstance.py:441} INFO - ::group::Post task execution logs
[2026-03-09T20:14:38.749+0000] {taskinstance.py:1206} INFO - Marking task as SUCCESS. dag_id=3_build_datamarts, task_id=build_dm_app_quality_metrics, run_id=manual__2026-03-09T20:09:12.834309+00:00, execution_date=20260309T200912, start_date=20260309T201438, end_date=20260309T201438
[2026-03-09T20:14:38.764+0000] {local_task_job_runner.py:243} INFO - Task exited with return code 0
[2026-03-09T20:14:38.775+0000] {taskinstance.py:3503} INFO - 0 downstream tasks scheduled from follow-on schedule check
[2026-03-09T20:14:38.778+0000] {local_task_job_runner.py:222} INFO - ::endgroup::
