[2026-03-09T20:14:40.478+0000] {local_task_job_runner.py:120} INFO - ::group::Pre task execution logs
[2026-03-09T20:14:40.495+0000] {taskinstance.py:2076} INFO - Dependencies all met for dep_context=non-requeueable deps ti=<TaskInstance: 3_build_datamarts.build_dm_content_popularity manual__2026-03-09T20:09:12.834309+00:00 [queued]>
[2026-03-09T20:14:40.499+0000] {taskinstance.py:2076} INFO - Dependencies all met for dep_context=requeueable deps ti=<TaskInstance: 3_build_datamarts.build_dm_content_popularity manual__2026-03-09T20:09:12.834309+00:00 [queued]>
[2026-03-09T20:14:40.500+0000] {taskinstance.py:2306} INFO - Starting attempt 2 of 2
[2026-03-09T20:14:40.508+0000] {taskinstance.py:2330} INFO - Executing <Task(PostgresOperator): build_dm_content_popularity> on 2026-03-09 20:09:12.834309+00:00
[2026-03-09T20:14:40.510+0000] {standard_task_runner.py:64} INFO - Started process 63 to run task
[2026-03-09T20:14:40.511+0000] {standard_task_runner.py:90} INFO - Running: ['***', 'tasks', 'run', '3_build_datamarts', 'build_dm_content_popularity', 'manual__2026-03-09T20:09:12.834309+00:00', '--job-id', '10', '--raw', '--subdir', 'DAGS_FOLDER/dashboard.py', '--cfg-path', '/tmp/tmpm2pqua6l']
[2026-03-09T20:14:40.513+0000] {standard_task_runner.py:91} INFO - Job 10: Subtask build_dm_content_popularity
[2026-03-09T20:14:40.550+0000] {task_command.py:426} INFO - Running <TaskInstance: 3_build_datamarts.build_dm_content_popularity manual__2026-03-09T20:09:12.834309+00:00 [running]> on host 2a1e971eb3d4
[2026-03-09T20:14:40.601+0000] {taskinstance.py:2648} INFO - Exporting env vars: AIRFLOW_CTX_DAG_OWNER='***' AIRFLOW_CTX_DAG_ID='3_build_datamarts' AIRFLOW_CTX_TASK_ID='build_dm_content_popularity' AIRFLOW_CTX_EXECUTION_DATE='2026-03-09T20:09:12.834309+00:00' AIRFLOW_CTX_TRY_NUMBER='2' AIRFLOW_CTX_DAG_RUN_ID='manual__2026-03-09T20:09:12.834309+00:00'
[2026-03-09T20:14:40.602+0000] {taskinstance.py:430} INFO - ::endgroup::
[2026-03-09T20:14:40.688+0000] {sql.py:282} INFO - Executing: 
CREATE TABLE IF NOT EXISTS dm_content_popularity AS
SELECT 
    DATE(start_time) as watch_date,
    platform,
    content_id,
    COUNT(DISTINCT session_id) as total_views,
    COUNT(DISTINCT user_id) as unique_viewers,
    AVG(watch_duration_minutes) as avg_watch_time_min
FROM viewing_sessions
GROUP BY DATE(start_time), platform, content_id;

-- Перезапись витрины актуальными данными
TRUNCATE TABLE dm_content_popularity;
INSERT INTO dm_content_popularity
SELECT 
    DATE(start_time) as watch_date,
    platform,
    content_id,
    COUNT(DISTINCT session_id) as total_views,
    COUNT(DISTINCT user_id) as unique_viewers,
    AVG(watch_duration_minutes) as avg_watch_time_min
FROM viewing_sessions
GROUP BY DATE(start_time), platform, content_id;
[2026-03-09T20:14:40.689+0000] {crypto.py:82} WARNING - empty cryptography key - values will not be stored encrypted.
[2026-03-09T20:14:40.690+0000] {base.py:84} INFO - Using connection ID 'postgres_default' for task execution.
[2026-03-09T20:14:40.721+0000] {base.py:84} INFO - Using connection ID 'postgres_default' for task execution.
[2026-03-09T20:14:40.725+0000] {sql.py:495} INFO - Running statement: 
CREATE TABLE IF NOT EXISTS dm_content_popularity AS
SELECT 
    DATE(start_time) as watch_date,
    platform,
    content_id,
    COUNT(DISTINCT session_id) as total_views,
    COUNT(DISTINCT user_id) as unique_viewers,
    AVG(watch_duration_minutes) as avg_watch_time_min
FROM viewing_sessions
GROUP BY DATE(start_time), platform, content_id;

-- Перезапись витрины актуальными данными
TRUNCATE TABLE dm_content_popularity;
INSERT INTO dm_content_popularity
SELECT 
    DATE(start_time) as watch_date,
    platform,
    content_id,
    COUNT(DISTINCT session_id) as total_views,
    COUNT(DISTINCT user_id) as unique_viewers,
    AVG(watch_duration_minutes) as avg_watch_time_min
FROM viewing_sessions
GROUP BY DATE(start_time), platform, content_id;, parameters: None
[2026-03-09T20:14:40.743+0000] {sql.py:504} INFO - Rows affected: 125
[2026-03-09T20:14:40.746+0000] {taskinstance.py:441} INFO - ::group::Post task execution logs
[2026-03-09T20:14:40.752+0000] {taskinstance.py:1206} INFO - Marking task as SUCCESS. dag_id=3_build_datamarts, task_id=build_dm_content_popularity, run_id=manual__2026-03-09T20:09:12.834309+00:00, execution_date=20260309T200912, start_date=20260309T201440, end_date=20260309T201440
[2026-03-09T20:14:40.764+0000] {local_task_job_runner.py:243} INFO - Task exited with return code 0
[2026-03-09T20:14:40.777+0000] {taskinstance.py:3503} INFO - 0 downstream tasks scheduled from follow-on schedule check
[2026-03-09T20:14:40.780+0000] {local_task_job_runner.py:222} INFO - ::endgroup::
