[2026-03-09T19:56:16.614+0000] {processor.py:161} INFO - Started process (PID=43) to work on /opt/airflow/dags/dashboard.py
[2026-03-09T19:56:16.616+0000] {processor.py:830} INFO - Processing file /opt/airflow/dags/dashboard.py for tasks to queue
[2026-03-09T19:56:16.617+0000] {logging_mixin.py:188} INFO - [2026-03-09T19:56:16.617+0000] {dagbag.py:545} INFO - Filling up the DagBag from /opt/airflow/dags/dashboard.py
[2026-03-09T19:56:16.650+0000] {processor.py:840} INFO - DAG(s) '3_build_datamarts' retrieved from /opt/airflow/dags/dashboard.py
[2026-03-09T19:56:16.790+0000] {logging_mixin.py:188} INFO - [2026-03-09T19:56:16.790+0000] {override.py:1858} INFO - Created Permission View: can delete on DAG:3_build_datamarts
[2026-03-09T19:56:16.797+0000] {logging_mixin.py:188} INFO - [2026-03-09T19:56:16.797+0000] {override.py:1858} INFO - Created Permission View: can read on DAG:3_build_datamarts
[2026-03-09T19:56:16.802+0000] {logging_mixin.py:188} INFO - [2026-03-09T19:56:16.802+0000] {override.py:1858} INFO - Created Permission View: can edit on DAG:3_build_datamarts
[2026-03-09T19:56:16.802+0000] {logging_mixin.py:188} INFO - [2026-03-09T19:56:16.802+0000] {dag.py:3089} INFO - Sync 1 DAGs
[2026-03-09T19:56:16.807+0000] {logging_mixin.py:188} INFO - [2026-03-09T19:56:16.807+0000] {dag.py:3111} INFO - Creating ORM DAG for 3_build_datamarts
[2026-03-09T19:56:16.813+0000] {logging_mixin.py:188} INFO - [2026-03-09T19:56:16.813+0000] {dag.py:3947} INFO - Setting next_dagrun for 3_build_datamarts to 2026-03-09 00:00:00+00:00, run_after=2026-03-10 00:00:00+00:00
[2026-03-09T19:56:16.823+0000] {processor.py:183} INFO - Processing /opt/airflow/dags/dashboard.py took 0.213 seconds
[2026-03-09T19:56:46.946+0000] {processor.py:161} INFO - Started process (PID=46) to work on /opt/airflow/dags/dashboard.py
[2026-03-09T19:56:46.947+0000] {processor.py:830} INFO - Processing file /opt/airflow/dags/dashboard.py for tasks to queue
[2026-03-09T19:56:46.950+0000] {logging_mixin.py:188} INFO - [2026-03-09T19:56:46.950+0000] {dagbag.py:545} INFO - Filling up the DagBag from /opt/airflow/dags/dashboard.py
[2026-03-09T19:56:46.966+0000] {processor.py:840} INFO - DAG(s) '3_build_datamarts' retrieved from /opt/airflow/dags/dashboard.py
[2026-03-09T19:56:46.982+0000] {logging_mixin.py:188} INFO - [2026-03-09T19:56:46.982+0000] {dag.py:3089} INFO - Sync 1 DAGs
[2026-03-09T19:56:46.995+0000] {logging_mixin.py:188} INFO - [2026-03-09T19:56:46.995+0000] {dag.py:3947} INFO - Setting next_dagrun for 3_build_datamarts to 2026-03-09 00:00:00+00:00, run_after=2026-03-10 00:00:00+00:00
[2026-03-09T19:56:47.007+0000] {processor.py:183} INFO - Processing /opt/airflow/dags/dashboard.py took 0.064 seconds
[2026-03-09T19:57:17.164+0000] {processor.py:161} INFO - Started process (PID=49) to work on /opt/airflow/dags/dashboard.py
[2026-03-09T19:57:17.165+0000] {processor.py:830} INFO - Processing file /opt/airflow/dags/dashboard.py for tasks to queue
[2026-03-09T19:57:17.166+0000] {logging_mixin.py:188} INFO - [2026-03-09T19:57:17.166+0000] {dagbag.py:545} INFO - Filling up the DagBag from /opt/airflow/dags/dashboard.py
[2026-03-09T19:57:17.180+0000] {processor.py:840} INFO - DAG(s) '3_build_datamarts' retrieved from /opt/airflow/dags/dashboard.py
[2026-03-09T19:57:17.200+0000] {logging_mixin.py:188} INFO - [2026-03-09T19:57:17.199+0000] {dag.py:3089} INFO - Sync 1 DAGs
[2026-03-09T19:57:17.213+0000] {logging_mixin.py:188} INFO - [2026-03-09T19:57:17.213+0000] {dag.py:3947} INFO - Setting next_dagrun for 3_build_datamarts to 2026-03-09 00:00:00+00:00, run_after=2026-03-10 00:00:00+00:00
[2026-03-09T19:57:17.225+0000] {processor.py:183} INFO - Processing /opt/airflow/dags/dashboard.py took 0.065 seconds
[2026-03-09T19:57:47.408+0000] {processor.py:161} INFO - Started process (PID=52) to work on /opt/airflow/dags/dashboard.py
[2026-03-09T19:57:47.408+0000] {processor.py:830} INFO - Processing file /opt/airflow/dags/dashboard.py for tasks to queue
[2026-03-09T19:57:47.409+0000] {logging_mixin.py:188} INFO - [2026-03-09T19:57:47.409+0000] {dagbag.py:545} INFO - Filling up the DagBag from /opt/airflow/dags/dashboard.py
[2026-03-09T19:57:47.424+0000] {processor.py:840} INFO - DAG(s) '3_build_datamarts' retrieved from /opt/airflow/dags/dashboard.py
[2026-03-09T19:57:47.443+0000] {logging_mixin.py:188} INFO - [2026-03-09T19:57:47.443+0000] {dag.py:3089} INFO - Sync 1 DAGs
[2026-03-09T19:57:47.456+0000] {logging_mixin.py:188} INFO - [2026-03-09T19:57:47.455+0000] {dag.py:3947} INFO - Setting next_dagrun for 3_build_datamarts to 2026-03-09 00:00:00+00:00, run_after=2026-03-10 00:00:00+00:00
[2026-03-09T19:57:47.468+0000] {processor.py:183} INFO - Processing /opt/airflow/dags/dashboard.py took 0.063 seconds
[2026-03-09T19:58:17.620+0000] {processor.py:161} INFO - Started process (PID=55) to work on /opt/airflow/dags/dashboard.py
[2026-03-09T19:58:17.620+0000] {processor.py:830} INFO - Processing file /opt/airflow/dags/dashboard.py for tasks to queue
[2026-03-09T19:58:17.622+0000] {logging_mixin.py:188} INFO - [2026-03-09T19:58:17.622+0000] {dagbag.py:545} INFO - Filling up the DagBag from /opt/airflow/dags/dashboard.py
[2026-03-09T19:58:17.637+0000] {processor.py:840} INFO - DAG(s) '3_build_datamarts' retrieved from /opt/airflow/dags/dashboard.py
[2026-03-09T19:58:17.654+0000] {logging_mixin.py:188} INFO - [2026-03-09T19:58:17.654+0000] {dag.py:3089} INFO - Sync 1 DAGs
[2026-03-09T19:58:17.666+0000] {logging_mixin.py:188} INFO - [2026-03-09T19:58:17.666+0000] {dag.py:3947} INFO - Setting next_dagrun for 3_build_datamarts to 2026-03-09 00:00:00+00:00, run_after=2026-03-10 00:00:00+00:00
[2026-03-09T19:58:17.679+0000] {processor.py:183} INFO - Processing /opt/airflow/dags/dashboard.py took 0.063 seconds
[2026-03-09T19:58:47.874+0000] {processor.py:161} INFO - Started process (PID=58) to work on /opt/airflow/dags/dashboard.py
[2026-03-09T19:58:47.874+0000] {processor.py:830} INFO - Processing file /opt/airflow/dags/dashboard.py for tasks to queue
[2026-03-09T19:58:47.876+0000] {logging_mixin.py:188} INFO - [2026-03-09T19:58:47.875+0000] {dagbag.py:545} INFO - Filling up the DagBag from /opt/airflow/dags/dashboard.py
[2026-03-09T19:58:47.893+0000] {processor.py:840} INFO - DAG(s) '3_build_datamarts' retrieved from /opt/airflow/dags/dashboard.py
[2026-03-09T19:58:47.914+0000] {logging_mixin.py:188} INFO - [2026-03-09T19:58:47.913+0000] {dag.py:3089} INFO - Sync 1 DAGs
[2026-03-09T19:58:47.929+0000] {logging_mixin.py:188} INFO - [2026-03-09T19:58:47.929+0000] {dag.py:3947} INFO - Setting next_dagrun for 3_build_datamarts to 2026-03-09 00:00:00+00:00, run_after=2026-03-10 00:00:00+00:00
[2026-03-09T19:58:47.943+0000] {processor.py:183} INFO - Processing /opt/airflow/dags/dashboard.py took 0.074 seconds
[2026-03-09T19:59:18.152+0000] {processor.py:161} INFO - Started process (PID=61) to work on /opt/airflow/dags/dashboard.py
[2026-03-09T19:59:18.153+0000] {processor.py:830} INFO - Processing file /opt/airflow/dags/dashboard.py for tasks to queue
[2026-03-09T19:59:18.154+0000] {logging_mixin.py:188} INFO - [2026-03-09T19:59:18.154+0000] {dagbag.py:545} INFO - Filling up the DagBag from /opt/airflow/dags/dashboard.py
[2026-03-09T19:59:18.168+0000] {processor.py:840} INFO - DAG(s) '3_build_datamarts' retrieved from /opt/airflow/dags/dashboard.py
[2026-03-09T19:59:18.188+0000] {logging_mixin.py:188} INFO - [2026-03-09T19:59:18.187+0000] {dag.py:3089} INFO - Sync 1 DAGs
[2026-03-09T19:59:18.201+0000] {logging_mixin.py:188} INFO - [2026-03-09T19:59:18.201+0000] {dag.py:3947} INFO - Setting next_dagrun for 3_build_datamarts to 2026-03-09 00:00:00+00:00, run_after=2026-03-10 00:00:00+00:00
[2026-03-09T19:59:18.212+0000] {processor.py:183} INFO - Processing /opt/airflow/dags/dashboard.py took 0.064 seconds
[2026-03-09T19:59:48.392+0000] {processor.py:161} INFO - Started process (PID=64) to work on /opt/airflow/dags/dashboard.py
[2026-03-09T19:59:48.398+0000] {processor.py:830} INFO - Processing file /opt/airflow/dags/dashboard.py for tasks to queue
[2026-03-09T19:59:48.399+0000] {logging_mixin.py:188} INFO - [2026-03-09T19:59:48.399+0000] {dagbag.py:545} INFO - Filling up the DagBag from /opt/airflow/dags/dashboard.py
[2026-03-09T19:59:48.413+0000] {processor.py:840} INFO - DAG(s) '3_build_datamarts' retrieved from /opt/airflow/dags/dashboard.py
[2026-03-09T19:59:48.434+0000] {logging_mixin.py:188} INFO - [2026-03-09T19:59:48.434+0000] {dag.py:3089} INFO - Sync 1 DAGs
[2026-03-09T19:59:48.449+0000] {logging_mixin.py:188} INFO - [2026-03-09T19:59:48.448+0000] {dag.py:3947} INFO - Setting next_dagrun for 3_build_datamarts to 2026-03-09 00:00:00+00:00, run_after=2026-03-10 00:00:00+00:00
[2026-03-09T19:59:48.468+0000] {processor.py:183} INFO - Processing /opt/airflow/dags/dashboard.py took 0.080 seconds
[2026-03-09T20:00:18.635+0000] {processor.py:161} INFO - Started process (PID=67) to work on /opt/airflow/dags/dashboard.py
[2026-03-09T20:00:18.635+0000] {processor.py:830} INFO - Processing file /opt/airflow/dags/dashboard.py for tasks to queue
[2026-03-09T20:00:18.636+0000] {logging_mixin.py:188} INFO - [2026-03-09T20:00:18.636+0000] {dagbag.py:545} INFO - Filling up the DagBag from /opt/airflow/dags/dashboard.py
[2026-03-09T20:00:18.648+0000] {processor.py:840} INFO - DAG(s) '3_build_datamarts' retrieved from /opt/airflow/dags/dashboard.py
[2026-03-09T20:00:18.667+0000] {logging_mixin.py:188} INFO - [2026-03-09T20:00:18.666+0000] {dag.py:3089} INFO - Sync 1 DAGs
[2026-03-09T20:00:18.680+0000] {logging_mixin.py:188} INFO - [2026-03-09T20:00:18.680+0000] {dag.py:3947} INFO - Setting next_dagrun for 3_build_datamarts to 2026-03-09 00:00:00+00:00, run_after=2026-03-10 00:00:00+00:00
[2026-03-09T20:00:18.692+0000] {processor.py:183} INFO - Processing /opt/airflow/dags/dashboard.py took 0.061 seconds
[2026-03-09T20:05:18.351+0000] {processor.py:161} INFO - Started process (PID=43) to work on /opt/airflow/dags/dashboard.py
[2026-03-09T20:05:18.353+0000] {processor.py:830} INFO - Processing file /opt/airflow/dags/dashboard.py for tasks to queue
[2026-03-09T20:05:18.354+0000] {logging_mixin.py:188} INFO - [2026-03-09T20:05:18.354+0000] {dagbag.py:545} INFO - Filling up the DagBag from /opt/airflow/dags/dashboard.py
[2026-03-09T20:05:18.371+0000] {processor.py:840} INFO - DAG(s) '3_build_datamarts' retrieved from /opt/airflow/dags/dashboard.py
[2026-03-09T20:05:18.393+0000] {logging_mixin.py:188} INFO - [2026-03-09T20:05:18.393+0000] {dag.py:3089} INFO - Sync 1 DAGs
[2026-03-09T20:05:18.406+0000] {logging_mixin.py:188} INFO - [2026-03-09T20:05:18.406+0000] {dag.py:3947} INFO - Setting next_dagrun for 3_build_datamarts to 2026-03-09 00:00:00+00:00, run_after=2026-03-10 00:00:00+00:00
[2026-03-09T20:05:18.420+0000] {processor.py:183} INFO - Processing /opt/airflow/dags/dashboard.py took 0.073 seconds
[2026-03-09T20:05:49.010+0000] {processor.py:161} INFO - Started process (PID=46) to work on /opt/airflow/dags/dashboard.py
[2026-03-09T20:05:49.011+0000] {processor.py:830} INFO - Processing file /opt/airflow/dags/dashboard.py for tasks to queue
[2026-03-09T20:05:49.013+0000] {logging_mixin.py:188} INFO - [2026-03-09T20:05:49.013+0000] {dagbag.py:545} INFO - Filling up the DagBag from /opt/airflow/dags/dashboard.py
[2026-03-09T20:05:49.028+0000] {processor.py:840} INFO - DAG(s) '3_build_datamarts' retrieved from /opt/airflow/dags/dashboard.py
[2026-03-09T20:05:49.094+0000] {logging_mixin.py:188} INFO - [2026-03-09T20:05:49.094+0000] {dag.py:3089} INFO - Sync 1 DAGs
[2026-03-09T20:05:49.106+0000] {logging_mixin.py:188} INFO - [2026-03-09T20:05:49.106+0000] {dag.py:3947} INFO - Setting next_dagrun for 3_build_datamarts to 2026-03-09 00:00:00+00:00, run_after=2026-03-10 00:00:00+00:00
[2026-03-09T20:05:49.121+0000] {processor.py:183} INFO - Processing /opt/airflow/dags/dashboard.py took 0.117 seconds
[2026-03-09T20:06:19.292+0000] {processor.py:161} INFO - Started process (PID=49) to work on /opt/airflow/dags/dashboard.py
[2026-03-09T20:06:19.294+0000] {processor.py:830} INFO - Processing file /opt/airflow/dags/dashboard.py for tasks to queue
[2026-03-09T20:06:19.296+0000] {logging_mixin.py:188} INFO - [2026-03-09T20:06:19.295+0000] {dagbag.py:545} INFO - Filling up the DagBag from /opt/airflow/dags/dashboard.py
[2026-03-09T20:06:19.314+0000] {processor.py:840} INFO - DAG(s) '3_build_datamarts' retrieved from /opt/airflow/dags/dashboard.py
[2026-03-09T20:06:19.333+0000] {logging_mixin.py:188} INFO - [2026-03-09T20:06:19.333+0000] {dag.py:3089} INFO - Sync 1 DAGs
[2026-03-09T20:06:19.348+0000] {logging_mixin.py:188} INFO - [2026-03-09T20:06:19.347+0000] {dag.py:3947} INFO - Setting next_dagrun for 3_build_datamarts to 2026-03-09 00:00:00+00:00, run_after=2026-03-10 00:00:00+00:00
[2026-03-09T20:06:19.363+0000] {processor.py:183} INFO - Processing /opt/airflow/dags/dashboard.py took 0.074 seconds
[2026-03-09T20:06:49.583+0000] {processor.py:161} INFO - Started process (PID=52) to work on /opt/airflow/dags/dashboard.py
[2026-03-09T20:06:49.584+0000] {processor.py:830} INFO - Processing file /opt/airflow/dags/dashboard.py for tasks to queue
[2026-03-09T20:06:49.586+0000] {logging_mixin.py:188} INFO - [2026-03-09T20:06:49.585+0000] {dagbag.py:545} INFO - Filling up the DagBag from /opt/airflow/dags/dashboard.py
[2026-03-09T20:06:49.602+0000] {processor.py:840} INFO - DAG(s) '3_build_datamarts' retrieved from /opt/airflow/dags/dashboard.py
[2026-03-09T20:06:49.620+0000] {logging_mixin.py:188} INFO - [2026-03-09T20:06:49.620+0000] {dag.py:3089} INFO - Sync 1 DAGs
[2026-03-09T20:06:49.636+0000] {logging_mixin.py:188} INFO - [2026-03-09T20:06:49.636+0000] {dag.py:3947} INFO - Setting next_dagrun for 3_build_datamarts to 2026-03-09 00:00:00+00:00, run_after=2026-03-10 00:00:00+00:00
[2026-03-09T20:06:49.651+0000] {processor.py:183} INFO - Processing /opt/airflow/dags/dashboard.py took 0.071 seconds
[2026-03-09T20:07:19.832+0000] {processor.py:161} INFO - Started process (PID=55) to work on /opt/airflow/dags/dashboard.py
[2026-03-09T20:07:19.833+0000] {processor.py:830} INFO - Processing file /opt/airflow/dags/dashboard.py for tasks to queue
[2026-03-09T20:07:19.834+0000] {logging_mixin.py:188} INFO - [2026-03-09T20:07:19.834+0000] {dagbag.py:545} INFO - Filling up the DagBag from /opt/airflow/dags/dashboard.py
[2026-03-09T20:07:19.849+0000] {processor.py:840} INFO - DAG(s) '3_build_datamarts' retrieved from /opt/airflow/dags/dashboard.py
[2026-03-09T20:07:19.868+0000] {logging_mixin.py:188} INFO - [2026-03-09T20:07:19.867+0000] {dag.py:3089} INFO - Sync 1 DAGs
[2026-03-09T20:07:19.882+0000] {logging_mixin.py:188} INFO - [2026-03-09T20:07:19.881+0000] {dag.py:3947} INFO - Setting next_dagrun for 3_build_datamarts to 2026-03-09 00:00:00+00:00, run_after=2026-03-10 00:00:00+00:00
[2026-03-09T20:07:19.894+0000] {processor.py:183} INFO - Processing /opt/airflow/dags/dashboard.py took 0.065 seconds
[2026-03-09T20:07:50.061+0000] {processor.py:161} INFO - Started process (PID=58) to work on /opt/airflow/dags/dashboard.py
[2026-03-09T20:07:50.062+0000] {processor.py:830} INFO - Processing file /opt/airflow/dags/dashboard.py for tasks to queue
[2026-03-09T20:07:50.064+0000] {logging_mixin.py:188} INFO - [2026-03-09T20:07:50.063+0000] {dagbag.py:545} INFO - Filling up the DagBag from /opt/airflow/dags/dashboard.py
[2026-03-09T20:07:50.076+0000] {processor.py:840} INFO - DAG(s) '3_build_datamarts' retrieved from /opt/airflow/dags/dashboard.py
[2026-03-09T20:07:50.094+0000] {logging_mixin.py:188} INFO - [2026-03-09T20:07:50.094+0000] {dag.py:3089} INFO - Sync 1 DAGs
[2026-03-09T20:07:50.109+0000] {logging_mixin.py:188} INFO - [2026-03-09T20:07:50.109+0000] {dag.py:3947} INFO - Setting next_dagrun for 3_build_datamarts to 2026-03-09 00:00:00+00:00, run_after=2026-03-10 00:00:00+00:00
[2026-03-09T20:07:50.125+0000] {processor.py:183} INFO - Processing /opt/airflow/dags/dashboard.py took 0.068 seconds
[2026-03-09T20:08:20.338+0000] {processor.py:161} INFO - Started process (PID=73) to work on /opt/airflow/dags/dashboard.py
[2026-03-09T20:08:20.338+0000] {processor.py:830} INFO - Processing file /opt/airflow/dags/dashboard.py for tasks to queue
[2026-03-09T20:08:20.339+0000] {logging_mixin.py:188} INFO - [2026-03-09T20:08:20.339+0000] {dagbag.py:545} INFO - Filling up the DagBag from /opt/airflow/dags/dashboard.py
[2026-03-09T20:08:20.353+0000] {processor.py:840} INFO - DAG(s) '3_build_datamarts' retrieved from /opt/airflow/dags/dashboard.py
[2026-03-09T20:08:20.371+0000] {logging_mixin.py:188} INFO - [2026-03-09T20:08:20.371+0000] {dag.py:3089} INFO - Sync 1 DAGs
[2026-03-09T20:08:20.385+0000] {logging_mixin.py:188} INFO - [2026-03-09T20:08:20.385+0000] {dag.py:3947} INFO - Setting next_dagrun for 3_build_datamarts to 2026-03-09 00:00:00+00:00, run_after=2026-03-10 00:00:00+00:00
[2026-03-09T20:08:20.400+0000] {processor.py:183} INFO - Processing /opt/airflow/dags/dashboard.py took 0.067 seconds
[2026-03-09T20:08:50.615+0000] {processor.py:161} INFO - Started process (PID=77) to work on /opt/airflow/dags/dashboard.py
[2026-03-09T20:08:50.615+0000] {processor.py:830} INFO - Processing file /opt/airflow/dags/dashboard.py for tasks to queue
[2026-03-09T20:08:50.617+0000] {logging_mixin.py:188} INFO - [2026-03-09T20:08:50.617+0000] {dagbag.py:545} INFO - Filling up the DagBag from /opt/airflow/dags/dashboard.py
[2026-03-09T20:08:50.634+0000] {processor.py:840} INFO - DAG(s) '3_build_datamarts' retrieved from /opt/airflow/dags/dashboard.py
[2026-03-09T20:08:50.654+0000] {logging_mixin.py:188} INFO - [2026-03-09T20:08:50.654+0000] {dag.py:3089} INFO - Sync 1 DAGs
[2026-03-09T20:08:50.668+0000] {logging_mixin.py:188} INFO - [2026-03-09T20:08:50.668+0000] {dag.py:3947} INFO - Setting next_dagrun for 3_build_datamarts to 2026-03-09 00:00:00+00:00, run_after=2026-03-10 00:00:00+00:00
[2026-03-09T20:08:50.682+0000] {processor.py:183} INFO - Processing /opt/airflow/dags/dashboard.py took 0.073 seconds
[2026-03-09T20:09:20.879+0000] {processor.py:161} INFO - Started process (PID=121) to work on /opt/airflow/dags/dashboard.py
[2026-03-09T20:09:20.879+0000] {processor.py:830} INFO - Processing file /opt/airflow/dags/dashboard.py for tasks to queue
[2026-03-09T20:09:20.881+0000] {logging_mixin.py:188} INFO - [2026-03-09T20:09:20.881+0000] {dagbag.py:545} INFO - Filling up the DagBag from /opt/airflow/dags/dashboard.py
[2026-03-09T20:09:20.894+0000] {processor.py:840} INFO - DAG(s) '3_build_datamarts' retrieved from /opt/airflow/dags/dashboard.py
[2026-03-09T20:09:20.911+0000] {logging_mixin.py:188} INFO - [2026-03-09T20:09:20.911+0000] {dag.py:3089} INFO - Sync 1 DAGs
[2026-03-09T20:09:20.926+0000] {logging_mixin.py:188} INFO - [2026-03-09T20:09:20.925+0000] {dag.py:3947} INFO - Setting next_dagrun for 3_build_datamarts to 2026-03-09 00:00:00+00:00, run_after=2026-03-10 00:00:00+00:00
[2026-03-09T20:09:20.938+0000] {processor.py:183} INFO - Processing /opt/airflow/dags/dashboard.py took 0.063 seconds
[2026-03-09T20:09:51.138+0000] {processor.py:161} INFO - Started process (PID=124) to work on /opt/airflow/dags/dashboard.py
[2026-03-09T20:09:51.139+0000] {processor.py:830} INFO - Processing file /opt/airflow/dags/dashboard.py for tasks to queue
[2026-03-09T20:09:51.140+0000] {logging_mixin.py:188} INFO - [2026-03-09T20:09:51.140+0000] {dagbag.py:545} INFO - Filling up the DagBag from /opt/airflow/dags/dashboard.py
[2026-03-09T20:09:51.152+0000] {processor.py:840} INFO - DAG(s) '3_build_datamarts' retrieved from /opt/airflow/dags/dashboard.py
[2026-03-09T20:09:51.168+0000] {logging_mixin.py:188} INFO - [2026-03-09T20:09:51.168+0000] {dag.py:3089} INFO - Sync 1 DAGs
[2026-03-09T20:09:51.181+0000] {logging_mixin.py:188} INFO - [2026-03-09T20:09:51.181+0000] {dag.py:3947} INFO - Setting next_dagrun for 3_build_datamarts to 2026-03-09 00:00:00+00:00, run_after=2026-03-10 00:00:00+00:00
[2026-03-09T20:09:51.193+0000] {processor.py:183} INFO - Processing /opt/airflow/dags/dashboard.py took 0.058 seconds
[2026-03-09T20:10:21.397+0000] {processor.py:161} INFO - Started process (PID=127) to work on /opt/airflow/dags/dashboard.py
[2026-03-09T20:10:21.398+0000] {processor.py:830} INFO - Processing file /opt/airflow/dags/dashboard.py for tasks to queue
[2026-03-09T20:10:21.399+0000] {logging_mixin.py:188} INFO - [2026-03-09T20:10:21.399+0000] {dagbag.py:545} INFO - Filling up the DagBag from /opt/airflow/dags/dashboard.py
[2026-03-09T20:10:21.413+0000] {processor.py:840} INFO - DAG(s) '3_build_datamarts' retrieved from /opt/airflow/dags/dashboard.py
[2026-03-09T20:10:21.431+0000] {logging_mixin.py:188} INFO - [2026-03-09T20:10:21.431+0000] {dag.py:3089} INFO - Sync 1 DAGs
[2026-03-09T20:10:21.444+0000] {logging_mixin.py:188} INFO - [2026-03-09T20:10:21.444+0000] {dag.py:3947} INFO - Setting next_dagrun for 3_build_datamarts to 2026-03-09 00:00:00+00:00, run_after=2026-03-10 00:00:00+00:00
[2026-03-09T20:10:21.456+0000] {processor.py:183} INFO - Processing /opt/airflow/dags/dashboard.py took 0.062 seconds
[2026-03-09T20:10:51.635+0000] {processor.py:161} INFO - Started process (PID=130) to work on /opt/airflow/dags/dashboard.py
[2026-03-09T20:10:51.636+0000] {processor.py:830} INFO - Processing file /opt/airflow/dags/dashboard.py for tasks to queue
[2026-03-09T20:10:51.637+0000] {logging_mixin.py:188} INFO - [2026-03-09T20:10:51.637+0000] {dagbag.py:545} INFO - Filling up the DagBag from /opt/airflow/dags/dashboard.py
[2026-03-09T20:10:51.651+0000] {processor.py:840} INFO - DAG(s) '3_build_datamarts' retrieved from /opt/airflow/dags/dashboard.py
[2026-03-09T20:10:51.668+0000] {logging_mixin.py:188} INFO - [2026-03-09T20:10:51.668+0000] {dag.py:3089} INFO - Sync 1 DAGs
[2026-03-09T20:10:51.681+0000] {logging_mixin.py:188} INFO - [2026-03-09T20:10:51.680+0000] {dag.py:3947} INFO - Setting next_dagrun for 3_build_datamarts to 2026-03-09 00:00:00+00:00, run_after=2026-03-10 00:00:00+00:00
[2026-03-09T20:10:51.696+0000] {processor.py:183} INFO - Processing /opt/airflow/dags/dashboard.py took 0.064 seconds
[2026-03-09T20:11:21.874+0000] {processor.py:161} INFO - Started process (PID=133) to work on /opt/airflow/dags/dashboard.py
[2026-03-09T20:11:21.875+0000] {processor.py:830} INFO - Processing file /opt/airflow/dags/dashboard.py for tasks to queue
[2026-03-09T20:11:21.876+0000] {logging_mixin.py:188} INFO - [2026-03-09T20:11:21.876+0000] {dagbag.py:545} INFO - Filling up the DagBag from /opt/airflow/dags/dashboard.py
[2026-03-09T20:11:21.888+0000] {processor.py:840} INFO - DAG(s) '3_build_datamarts' retrieved from /opt/airflow/dags/dashboard.py
[2026-03-09T20:11:21.905+0000] {logging_mixin.py:188} INFO - [2026-03-09T20:11:21.905+0000] {dag.py:3089} INFO - Sync 1 DAGs
[2026-03-09T20:11:21.918+0000] {logging_mixin.py:188} INFO - [2026-03-09T20:11:21.918+0000] {dag.py:3947} INFO - Setting next_dagrun for 3_build_datamarts to 2026-03-09 00:00:00+00:00, run_after=2026-03-10 00:00:00+00:00
[2026-03-09T20:11:21.931+0000] {processor.py:183} INFO - Processing /opt/airflow/dags/dashboard.py took 0.061 seconds
[2026-03-09T20:11:52.124+0000] {processor.py:161} INFO - Started process (PID=136) to work on /opt/airflow/dags/dashboard.py
[2026-03-09T20:11:52.124+0000] {processor.py:830} INFO - Processing file /opt/airflow/dags/dashboard.py for tasks to queue
[2026-03-09T20:11:52.126+0000] {logging_mixin.py:188} INFO - [2026-03-09T20:11:52.125+0000] {dagbag.py:545} INFO - Filling up the DagBag from /opt/airflow/dags/dashboard.py
[2026-03-09T20:11:52.139+0000] {processor.py:840} INFO - DAG(s) '3_build_datamarts' retrieved from /opt/airflow/dags/dashboard.py
[2026-03-09T20:11:52.158+0000] {logging_mixin.py:188} INFO - [2026-03-09T20:11:52.157+0000] {dag.py:3089} INFO - Sync 1 DAGs
[2026-03-09T20:11:52.173+0000] {logging_mixin.py:188} INFO - [2026-03-09T20:11:52.173+0000] {dag.py:3947} INFO - Setting next_dagrun for 3_build_datamarts to 2026-03-09 00:00:00+00:00, run_after=2026-03-10 00:00:00+00:00
[2026-03-09T20:11:52.186+0000] {processor.py:183} INFO - Processing /opt/airflow/dags/dashboard.py took 0.068 seconds
[2026-03-09T20:12:22.368+0000] {processor.py:161} INFO - Started process (PID=139) to work on /opt/airflow/dags/dashboard.py
[2026-03-09T20:12:22.369+0000] {processor.py:830} INFO - Processing file /opt/airflow/dags/dashboard.py for tasks to queue
[2026-03-09T20:12:22.370+0000] {logging_mixin.py:188} INFO - [2026-03-09T20:12:22.370+0000] {dagbag.py:545} INFO - Filling up the DagBag from /opt/airflow/dags/dashboard.py
[2026-03-09T20:12:22.389+0000] {processor.py:840} INFO - DAG(s) '3_build_datamarts' retrieved from /opt/airflow/dags/dashboard.py
[2026-03-09T20:12:22.408+0000] {logging_mixin.py:188} INFO - [2026-03-09T20:12:22.408+0000] {dag.py:3089} INFO - Sync 1 DAGs
[2026-03-09T20:12:22.422+0000] {logging_mixin.py:188} INFO - [2026-03-09T20:12:22.422+0000] {dag.py:3947} INFO - Setting next_dagrun for 3_build_datamarts to 2026-03-09 00:00:00+00:00, run_after=2026-03-10 00:00:00+00:00
[2026-03-09T20:12:22.439+0000] {processor.py:183} INFO - Processing /opt/airflow/dags/dashboard.py took 0.075 seconds
[2026-03-09T20:12:52.634+0000] {processor.py:161} INFO - Started process (PID=142) to work on /opt/airflow/dags/dashboard.py
[2026-03-09T20:12:52.635+0000] {processor.py:830} INFO - Processing file /opt/airflow/dags/dashboard.py for tasks to queue
[2026-03-09T20:12:52.636+0000] {logging_mixin.py:188} INFO - [2026-03-09T20:12:52.636+0000] {dagbag.py:545} INFO - Filling up the DagBag from /opt/airflow/dags/dashboard.py
[2026-03-09T20:12:52.653+0000] {processor.py:840} INFO - DAG(s) '3_build_datamarts' retrieved from /opt/airflow/dags/dashboard.py
[2026-03-09T20:12:52.670+0000] {logging_mixin.py:188} INFO - [2026-03-09T20:12:52.670+0000] {dag.py:3089} INFO - Sync 1 DAGs
[2026-03-09T20:12:52.686+0000] {logging_mixin.py:188} INFO - [2026-03-09T20:12:52.685+0000] {dag.py:3947} INFO - Setting next_dagrun for 3_build_datamarts to 2026-03-09 00:00:00+00:00, run_after=2026-03-10 00:00:00+00:00
[2026-03-09T20:12:52.703+0000] {processor.py:183} INFO - Processing /opt/airflow/dags/dashboard.py took 0.072 seconds
[2026-03-09T20:13:22.902+0000] {processor.py:161} INFO - Started process (PID=145) to work on /opt/airflow/dags/dashboard.py
[2026-03-09T20:13:22.903+0000] {processor.py:830} INFO - Processing file /opt/airflow/dags/dashboard.py for tasks to queue
[2026-03-09T20:13:22.904+0000] {logging_mixin.py:188} INFO - [2026-03-09T20:13:22.904+0000] {dagbag.py:545} INFO - Filling up the DagBag from /opt/airflow/dags/dashboard.py
[2026-03-09T20:13:22.937+0000] {processor.py:840} INFO - DAG(s) '3_build_datamarts' retrieved from /opt/airflow/dags/dashboard.py
[2026-03-09T20:13:22.958+0000] {logging_mixin.py:188} INFO - [2026-03-09T20:13:22.958+0000] {dag.py:3089} INFO - Sync 1 DAGs
[2026-03-09T20:13:22.973+0000] {logging_mixin.py:188} INFO - [2026-03-09T20:13:22.973+0000] {dag.py:3947} INFO - Setting next_dagrun for 3_build_datamarts to 2026-03-09 00:00:00+00:00, run_after=2026-03-10 00:00:00+00:00
[2026-03-09T20:13:22.990+0000] {processor.py:183} INFO - Processing /opt/airflow/dags/dashboard.py took 0.093 seconds
[2026-03-09T20:14:37.113+0000] {processor.py:161} INFO - Started process (PID=44) to work on /opt/airflow/dags/dashboard.py
[2026-03-09T20:14:37.114+0000] {processor.py:830} INFO - Processing file /opt/airflow/dags/dashboard.py for tasks to queue
[2026-03-09T20:14:37.115+0000] {logging_mixin.py:188} INFO - [2026-03-09T20:14:37.115+0000] {dagbag.py:545} INFO - Filling up the DagBag from /opt/airflow/dags/dashboard.py
[2026-03-09T20:14:37.129+0000] {processor.py:840} INFO - DAG(s) '3_build_datamarts' retrieved from /opt/airflow/dags/dashboard.py
[2026-03-09T20:14:37.151+0000] {logging_mixin.py:188} INFO - [2026-03-09T20:14:37.151+0000] {dag.py:3089} INFO - Sync 1 DAGs
[2026-03-09T20:14:37.166+0000] {logging_mixin.py:188} INFO - [2026-03-09T20:14:37.166+0000] {dag.py:3947} INFO - Setting next_dagrun for 3_build_datamarts to 2026-03-09 00:00:00+00:00, run_after=2026-03-10 00:00:00+00:00
[2026-03-09T20:14:37.181+0000] {processor.py:183} INFO - Processing /opt/airflow/dags/dashboard.py took 0.073 seconds
[2026-03-09T20:15:07.808+0000] {processor.py:161} INFO - Started process (PID=64) to work on /opt/airflow/dags/dashboard.py
[2026-03-09T20:15:07.810+0000] {processor.py:830} INFO - Processing file /opt/airflow/dags/dashboard.py for tasks to queue
[2026-03-09T20:15:07.811+0000] {logging_mixin.py:188} INFO - [2026-03-09T20:15:07.811+0000] {dagbag.py:545} INFO - Filling up the DagBag from /opt/airflow/dags/dashboard.py
[2026-03-09T20:15:07.824+0000] {processor.py:840} INFO - DAG(s) '3_build_datamarts' retrieved from /opt/airflow/dags/dashboard.py
[2026-03-09T20:15:07.888+0000] {logging_mixin.py:188} INFO - [2026-03-09T20:15:07.888+0000] {dag.py:3089} INFO - Sync 1 DAGs
[2026-03-09T20:15:07.898+0000] {logging_mixin.py:188} INFO - [2026-03-09T20:15:07.898+0000] {dag.py:3947} INFO - Setting next_dagrun for 3_build_datamarts to 2026-03-09 00:00:00+00:00, run_after=2026-03-10 00:00:00+00:00
[2026-03-09T20:15:07.910+0000] {processor.py:183} INFO - Processing /opt/airflow/dags/dashboard.py took 0.106 seconds
[2026-03-09T20:15:38.137+0000] {processor.py:161} INFO - Started process (PID=67) to work on /opt/airflow/dags/dashboard.py
[2026-03-09T20:15:38.138+0000] {processor.py:830} INFO - Processing file /opt/airflow/dags/dashboard.py for tasks to queue
[2026-03-09T20:15:38.140+0000] {logging_mixin.py:188} INFO - [2026-03-09T20:15:38.140+0000] {dagbag.py:545} INFO - Filling up the DagBag from /opt/airflow/dags/dashboard.py
[2026-03-09T20:15:38.152+0000] {processor.py:840} INFO - DAG(s) '3_build_datamarts' retrieved from /opt/airflow/dags/dashboard.py
[2026-03-09T20:15:38.168+0000] {logging_mixin.py:188} INFO - [2026-03-09T20:15:38.168+0000] {dag.py:3089} INFO - Sync 1 DAGs
[2026-03-09T20:15:38.181+0000] {logging_mixin.py:188} INFO - [2026-03-09T20:15:38.181+0000] {dag.py:3947} INFO - Setting next_dagrun for 3_build_datamarts to 2026-03-09 00:00:00+00:00, run_after=2026-03-10 00:00:00+00:00
[2026-03-09T20:15:38.192+0000] {processor.py:183} INFO - Processing /opt/airflow/dags/dashboard.py took 0.059 seconds
[2026-03-09T20:16:08.375+0000] {processor.py:161} INFO - Started process (PID=70) to work on /opt/airflow/dags/dashboard.py
[2026-03-09T20:16:08.376+0000] {processor.py:830} INFO - Processing file /opt/airflow/dags/dashboard.py for tasks to queue
[2026-03-09T20:16:08.377+0000] {logging_mixin.py:188} INFO - [2026-03-09T20:16:08.377+0000] {dagbag.py:545} INFO - Filling up the DagBag from /opt/airflow/dags/dashboard.py
[2026-03-09T20:16:08.389+0000] {processor.py:840} INFO - DAG(s) '3_build_datamarts' retrieved from /opt/airflow/dags/dashboard.py
[2026-03-09T20:16:08.406+0000] {logging_mixin.py:188} INFO - [2026-03-09T20:16:08.406+0000] {dag.py:3089} INFO - Sync 1 DAGs
[2026-03-09T20:16:08.420+0000] {logging_mixin.py:188} INFO - [2026-03-09T20:16:08.420+0000] {dag.py:3947} INFO - Setting next_dagrun for 3_build_datamarts to 2026-03-09 00:00:00+00:00, run_after=2026-03-10 00:00:00+00:00
[2026-03-09T20:16:08.432+0000] {processor.py:183} INFO - Processing /opt/airflow/dags/dashboard.py took 0.061 seconds
[2026-03-09T20:16:38.660+0000] {processor.py:161} INFO - Started process (PID=73) to work on /opt/airflow/dags/dashboard.py
[2026-03-09T20:16:38.661+0000] {processor.py:830} INFO - Processing file /opt/airflow/dags/dashboard.py for tasks to queue
[2026-03-09T20:16:38.662+0000] {logging_mixin.py:188} INFO - [2026-03-09T20:16:38.662+0000] {dagbag.py:545} INFO - Filling up the DagBag from /opt/airflow/dags/dashboard.py
[2026-03-09T20:16:38.675+0000] {processor.py:840} INFO - DAG(s) '3_build_datamarts' retrieved from /opt/airflow/dags/dashboard.py
[2026-03-09T20:16:38.693+0000] {logging_mixin.py:188} INFO - [2026-03-09T20:16:38.693+0000] {dag.py:3089} INFO - Sync 1 DAGs
[2026-03-09T20:16:38.705+0000] {logging_mixin.py:188} INFO - [2026-03-09T20:16:38.705+0000] {dag.py:3947} INFO - Setting next_dagrun for 3_build_datamarts to 2026-03-09 00:00:00+00:00, run_after=2026-03-10 00:00:00+00:00
[2026-03-09T20:16:38.718+0000] {processor.py:183} INFO - Processing /opt/airflow/dags/dashboard.py took 0.061 seconds
[2026-03-09T20:17:08.877+0000] {processor.py:161} INFO - Started process (PID=76) to work on /opt/airflow/dags/dashboard.py
[2026-03-09T20:17:08.878+0000] {processor.py:830} INFO - Processing file /opt/airflow/dags/dashboard.py for tasks to queue
[2026-03-09T20:17:08.879+0000] {logging_mixin.py:188} INFO - [2026-03-09T20:17:08.879+0000] {dagbag.py:545} INFO - Filling up the DagBag from /opt/airflow/dags/dashboard.py
[2026-03-09T20:17:08.890+0000] {processor.py:840} INFO - DAG(s) '3_build_datamarts' retrieved from /opt/airflow/dags/dashboard.py
[2026-03-09T20:17:08.905+0000] {logging_mixin.py:188} INFO - [2026-03-09T20:17:08.905+0000] {dag.py:3089} INFO - Sync 1 DAGs
[2026-03-09T20:17:08.918+0000] {logging_mixin.py:188} INFO - [2026-03-09T20:17:08.918+0000] {dag.py:3947} INFO - Setting next_dagrun for 3_build_datamarts to 2026-03-09 00:00:00+00:00, run_after=2026-03-10 00:00:00+00:00
[2026-03-09T20:17:08.930+0000] {processor.py:183} INFO - Processing /opt/airflow/dags/dashboard.py took 0.057 seconds
[2026-03-09T20:17:39.128+0000] {processor.py:161} INFO - Started process (PID=79) to work on /opt/airflow/dags/dashboard.py
[2026-03-09T20:17:39.129+0000] {processor.py:830} INFO - Processing file /opt/airflow/dags/dashboard.py for tasks to queue
[2026-03-09T20:17:39.130+0000] {logging_mixin.py:188} INFO - [2026-03-09T20:17:39.130+0000] {dagbag.py:545} INFO - Filling up the DagBag from /opt/airflow/dags/dashboard.py
[2026-03-09T20:17:39.164+0000] {processor.py:840} INFO - DAG(s) '3_build_datamarts' retrieved from /opt/airflow/dags/dashboard.py
[2026-03-09T20:17:39.186+0000] {logging_mixin.py:188} INFO - [2026-03-09T20:17:39.186+0000] {dag.py:3089} INFO - Sync 1 DAGs
[2026-03-09T20:17:39.199+0000] {logging_mixin.py:188} INFO - [2026-03-09T20:17:39.199+0000] {dag.py:3947} INFO - Setting next_dagrun for 3_build_datamarts to 2026-03-09 00:00:00+00:00, run_after=2026-03-10 00:00:00+00:00
[2026-03-09T20:17:39.211+0000] {processor.py:183} INFO - Processing /opt/airflow/dags/dashboard.py took 0.087 seconds
[2026-03-09T20:18:09.394+0000] {processor.py:161} INFO - Started process (PID=82) to work on /opt/airflow/dags/dashboard.py
[2026-03-09T20:18:09.394+0000] {processor.py:830} INFO - Processing file /opt/airflow/dags/dashboard.py for tasks to queue
[2026-03-09T20:18:09.396+0000] {logging_mixin.py:188} INFO - [2026-03-09T20:18:09.396+0000] {dagbag.py:545} INFO - Filling up the DagBag from /opt/airflow/dags/dashboard.py
[2026-03-09T20:18:09.408+0000] {processor.py:840} INFO - DAG(s) '3_build_datamarts' retrieved from /opt/airflow/dags/dashboard.py
[2026-03-09T20:18:09.425+0000] {logging_mixin.py:188} INFO - [2026-03-09T20:18:09.425+0000] {dag.py:3089} INFO - Sync 1 DAGs
[2026-03-09T20:18:09.438+0000] {logging_mixin.py:188} INFO - [2026-03-09T20:18:09.438+0000] {dag.py:3947} INFO - Setting next_dagrun for 3_build_datamarts to 2026-03-09 00:00:00+00:00, run_after=2026-03-10 00:00:00+00:00
[2026-03-09T20:18:09.450+0000] {processor.py:183} INFO - Processing /opt/airflow/dags/dashboard.py took 0.060 seconds
[2026-03-09T20:18:39.650+0000] {processor.py:161} INFO - Started process (PID=85) to work on /opt/airflow/dags/dashboard.py
[2026-03-09T20:18:39.651+0000] {processor.py:830} INFO - Processing file /opt/airflow/dags/dashboard.py for tasks to queue
[2026-03-09T20:18:39.652+0000] {logging_mixin.py:188} INFO - [2026-03-09T20:18:39.652+0000] {dagbag.py:545} INFO - Filling up the DagBag from /opt/airflow/dags/dashboard.py
[2026-03-09T20:18:39.664+0000] {processor.py:840} INFO - DAG(s) '3_build_datamarts' retrieved from /opt/airflow/dags/dashboard.py
[2026-03-09T20:18:39.681+0000] {logging_mixin.py:188} INFO - [2026-03-09T20:18:39.681+0000] {dag.py:3089} INFO - Sync 1 DAGs
[2026-03-09T20:18:39.696+0000] {logging_mixin.py:188} INFO - [2026-03-09T20:18:39.696+0000] {dag.py:3947} INFO - Setting next_dagrun for 3_build_datamarts to 2026-03-09 00:00:00+00:00, run_after=2026-03-10 00:00:00+00:00
[2026-03-09T20:18:39.712+0000] {processor.py:183} INFO - Processing /opt/airflow/dags/dashboard.py took 0.065 seconds
[2026-03-09T20:19:09.930+0000] {processor.py:161} INFO - Started process (PID=88) to work on /opt/airflow/dags/dashboard.py
[2026-03-09T20:19:09.931+0000] {processor.py:830} INFO - Processing file /opt/airflow/dags/dashboard.py for tasks to queue
[2026-03-09T20:19:09.932+0000] {logging_mixin.py:188} INFO - [2026-03-09T20:19:09.931+0000] {dagbag.py:545} INFO - Filling up the DagBag from /opt/airflow/dags/dashboard.py
[2026-03-09T20:19:09.944+0000] {processor.py:840} INFO - DAG(s) '3_build_datamarts' retrieved from /opt/airflow/dags/dashboard.py
[2026-03-09T20:19:09.960+0000] {logging_mixin.py:188} INFO - [2026-03-09T20:19:09.960+0000] {dag.py:3089} INFO - Sync 1 DAGs
[2026-03-09T20:19:09.973+0000] {logging_mixin.py:188} INFO - [2026-03-09T20:19:09.972+0000] {dag.py:3947} INFO - Setting next_dagrun for 3_build_datamarts to 2026-03-09 00:00:00+00:00, run_after=2026-03-10 00:00:00+00:00
[2026-03-09T20:19:09.984+0000] {processor.py:183} INFO - Processing /opt/airflow/dags/dashboard.py took 0.058 seconds
[2026-03-09T20:19:40.175+0000] {processor.py:161} INFO - Started process (PID=91) to work on /opt/airflow/dags/dashboard.py
[2026-03-09T20:19:40.176+0000] {processor.py:830} INFO - Processing file /opt/airflow/dags/dashboard.py for tasks to queue
[2026-03-09T20:19:40.177+0000] {logging_mixin.py:188} INFO - [2026-03-09T20:19:40.177+0000] {dagbag.py:545} INFO - Filling up the DagBag from /opt/airflow/dags/dashboard.py
[2026-03-09T20:19:40.190+0000] {processor.py:840} INFO - DAG(s) '3_build_datamarts' retrieved from /opt/airflow/dags/dashboard.py
[2026-03-09T20:19:40.206+0000] {logging_mixin.py:188} INFO - [2026-03-09T20:19:40.206+0000] {dag.py:3089} INFO - Sync 1 DAGs
[2026-03-09T20:19:40.218+0000] {logging_mixin.py:188} INFO - [2026-03-09T20:19:40.218+0000] {dag.py:3947} INFO - Setting next_dagrun for 3_build_datamarts to 2026-03-09 00:00:00+00:00, run_after=2026-03-10 00:00:00+00:00
[2026-03-09T20:19:40.230+0000] {processor.py:183} INFO - Processing /opt/airflow/dags/dashboard.py took 0.060 seconds
[2026-03-09T20:20:10.441+0000] {processor.py:161} INFO - Started process (PID=94) to work on /opt/airflow/dags/dashboard.py
[2026-03-09T20:20:10.442+0000] {processor.py:830} INFO - Processing file /opt/airflow/dags/dashboard.py for tasks to queue
[2026-03-09T20:20:10.444+0000] {logging_mixin.py:188} INFO - [2026-03-09T20:20:10.444+0000] {dagbag.py:545} INFO - Filling up the DagBag from /opt/airflow/dags/dashboard.py
[2026-03-09T20:20:10.455+0000] {processor.py:840} INFO - DAG(s) '3_build_datamarts' retrieved from /opt/airflow/dags/dashboard.py
[2026-03-09T20:20:10.472+0000] {logging_mixin.py:188} INFO - [2026-03-09T20:20:10.471+0000] {dag.py:3089} INFO - Sync 1 DAGs
[2026-03-09T20:20:10.484+0000] {logging_mixin.py:188} INFO - [2026-03-09T20:20:10.483+0000] {dag.py:3947} INFO - Setting next_dagrun for 3_build_datamarts to 2026-03-09 00:00:00+00:00, run_after=2026-03-10 00:00:00+00:00
[2026-03-09T20:20:10.495+0000] {processor.py:183} INFO - Processing /opt/airflow/dags/dashboard.py took 0.057 seconds
[2026-03-09T20:20:40.682+0000] {processor.py:161} INFO - Started process (PID=97) to work on /opt/airflow/dags/dashboard.py
[2026-03-09T20:20:40.683+0000] {processor.py:830} INFO - Processing file /opt/airflow/dags/dashboard.py for tasks to queue
[2026-03-09T20:20:40.685+0000] {logging_mixin.py:188} INFO - [2026-03-09T20:20:40.684+0000] {dagbag.py:545} INFO - Filling up the DagBag from /opt/airflow/dags/dashboard.py
[2026-03-09T20:20:40.701+0000] {processor.py:840} INFO - DAG(s) '3_build_datamarts' retrieved from /opt/airflow/dags/dashboard.py
[2026-03-09T20:20:40.717+0000] {logging_mixin.py:188} INFO - [2026-03-09T20:20:40.717+0000] {dag.py:3089} INFO - Sync 1 DAGs
[2026-03-09T20:20:40.729+0000] {logging_mixin.py:188} INFO - [2026-03-09T20:20:40.729+0000] {dag.py:3947} INFO - Setting next_dagrun for 3_build_datamarts to 2026-03-09 00:00:00+00:00, run_after=2026-03-10 00:00:00+00:00
[2026-03-09T20:20:40.742+0000] {processor.py:183} INFO - Processing /opt/airflow/dags/dashboard.py took 0.064 seconds
[2026-03-09T20:21:10.951+0000] {processor.py:161} INFO - Started process (PID=100) to work on /opt/airflow/dags/dashboard.py
[2026-03-09T20:21:10.952+0000] {processor.py:830} INFO - Processing file /opt/airflow/dags/dashboard.py for tasks to queue
[2026-03-09T20:21:10.953+0000] {logging_mixin.py:188} INFO - [2026-03-09T20:21:10.953+0000] {dagbag.py:545} INFO - Filling up the DagBag from /opt/airflow/dags/dashboard.py
[2026-03-09T20:21:10.982+0000] {processor.py:840} INFO - DAG(s) '3_build_datamarts' retrieved from /opt/airflow/dags/dashboard.py
[2026-03-09T20:21:10.998+0000] {logging_mixin.py:188} INFO - [2026-03-09T20:21:10.998+0000] {dag.py:3089} INFO - Sync 1 DAGs
[2026-03-09T20:21:11.011+0000] {logging_mixin.py:188} INFO - [2026-03-09T20:21:11.011+0000] {dag.py:3947} INFO - Setting next_dagrun for 3_build_datamarts to 2026-03-09 00:00:00+00:00, run_after=2026-03-10 00:00:00+00:00
[2026-03-09T20:21:11.022+0000] {processor.py:183} INFO - Processing /opt/airflow/dags/dashboard.py took 0.074 seconds
[2026-03-09T20:21:41.232+0000] {processor.py:161} INFO - Started process (PID=103) to work on /opt/airflow/dags/dashboard.py
[2026-03-09T20:21:41.232+0000] {processor.py:830} INFO - Processing file /opt/airflow/dags/dashboard.py for tasks to queue
[2026-03-09T20:21:41.233+0000] {logging_mixin.py:188} INFO - [2026-03-09T20:21:41.233+0000] {dagbag.py:545} INFO - Filling up the DagBag from /opt/airflow/dags/dashboard.py
[2026-03-09T20:21:41.246+0000] {processor.py:840} INFO - DAG(s) '3_build_datamarts' retrieved from /opt/airflow/dags/dashboard.py
[2026-03-09T20:21:41.261+0000] {logging_mixin.py:188} INFO - [2026-03-09T20:21:41.261+0000] {dag.py:3089} INFO - Sync 1 DAGs
[2026-03-09T20:21:41.274+0000] {logging_mixin.py:188} INFO - [2026-03-09T20:21:41.273+0000] {dag.py:3947} INFO - Setting next_dagrun for 3_build_datamarts to 2026-03-09 00:00:00+00:00, run_after=2026-03-10 00:00:00+00:00
[2026-03-09T20:21:41.288+0000] {processor.py:183} INFO - Processing /opt/airflow/dags/dashboard.py took 0.060 seconds
[2026-03-09T20:22:11.482+0000] {processor.py:161} INFO - Started process (PID=106) to work on /opt/airflow/dags/dashboard.py
[2026-03-09T20:22:11.484+0000] {processor.py:830} INFO - Processing file /opt/airflow/dags/dashboard.py for tasks to queue
[2026-03-09T20:22:11.485+0000] {logging_mixin.py:188} INFO - [2026-03-09T20:22:11.485+0000] {dagbag.py:545} INFO - Filling up the DagBag from /opt/airflow/dags/dashboard.py
[2026-03-09T20:22:11.499+0000] {processor.py:840} INFO - DAG(s) '3_build_datamarts' retrieved from /opt/airflow/dags/dashboard.py
[2026-03-09T20:22:11.516+0000] {logging_mixin.py:188} INFO - [2026-03-09T20:22:11.516+0000] {dag.py:3089} INFO - Sync 1 DAGs
[2026-03-09T20:22:11.529+0000] {logging_mixin.py:188} INFO - [2026-03-09T20:22:11.529+0000] {dag.py:3947} INFO - Setting next_dagrun for 3_build_datamarts to 2026-03-09 00:00:00+00:00, run_after=2026-03-10 00:00:00+00:00
[2026-03-09T20:22:11.542+0000] {processor.py:183} INFO - Processing /opt/airflow/dags/dashboard.py took 0.064 seconds
[2026-03-09T20:22:41.745+0000] {processor.py:161} INFO - Started process (PID=109) to work on /opt/airflow/dags/dashboard.py
[2026-03-09T20:22:41.745+0000] {processor.py:830} INFO - Processing file /opt/airflow/dags/dashboard.py for tasks to queue
[2026-03-09T20:22:41.747+0000] {logging_mixin.py:188} INFO - [2026-03-09T20:22:41.746+0000] {dagbag.py:545} INFO - Filling up the DagBag from /opt/airflow/dags/dashboard.py
[2026-03-09T20:22:41.760+0000] {processor.py:840} INFO - DAG(s) '3_build_datamarts' retrieved from /opt/airflow/dags/dashboard.py
[2026-03-09T20:22:41.776+0000] {logging_mixin.py:188} INFO - [2026-03-09T20:22:41.776+0000] {dag.py:3089} INFO - Sync 1 DAGs
[2026-03-09T20:22:41.789+0000] {logging_mixin.py:188} INFO - [2026-03-09T20:22:41.789+0000] {dag.py:3947} INFO - Setting next_dagrun for 3_build_datamarts to 2026-03-09 00:00:00+00:00, run_after=2026-03-10 00:00:00+00:00
[2026-03-09T20:22:41.801+0000] {processor.py:183} INFO - Processing /opt/airflow/dags/dashboard.py took 0.060 seconds
[2026-03-09T20:23:11.993+0000] {processor.py:161} INFO - Started process (PID=112) to work on /opt/airflow/dags/dashboard.py
[2026-03-09T20:23:11.994+0000] {processor.py:830} INFO - Processing file /opt/airflow/dags/dashboard.py for tasks to queue
[2026-03-09T20:23:11.995+0000] {logging_mixin.py:188} INFO - [2026-03-09T20:23:11.995+0000] {dagbag.py:545} INFO - Filling up the DagBag from /opt/airflow/dags/dashboard.py
[2026-03-09T20:23:12.006+0000] {processor.py:840} INFO - DAG(s) '3_build_datamarts' retrieved from /opt/airflow/dags/dashboard.py
[2026-03-09T20:23:12.023+0000] {logging_mixin.py:188} INFO - [2026-03-09T20:23:12.023+0000] {dag.py:3089} INFO - Sync 1 DAGs
[2026-03-09T20:23:12.037+0000] {logging_mixin.py:188} INFO - [2026-03-09T20:23:12.037+0000] {dag.py:3947} INFO - Setting next_dagrun for 3_build_datamarts to 2026-03-09 00:00:00+00:00, run_after=2026-03-10 00:00:00+00:00
[2026-03-09T20:23:12.051+0000] {processor.py:183} INFO - Processing /opt/airflow/dags/dashboard.py took 0.063 seconds
[2026-03-09T20:23:42.225+0000] {processor.py:161} INFO - Started process (PID=115) to work on /opt/airflow/dags/dashboard.py
[2026-03-09T20:23:42.228+0000] {processor.py:830} INFO - Processing file /opt/airflow/dags/dashboard.py for tasks to queue
[2026-03-09T20:23:42.230+0000] {logging_mixin.py:188} INFO - [2026-03-09T20:23:42.229+0000] {dagbag.py:545} INFO - Filling up the DagBag from /opt/airflow/dags/dashboard.py
[2026-03-09T20:23:42.243+0000] {processor.py:840} INFO - DAG(s) '3_build_datamarts' retrieved from /opt/airflow/dags/dashboard.py
[2026-03-09T20:23:42.259+0000] {logging_mixin.py:188} INFO - [2026-03-09T20:23:42.259+0000] {dag.py:3089} INFO - Sync 1 DAGs
[2026-03-09T20:23:42.272+0000] {logging_mixin.py:188} INFO - [2026-03-09T20:23:42.272+0000] {dag.py:3947} INFO - Setting next_dagrun for 3_build_datamarts to 2026-03-09 00:00:00+00:00, run_after=2026-03-10 00:00:00+00:00
[2026-03-09T20:23:42.287+0000] {processor.py:183} INFO - Processing /opt/airflow/dags/dashboard.py took 0.066 seconds
[2026-03-09T20:24:12.460+0000] {processor.py:161} INFO - Started process (PID=118) to work on /opt/airflow/dags/dashboard.py
[2026-03-09T20:24:12.461+0000] {processor.py:830} INFO - Processing file /opt/airflow/dags/dashboard.py for tasks to queue
[2026-03-09T20:24:12.463+0000] {logging_mixin.py:188} INFO - [2026-03-09T20:24:12.462+0000] {dagbag.py:545} INFO - Filling up the DagBag from /opt/airflow/dags/dashboard.py
[2026-03-09T20:24:12.477+0000] {processor.py:840} INFO - DAG(s) '3_build_datamarts' retrieved from /opt/airflow/dags/dashboard.py
[2026-03-09T20:24:12.493+0000] {logging_mixin.py:188} INFO - [2026-03-09T20:24:12.493+0000] {dag.py:3089} INFO - Sync 1 DAGs
[2026-03-09T20:24:12.505+0000] {logging_mixin.py:188} INFO - [2026-03-09T20:24:12.505+0000] {dag.py:3947} INFO - Setting next_dagrun for 3_build_datamarts to 2026-03-09 00:00:00+00:00, run_after=2026-03-10 00:00:00+00:00
[2026-03-09T20:24:12.516+0000] {processor.py:183} INFO - Processing /opt/airflow/dags/dashboard.py took 0.059 seconds
[2026-03-09T20:24:42.694+0000] {processor.py:161} INFO - Started process (PID=121) to work on /opt/airflow/dags/dashboard.py
[2026-03-09T20:24:42.694+0000] {processor.py:830} INFO - Processing file /opt/airflow/dags/dashboard.py for tasks to queue
[2026-03-09T20:24:42.696+0000] {logging_mixin.py:188} INFO - [2026-03-09T20:24:42.695+0000] {dagbag.py:545} INFO - Filling up the DagBag from /opt/airflow/dags/dashboard.py
[2026-03-09T20:24:42.710+0000] {processor.py:840} INFO - DAG(s) '3_build_datamarts' retrieved from /opt/airflow/dags/dashboard.py
[2026-03-09T20:24:42.725+0000] {logging_mixin.py:188} INFO - [2026-03-09T20:24:42.725+0000] {dag.py:3089} INFO - Sync 1 DAGs
[2026-03-09T20:24:42.737+0000] {logging_mixin.py:188} INFO - [2026-03-09T20:24:42.736+0000] {dag.py:3947} INFO - Setting next_dagrun for 3_build_datamarts to 2026-03-09 00:00:00+00:00, run_after=2026-03-10 00:00:00+00:00
[2026-03-09T20:24:42.749+0000] {processor.py:183} INFO - Processing /opt/airflow/dags/dashboard.py took 0.058 seconds
[2026-03-09T20:25:12.922+0000] {processor.py:161} INFO - Started process (PID=124) to work on /opt/airflow/dags/dashboard.py
[2026-03-09T20:25:12.923+0000] {processor.py:830} INFO - Processing file /opt/airflow/dags/dashboard.py for tasks to queue
[2026-03-09T20:25:12.924+0000] {logging_mixin.py:188} INFO - [2026-03-09T20:25:12.924+0000] {dagbag.py:545} INFO - Filling up the DagBag from /opt/airflow/dags/dashboard.py
[2026-03-09T20:25:12.935+0000] {processor.py:840} INFO - DAG(s) '3_build_datamarts' retrieved from /opt/airflow/dags/dashboard.py
[2026-03-09T20:25:12.953+0000] {logging_mixin.py:188} INFO - [2026-03-09T20:25:12.953+0000] {dag.py:3089} INFO - Sync 1 DAGs
[2026-03-09T20:25:12.965+0000] {logging_mixin.py:188} INFO - [2026-03-09T20:25:12.965+0000] {dag.py:3947} INFO - Setting next_dagrun for 3_build_datamarts to 2026-03-09 00:00:00+00:00, run_after=2026-03-10 00:00:00+00:00
[2026-03-09T20:25:12.977+0000] {processor.py:183} INFO - Processing /opt/airflow/dags/dashboard.py took 0.058 seconds
[2026-03-09T20:25:43.163+0000] {processor.py:161} INFO - Started process (PID=127) to work on /opt/airflow/dags/dashboard.py
[2026-03-09T20:25:43.164+0000] {processor.py:830} INFO - Processing file /opt/airflow/dags/dashboard.py for tasks to queue
[2026-03-09T20:25:43.165+0000] {logging_mixin.py:188} INFO - [2026-03-09T20:25:43.165+0000] {dagbag.py:545} INFO - Filling up the DagBag from /opt/airflow/dags/dashboard.py
[2026-03-09T20:25:43.176+0000] {processor.py:840} INFO - DAG(s) '3_build_datamarts' retrieved from /opt/airflow/dags/dashboard.py
[2026-03-09T20:25:43.191+0000] {logging_mixin.py:188} INFO - [2026-03-09T20:25:43.191+0000] {dag.py:3089} INFO - Sync 1 DAGs
[2026-03-09T20:25:43.203+0000] {logging_mixin.py:188} INFO - [2026-03-09T20:25:43.202+0000] {dag.py:3947} INFO - Setting next_dagrun for 3_build_datamarts to 2026-03-09 00:00:00+00:00, run_after=2026-03-10 00:00:00+00:00
[2026-03-09T20:25:43.216+0000] {processor.py:183} INFO - Processing /opt/airflow/dags/dashboard.py took 0.056 seconds
[2026-03-09T20:26:13.469+0000] {processor.py:161} INFO - Started process (PID=130) to work on /opt/airflow/dags/dashboard.py
[2026-03-09T20:26:13.469+0000] {processor.py:830} INFO - Processing file /opt/airflow/dags/dashboard.py for tasks to queue
[2026-03-09T20:26:13.471+0000] {logging_mixin.py:188} INFO - [2026-03-09T20:26:13.471+0000] {dagbag.py:545} INFO - Filling up the DagBag from /opt/airflow/dags/dashboard.py
[2026-03-09T20:26:13.484+0000] {processor.py:840} INFO - DAG(s) '3_build_datamarts' retrieved from /opt/airflow/dags/dashboard.py
[2026-03-09T20:26:13.503+0000] {logging_mixin.py:188} INFO - [2026-03-09T20:26:13.503+0000] {dag.py:3089} INFO - Sync 1 DAGs
[2026-03-09T20:26:13.518+0000] {logging_mixin.py:188} INFO - [2026-03-09T20:26:13.518+0000] {dag.py:3947} INFO - Setting next_dagrun for 3_build_datamarts to 2026-03-09 00:00:00+00:00, run_after=2026-03-10 00:00:00+00:00
[2026-03-09T20:26:13.530+0000] {processor.py:183} INFO - Processing /opt/airflow/dags/dashboard.py took 0.066 seconds
[2026-03-09T20:26:43.722+0000] {processor.py:161} INFO - Started process (PID=133) to work on /opt/airflow/dags/dashboard.py
[2026-03-09T20:26:43.728+0000] {processor.py:830} INFO - Processing file /opt/airflow/dags/dashboard.py for tasks to queue
[2026-03-09T20:26:43.729+0000] {logging_mixin.py:188} INFO - [2026-03-09T20:26:43.729+0000] {dagbag.py:545} INFO - Filling up the DagBag from /opt/airflow/dags/dashboard.py
[2026-03-09T20:26:43.742+0000] {processor.py:840} INFO - DAG(s) '3_build_datamarts' retrieved from /opt/airflow/dags/dashboard.py
[2026-03-09T20:26:43.759+0000] {logging_mixin.py:188} INFO - [2026-03-09T20:26:43.759+0000] {dag.py:3089} INFO - Sync 1 DAGs
[2026-03-09T20:26:43.772+0000] {logging_mixin.py:188} INFO - [2026-03-09T20:26:43.772+0000] {dag.py:3947} INFO - Setting next_dagrun for 3_build_datamarts to 2026-03-09 00:00:00+00:00, run_after=2026-03-10 00:00:00+00:00
[2026-03-09T20:26:43.785+0000] {processor.py:183} INFO - Processing /opt/airflow/dags/dashboard.py took 0.066 seconds
[2026-03-09T20:27:13.960+0000] {processor.py:161} INFO - Started process (PID=136) to work on /opt/airflow/dags/dashboard.py
[2026-03-09T20:27:13.961+0000] {processor.py:830} INFO - Processing file /opt/airflow/dags/dashboard.py for tasks to queue
[2026-03-09T20:27:13.962+0000] {logging_mixin.py:188} INFO - [2026-03-09T20:27:13.962+0000] {dagbag.py:545} INFO - Filling up the DagBag from /opt/airflow/dags/dashboard.py
[2026-03-09T20:27:13.976+0000] {processor.py:840} INFO - DAG(s) '3_build_datamarts' retrieved from /opt/airflow/dags/dashboard.py
[2026-03-09T20:27:13.996+0000] {logging_mixin.py:188} INFO - [2026-03-09T20:27:13.996+0000] {dag.py:3089} INFO - Sync 1 DAGs
[2026-03-09T20:27:14.010+0000] {logging_mixin.py:188} INFO - [2026-03-09T20:27:14.009+0000] {dag.py:3947} INFO - Setting next_dagrun for 3_build_datamarts to 2026-03-09 00:00:00+00:00, run_after=2026-03-10 00:00:00+00:00
[2026-03-09T20:27:14.025+0000] {processor.py:183} INFO - Processing /opt/airflow/dags/dashboard.py took 0.070 seconds
[2026-03-09T20:27:44.187+0000] {processor.py:161} INFO - Started process (PID=139) to work on /opt/airflow/dags/dashboard.py
[2026-03-09T20:27:44.189+0000] {processor.py:830} INFO - Processing file /opt/airflow/dags/dashboard.py for tasks to queue
[2026-03-09T20:27:44.190+0000] {logging_mixin.py:188} INFO - [2026-03-09T20:27:44.190+0000] {dagbag.py:545} INFO - Filling up the DagBag from /opt/airflow/dags/dashboard.py
[2026-03-09T20:27:44.205+0000] {processor.py:840} INFO - DAG(s) '3_build_datamarts' retrieved from /opt/airflow/dags/dashboard.py
[2026-03-09T20:27:44.223+0000] {logging_mixin.py:188} INFO - [2026-03-09T20:27:44.223+0000] {dag.py:3089} INFO - Sync 1 DAGs
[2026-03-09T20:27:44.237+0000] {logging_mixin.py:188} INFO - [2026-03-09T20:27:44.237+0000] {dag.py:3947} INFO - Setting next_dagrun for 3_build_datamarts to 2026-03-09 00:00:00+00:00, run_after=2026-03-10 00:00:00+00:00
[2026-03-09T20:27:44.249+0000] {processor.py:183} INFO - Processing /opt/airflow/dags/dashboard.py took 0.066 seconds
[2026-03-09T20:28:14.512+0000] {processor.py:161} INFO - Started process (PID=142) to work on /opt/airflow/dags/dashboard.py
[2026-03-09T20:28:14.514+0000] {processor.py:830} INFO - Processing file /opt/airflow/dags/dashboard.py for tasks to queue
[2026-03-09T20:28:14.516+0000] {logging_mixin.py:188} INFO - [2026-03-09T20:28:14.516+0000] {dagbag.py:545} INFO - Filling up the DagBag from /opt/airflow/dags/dashboard.py
[2026-03-09T20:28:14.551+0000] {processor.py:840} INFO - DAG(s) '3_build_datamarts' retrieved from /opt/airflow/dags/dashboard.py
[2026-03-09T20:28:14.568+0000] {logging_mixin.py:188} INFO - [2026-03-09T20:28:14.568+0000] {dag.py:3089} INFO - Sync 1 DAGs
[2026-03-09T20:28:14.582+0000] {logging_mixin.py:188} INFO - [2026-03-09T20:28:14.582+0000] {dag.py:3947} INFO - Setting next_dagrun for 3_build_datamarts to 2026-03-09 00:00:00+00:00, run_after=2026-03-10 00:00:00+00:00
[2026-03-09T20:28:14.597+0000] {processor.py:183} INFO - Processing /opt/airflow/dags/dashboard.py took 0.088 seconds
[2026-03-09T20:28:44.815+0000] {processor.py:161} INFO - Started process (PID=145) to work on /opt/airflow/dags/dashboard.py
[2026-03-09T20:28:44.816+0000] {processor.py:830} INFO - Processing file /opt/airflow/dags/dashboard.py for tasks to queue
[2026-03-09T20:28:44.818+0000] {logging_mixin.py:188} INFO - [2026-03-09T20:28:44.817+0000] {dagbag.py:545} INFO - Filling up the DagBag from /opt/airflow/dags/dashboard.py
[2026-03-09T20:28:44.833+0000] {processor.py:840} INFO - DAG(s) '3_build_datamarts' retrieved from /opt/airflow/dags/dashboard.py
[2026-03-09T20:28:44.850+0000] {logging_mixin.py:188} INFO - [2026-03-09T20:28:44.850+0000] {dag.py:3089} INFO - Sync 1 DAGs
[2026-03-09T20:28:44.864+0000] {logging_mixin.py:188} INFO - [2026-03-09T20:28:44.864+0000] {dag.py:3947} INFO - Setting next_dagrun for 3_build_datamarts to 2026-03-09 00:00:00+00:00, run_after=2026-03-10 00:00:00+00:00
[2026-03-09T20:28:44.878+0000] {processor.py:183} INFO - Processing /opt/airflow/dags/dashboard.py took 0.067 seconds
[2026-03-09T20:29:15.058+0000] {processor.py:161} INFO - Started process (PID=148) to work on /opt/airflow/dags/dashboard.py
[2026-03-09T20:29:15.059+0000] {processor.py:830} INFO - Processing file /opt/airflow/dags/dashboard.py for tasks to queue
[2026-03-09T20:29:15.060+0000] {logging_mixin.py:188} INFO - [2026-03-09T20:29:15.060+0000] {dagbag.py:545} INFO - Filling up the DagBag from /opt/airflow/dags/dashboard.py
[2026-03-09T20:29:15.077+0000] {processor.py:840} INFO - DAG(s) '3_build_datamarts' retrieved from /opt/airflow/dags/dashboard.py
[2026-03-09T20:29:15.095+0000] {logging_mixin.py:188} INFO - [2026-03-09T20:29:15.095+0000] {dag.py:3089} INFO - Sync 1 DAGs
[2026-03-09T20:29:15.108+0000] {logging_mixin.py:188} INFO - [2026-03-09T20:29:15.108+0000] {dag.py:3947} INFO - Setting next_dagrun for 3_build_datamarts to 2026-03-09 00:00:00+00:00, run_after=2026-03-10 00:00:00+00:00
[2026-03-09T20:29:15.124+0000] {processor.py:183} INFO - Processing /opt/airflow/dags/dashboard.py took 0.070 seconds
[2026-03-09T20:29:45.322+0000] {processor.py:161} INFO - Started process (PID=151) to work on /opt/airflow/dags/dashboard.py
[2026-03-09T20:29:45.323+0000] {processor.py:830} INFO - Processing file /opt/airflow/dags/dashboard.py for tasks to queue
[2026-03-09T20:29:45.324+0000] {logging_mixin.py:188} INFO - [2026-03-09T20:29:45.324+0000] {dagbag.py:545} INFO - Filling up the DagBag from /opt/airflow/dags/dashboard.py
[2026-03-09T20:29:45.335+0000] {processor.py:840} INFO - DAG(s) '3_build_datamarts' retrieved from /opt/airflow/dags/dashboard.py
[2026-03-09T20:29:45.352+0000] {logging_mixin.py:188} INFO - [2026-03-09T20:29:45.351+0000] {dag.py:3089} INFO - Sync 1 DAGs
[2026-03-09T20:29:45.364+0000] {logging_mixin.py:188} INFO - [2026-03-09T20:29:45.364+0000] {dag.py:3947} INFO - Setting next_dagrun for 3_build_datamarts to 2026-03-09 00:00:00+00:00, run_after=2026-03-10 00:00:00+00:00
[2026-03-09T20:29:45.376+0000] {processor.py:183} INFO - Processing /opt/airflow/dags/dashboard.py took 0.058 seconds
[2026-03-09T20:30:15.540+0000] {processor.py:161} INFO - Started process (PID=154) to work on /opt/airflow/dags/dashboard.py
[2026-03-09T20:30:15.541+0000] {processor.py:830} INFO - Processing file /opt/airflow/dags/dashboard.py for tasks to queue
[2026-03-09T20:30:15.542+0000] {logging_mixin.py:188} INFO - [2026-03-09T20:30:15.542+0000] {dagbag.py:545} INFO - Filling up the DagBag from /opt/airflow/dags/dashboard.py
[2026-03-09T20:30:15.554+0000] {processor.py:840} INFO - DAG(s) '3_build_datamarts' retrieved from /opt/airflow/dags/dashboard.py
[2026-03-09T20:30:15.570+0000] {logging_mixin.py:188} INFO - [2026-03-09T20:30:15.570+0000] {dag.py:3089} INFO - Sync 1 DAGs
[2026-03-09T20:30:15.583+0000] {logging_mixin.py:188} INFO - [2026-03-09T20:30:15.583+0000] {dag.py:3947} INFO - Setting next_dagrun for 3_build_datamarts to 2026-03-09 00:00:00+00:00, run_after=2026-03-10 00:00:00+00:00
[2026-03-09T20:30:15.597+0000] {processor.py:183} INFO - Processing /opt/airflow/dags/dashboard.py took 0.061 seconds
[2026-03-09T20:30:45.803+0000] {processor.py:161} INFO - Started process (PID=157) to work on /opt/airflow/dags/dashboard.py
[2026-03-09T20:30:45.804+0000] {processor.py:830} INFO - Processing file /opt/airflow/dags/dashboard.py for tasks to queue
[2026-03-09T20:30:45.805+0000] {logging_mixin.py:188} INFO - [2026-03-09T20:30:45.805+0000] {dagbag.py:545} INFO - Filling up the DagBag from /opt/airflow/dags/dashboard.py
[2026-03-09T20:30:45.816+0000] {processor.py:840} INFO - DAG(s) '3_build_datamarts' retrieved from /opt/airflow/dags/dashboard.py
[2026-03-09T20:30:45.833+0000] {logging_mixin.py:188} INFO - [2026-03-09T20:30:45.832+0000] {dag.py:3089} INFO - Sync 1 DAGs
[2026-03-09T20:30:45.845+0000] {logging_mixin.py:188} INFO - [2026-03-09T20:30:45.845+0000] {dag.py:3947} INFO - Setting next_dagrun for 3_build_datamarts to 2026-03-09 00:00:00+00:00, run_after=2026-03-10 00:00:00+00:00
[2026-03-09T20:30:45.857+0000] {processor.py:183} INFO - Processing /opt/airflow/dags/dashboard.py took 0.058 seconds
