[2026-03-09T19:56:16.695+0000] {processor.py:161} INFO - Started process (PID=45) to work on /opt/airflow/dags/generate_mongo.py
[2026-03-09T19:56:16.699+0000] {processor.py:830} INFO - Processing file /opt/airflow/dags/generate_mongo.py for tasks to queue
[2026-03-09T19:56:16.700+0000] {logging_mixin.py:188} INFO - [2026-03-09T19:56:16.700+0000] {dagbag.py:545} INFO - Filling up the DagBag from /opt/airflow/dags/generate_mongo.py
[2026-03-09T19:56:16.715+0000] {logging_mixin.py:188} INFO - [2026-03-09T19:56:16.713+0000] {dagbag.py:355} ERROR - Failed to import: /opt/airflow/dags/generate_mongo.py
Traceback (most recent call last):
  File "/home/airflow/.local/lib/python3.12/site-packages/airflow/models/dagbag.py", line 351, in parse
    loader.exec_module(new_module)
  File "<frozen importlib._bootstrap_external>", line 995, in exec_module
  File "<frozen importlib._bootstrap>", line 488, in _call_with_frames_removed
  File "/opt/airflow/dags/generate_mongo.py", line 3, in <module>
    from airflow.providers.mongo.hooks.mongo import MongoHook
ModuleNotFoundError: No module named 'airflow.providers.mongo'
[2026-03-09T19:56:16.716+0000] {processor.py:842} WARNING - No viable dags retrieved from /opt/airflow/dags/generate_mongo.py
[2026-03-09T19:56:16.732+0000] {processor.py:183} INFO - Processing /opt/airflow/dags/generate_mongo.py took 0.040 seconds
[2026-03-09T19:56:46.995+0000] {processor.py:161} INFO - Started process (PID=48) to work on /opt/airflow/dags/generate_mongo.py
[2026-03-09T19:56:46.996+0000] {processor.py:830} INFO - Processing file /opt/airflow/dags/generate_mongo.py for tasks to queue
[2026-03-09T19:56:46.997+0000] {logging_mixin.py:188} INFO - [2026-03-09T19:56:46.997+0000] {dagbag.py:545} INFO - Filling up the DagBag from /opt/airflow/dags/generate_mongo.py
[2026-03-09T19:56:47.005+0000] {logging_mixin.py:188} INFO - [2026-03-09T19:56:47.003+0000] {dagbag.py:355} ERROR - Failed to import: /opt/airflow/dags/generate_mongo.py
Traceback (most recent call last):
  File "/home/airflow/.local/lib/python3.12/site-packages/airflow/models/dagbag.py", line 351, in parse
    loader.exec_module(new_module)
  File "<frozen importlib._bootstrap_external>", line 995, in exec_module
  File "<frozen importlib._bootstrap>", line 488, in _call_with_frames_removed
  File "/opt/airflow/dags/generate_mongo.py", line 3, in <module>
    from airflow.providers.mongo.hooks.mongo import MongoHook
ModuleNotFoundError: No module named 'airflow.providers.mongo'
[2026-03-09T19:56:47.005+0000] {processor.py:842} WARNING - No viable dags retrieved from /opt/airflow/dags/generate_mongo.py
[2026-03-09T19:56:47.018+0000] {processor.py:183} INFO - Processing /opt/airflow/dags/generate_mongo.py took 0.027 seconds
[2026-03-09T19:57:17.211+0000] {processor.py:161} INFO - Started process (PID=51) to work on /opt/airflow/dags/generate_mongo.py
[2026-03-09T19:57:17.211+0000] {processor.py:830} INFO - Processing file /opt/airflow/dags/generate_mongo.py for tasks to queue
[2026-03-09T19:57:17.212+0000] {logging_mixin.py:188} INFO - [2026-03-09T19:57:17.212+0000] {dagbag.py:545} INFO - Filling up the DagBag from /opt/airflow/dags/generate_mongo.py
[2026-03-09T19:57:17.220+0000] {logging_mixin.py:188} INFO - [2026-03-09T19:57:17.218+0000] {dagbag.py:355} ERROR - Failed to import: /opt/airflow/dags/generate_mongo.py
Traceback (most recent call last):
  File "/home/airflow/.local/lib/python3.12/site-packages/airflow/models/dagbag.py", line 351, in parse
    loader.exec_module(new_module)
  File "<frozen importlib._bootstrap_external>", line 995, in exec_module
  File "<frozen importlib._bootstrap>", line 488, in _call_with_frames_removed
  File "/opt/airflow/dags/generate_mongo.py", line 3, in <module>
    from airflow.providers.mongo.hooks.mongo import MongoHook
ModuleNotFoundError: No module named 'airflow.providers.mongo'
[2026-03-09T19:57:17.221+0000] {processor.py:842} WARNING - No viable dags retrieved from /opt/airflow/dags/generate_mongo.py
[2026-03-09T19:57:17.235+0000] {processor.py:183} INFO - Processing /opt/airflow/dags/generate_mongo.py took 0.028 seconds
[2026-03-09T19:57:47.467+0000] {processor.py:161} INFO - Started process (PID=54) to work on /opt/airflow/dags/generate_mongo.py
[2026-03-09T19:57:47.468+0000] {processor.py:830} INFO - Processing file /opt/airflow/dags/generate_mongo.py for tasks to queue
[2026-03-09T19:57:47.469+0000] {logging_mixin.py:188} INFO - [2026-03-09T19:57:47.469+0000] {dagbag.py:545} INFO - Filling up the DagBag from /opt/airflow/dags/generate_mongo.py
[2026-03-09T19:57:47.477+0000] {logging_mixin.py:188} INFO - [2026-03-09T19:57:47.475+0000] {dagbag.py:355} ERROR - Failed to import: /opt/airflow/dags/generate_mongo.py
Traceback (most recent call last):
  File "/home/airflow/.local/lib/python3.12/site-packages/airflow/models/dagbag.py", line 351, in parse
    loader.exec_module(new_module)
  File "<frozen importlib._bootstrap_external>", line 995, in exec_module
  File "<frozen importlib._bootstrap>", line 488, in _call_with_frames_removed
  File "/opt/airflow/dags/generate_mongo.py", line 3, in <module>
    from airflow.providers.mongo.hooks.mongo import MongoHook
ModuleNotFoundError: No module named 'airflow.providers.mongo'
[2026-03-09T19:57:47.478+0000] {processor.py:842} WARNING - No viable dags retrieved from /opt/airflow/dags/generate_mongo.py
[2026-03-09T19:57:47.491+0000] {processor.py:183} INFO - Processing /opt/airflow/dags/generate_mongo.py took 0.027 seconds
[2026-03-09T19:58:17.678+0000] {processor.py:161} INFO - Started process (PID=57) to work on /opt/airflow/dags/generate_mongo.py
[2026-03-09T19:58:17.679+0000] {processor.py:830} INFO - Processing file /opt/airflow/dags/generate_mongo.py for tasks to queue
[2026-03-09T19:58:17.680+0000] {logging_mixin.py:188} INFO - [2026-03-09T19:58:17.680+0000] {dagbag.py:545} INFO - Filling up the DagBag from /opt/airflow/dags/generate_mongo.py
[2026-03-09T19:58:17.688+0000] {logging_mixin.py:188} INFO - [2026-03-09T19:58:17.686+0000] {dagbag.py:355} ERROR - Failed to import: /opt/airflow/dags/generate_mongo.py
Traceback (most recent call last):
  File "/home/airflow/.local/lib/python3.12/site-packages/airflow/models/dagbag.py", line 351, in parse
    loader.exec_module(new_module)
  File "<frozen importlib._bootstrap_external>", line 995, in exec_module
  File "<frozen importlib._bootstrap>", line 488, in _call_with_frames_removed
  File "/opt/airflow/dags/generate_mongo.py", line 3, in <module>
    from airflow.providers.mongo.hooks.mongo import MongoHook
ModuleNotFoundError: No module named 'airflow.providers.mongo'
[2026-03-09T19:58:17.689+0000] {processor.py:842} WARNING - No viable dags retrieved from /opt/airflow/dags/generate_mongo.py
[2026-03-09T19:58:17.701+0000] {processor.py:183} INFO - Processing /opt/airflow/dags/generate_mongo.py took 0.027 seconds
[2026-03-09T19:58:47.929+0000] {processor.py:161} INFO - Started process (PID=60) to work on /opt/airflow/dags/generate_mongo.py
[2026-03-09T19:58:47.930+0000] {processor.py:830} INFO - Processing file /opt/airflow/dags/generate_mongo.py for tasks to queue
[2026-03-09T19:58:47.931+0000] {logging_mixin.py:188} INFO - [2026-03-09T19:58:47.931+0000] {dagbag.py:545} INFO - Filling up the DagBag from /opt/airflow/dags/generate_mongo.py
[2026-03-09T19:58:47.942+0000] {logging_mixin.py:188} INFO - [2026-03-09T19:58:47.939+0000] {dagbag.py:355} ERROR - Failed to import: /opt/airflow/dags/generate_mongo.py
Traceback (most recent call last):
  File "/home/airflow/.local/lib/python3.12/site-packages/airflow/models/dagbag.py", line 351, in parse
    loader.exec_module(new_module)
  File "<frozen importlib._bootstrap_external>", line 995, in exec_module
  File "<frozen importlib._bootstrap>", line 488, in _call_with_frames_removed
  File "/opt/airflow/dags/generate_mongo.py", line 3, in <module>
    from airflow.providers.mongo.hooks.mongo import MongoHook
ModuleNotFoundError: No module named 'airflow.providers.mongo'
[2026-03-09T19:58:47.943+0000] {processor.py:842} WARNING - No viable dags retrieved from /opt/airflow/dags/generate_mongo.py
[2026-03-09T19:58:47.957+0000] {processor.py:183} INFO - Processing /opt/airflow/dags/generate_mongo.py took 0.032 seconds
[2026-03-09T19:59:18.198+0000] {processor.py:161} INFO - Started process (PID=63) to work on /opt/airflow/dags/generate_mongo.py
[2026-03-09T19:59:18.199+0000] {processor.py:830} INFO - Processing file /opt/airflow/dags/generate_mongo.py for tasks to queue
[2026-03-09T19:59:18.200+0000] {logging_mixin.py:188} INFO - [2026-03-09T19:59:18.199+0000] {dagbag.py:545} INFO - Filling up the DagBag from /opt/airflow/dags/generate_mongo.py
[2026-03-09T19:59:18.206+0000] {logging_mixin.py:188} INFO - [2026-03-09T19:59:18.205+0000] {dagbag.py:355} ERROR - Failed to import: /opt/airflow/dags/generate_mongo.py
Traceback (most recent call last):
  File "/home/airflow/.local/lib/python3.12/site-packages/airflow/models/dagbag.py", line 351, in parse
    loader.exec_module(new_module)
  File "<frozen importlib._bootstrap_external>", line 995, in exec_module
  File "<frozen importlib._bootstrap>", line 488, in _call_with_frames_removed
  File "/opt/airflow/dags/generate_mongo.py", line 3, in <module>
    from airflow.providers.mongo.hooks.mongo import MongoHook
ModuleNotFoundError: No module named 'airflow.providers.mongo'
[2026-03-09T19:59:18.207+0000] {processor.py:842} WARNING - No viable dags retrieved from /opt/airflow/dags/generate_mongo.py
[2026-03-09T19:59:18.221+0000] {processor.py:183} INFO - Processing /opt/airflow/dags/generate_mongo.py took 0.026 seconds
[2026-03-09T19:59:48.453+0000] {processor.py:161} INFO - Started process (PID=66) to work on /opt/airflow/dags/generate_mongo.py
[2026-03-09T19:59:48.456+0000] {processor.py:830} INFO - Processing file /opt/airflow/dags/generate_mongo.py for tasks to queue
[2026-03-09T19:59:48.460+0000] {logging_mixin.py:188} INFO - [2026-03-09T19:59:48.460+0000] {dagbag.py:545} INFO - Filling up the DagBag from /opt/airflow/dags/generate_mongo.py
[2026-03-09T19:59:48.476+0000] {logging_mixin.py:188} INFO - [2026-03-09T19:59:48.474+0000] {dagbag.py:355} ERROR - Failed to import: /opt/airflow/dags/generate_mongo.py
Traceback (most recent call last):
  File "/home/airflow/.local/lib/python3.12/site-packages/airflow/models/dagbag.py", line 351, in parse
    loader.exec_module(new_module)
  File "<frozen importlib._bootstrap_external>", line 995, in exec_module
  File "<frozen importlib._bootstrap>", line 488, in _call_with_frames_removed
  File "/opt/airflow/dags/generate_mongo.py", line 3, in <module>
    from airflow.providers.mongo.hooks.mongo import MongoHook
ModuleNotFoundError: No module named 'airflow.providers.mongo'
[2026-03-09T19:59:48.477+0000] {processor.py:842} WARNING - No viable dags retrieved from /opt/airflow/dags/generate_mongo.py
[2026-03-09T19:59:48.491+0000] {processor.py:183} INFO - Processing /opt/airflow/dags/generate_mongo.py took 0.041 seconds
[2026-03-09T20:00:18.682+0000] {processor.py:161} INFO - Started process (PID=69) to work on /opt/airflow/dags/generate_mongo.py
[2026-03-09T20:00:18.683+0000] {processor.py:830} INFO - Processing file /opt/airflow/dags/generate_mongo.py for tasks to queue
[2026-03-09T20:00:18.684+0000] {logging_mixin.py:188} INFO - [2026-03-09T20:00:18.684+0000] {dagbag.py:545} INFO - Filling up the DagBag from /opt/airflow/dags/generate_mongo.py
[2026-03-09T20:00:18.691+0000] {logging_mixin.py:188} INFO - [2026-03-09T20:00:18.689+0000] {dagbag.py:355} ERROR - Failed to import: /opt/airflow/dags/generate_mongo.py
Traceback (most recent call last):
  File "/home/airflow/.local/lib/python3.12/site-packages/airflow/models/dagbag.py", line 351, in parse
    loader.exec_module(new_module)
  File "<frozen importlib._bootstrap_external>", line 995, in exec_module
  File "<frozen importlib._bootstrap>", line 488, in _call_with_frames_removed
  File "/opt/airflow/dags/generate_mongo.py", line 3, in <module>
    from airflow.providers.mongo.hooks.mongo import MongoHook
ModuleNotFoundError: No module named 'airflow.providers.mongo'
[2026-03-09T20:00:18.692+0000] {processor.py:842} WARNING - No viable dags retrieved from /opt/airflow/dags/generate_mongo.py
[2026-03-09T20:00:18.704+0000] {processor.py:183} INFO - Processing /opt/airflow/dags/generate_mongo.py took 0.026 seconds
[2026-03-09T20:05:18.687+0000] {processor.py:161} INFO - Started process (PID=45) to work on /opt/airflow/dags/generate_mongo.py
[2026-03-09T20:05:18.687+0000] {processor.py:830} INFO - Processing file /opt/airflow/dags/generate_mongo.py for tasks to queue
[2026-03-09T20:05:18.688+0000] {logging_mixin.py:188} INFO - [2026-03-09T20:05:18.688+0000] {dagbag.py:545} INFO - Filling up the DagBag from /opt/airflow/dags/generate_mongo.py
[2026-03-09T20:05:18.703+0000] {processor.py:840} INFO - DAG(s) '1_generate_mongo_data' retrieved from /opt/airflow/dags/generate_mongo.py
[2026-03-09T20:05:18.809+0000] {logging_mixin.py:188} INFO - [2026-03-09T20:05:18.809+0000] {override.py:1858} INFO - Created Permission View: can read on DAG:1_generate_mongo_data
[2026-03-09T20:05:18.816+0000] {logging_mixin.py:188} INFO - [2026-03-09T20:05:18.816+0000] {override.py:1858} INFO - Created Permission View: can edit on DAG:1_generate_mongo_data
[2026-03-09T20:05:18.821+0000] {logging_mixin.py:188} INFO - [2026-03-09T20:05:18.821+0000] {override.py:1858} INFO - Created Permission View: can delete on DAG:1_generate_mongo_data
[2026-03-09T20:05:18.822+0000] {logging_mixin.py:188} INFO - [2026-03-09T20:05:18.822+0000] {dag.py:3089} INFO - Sync 1 DAGs
[2026-03-09T20:05:18.828+0000] {logging_mixin.py:188} INFO - [2026-03-09T20:05:18.828+0000] {dag.py:3111} INFO - Creating ORM DAG for 1_generate_mongo_data
[2026-03-09T20:05:18.829+0000] {logging_mixin.py:188} INFO - [2026-03-09T20:05:18.829+0000] {dag.py:3947} INFO - Setting next_dagrun for 1_generate_mongo_data to None, run_after=None
[2026-03-09T20:05:18.843+0000] {processor.py:183} INFO - Processing /opt/airflow/dags/generate_mongo.py took 0.159 seconds
[2026-03-09T20:05:49.103+0000] {processor.py:161} INFO - Started process (PID=48) to work on /opt/airflow/dags/generate_mongo.py
[2026-03-09T20:05:49.104+0000] {processor.py:830} INFO - Processing file /opt/airflow/dags/generate_mongo.py for tasks to queue
[2026-03-09T20:05:49.106+0000] {logging_mixin.py:188} INFO - [2026-03-09T20:05:49.106+0000] {dagbag.py:545} INFO - Filling up the DagBag from /opt/airflow/dags/generate_mongo.py
[2026-03-09T20:05:49.121+0000] {processor.py:840} INFO - DAG(s) '1_generate_mongo_data' retrieved from /opt/airflow/dags/generate_mongo.py
[2026-03-09T20:05:49.138+0000] {logging_mixin.py:188} INFO - [2026-03-09T20:05:49.138+0000] {dag.py:3089} INFO - Sync 1 DAGs
[2026-03-09T20:05:49.147+0000] {logging_mixin.py:188} INFO - [2026-03-09T20:05:49.147+0000] {dag.py:3947} INFO - Setting next_dagrun for 1_generate_mongo_data to None, run_after=None
[2026-03-09T20:05:49.161+0000] {processor.py:183} INFO - Processing /opt/airflow/dags/generate_mongo.py took 0.063 seconds
[2026-03-09T20:06:19.387+0000] {processor.py:161} INFO - Started process (PID=51) to work on /opt/airflow/dags/generate_mongo.py
[2026-03-09T20:06:19.388+0000] {processor.py:830} INFO - Processing file /opt/airflow/dags/generate_mongo.py for tasks to queue
[2026-03-09T20:06:19.389+0000] {logging_mixin.py:188} INFO - [2026-03-09T20:06:19.389+0000] {dagbag.py:545} INFO - Filling up the DagBag from /opt/airflow/dags/generate_mongo.py
[2026-03-09T20:06:19.400+0000] {processor.py:840} INFO - DAG(s) '1_generate_mongo_data' retrieved from /opt/airflow/dags/generate_mongo.py
[2026-03-09T20:06:19.417+0000] {logging_mixin.py:188} INFO - [2026-03-09T20:06:19.417+0000] {dag.py:3089} INFO - Sync 1 DAGs
[2026-03-09T20:06:19.425+0000] {logging_mixin.py:188} INFO - [2026-03-09T20:06:19.425+0000] {dag.py:3947} INFO - Setting next_dagrun for 1_generate_mongo_data to None, run_after=None
[2026-03-09T20:06:19.438+0000] {processor.py:183} INFO - Processing /opt/airflow/dags/generate_mongo.py took 0.056 seconds
[2026-03-09T20:06:49.674+0000] {processor.py:161} INFO - Started process (PID=54) to work on /opt/airflow/dags/generate_mongo.py
[2026-03-09T20:06:49.675+0000] {processor.py:830} INFO - Processing file /opt/airflow/dags/generate_mongo.py for tasks to queue
[2026-03-09T20:06:49.676+0000] {logging_mixin.py:188} INFO - [2026-03-09T20:06:49.676+0000] {dagbag.py:545} INFO - Filling up the DagBag from /opt/airflow/dags/generate_mongo.py
[2026-03-09T20:06:49.689+0000] {processor.py:840} INFO - DAG(s) '1_generate_mongo_data' retrieved from /opt/airflow/dags/generate_mongo.py
[2026-03-09T20:06:49.706+0000] {logging_mixin.py:188} INFO - [2026-03-09T20:06:49.706+0000] {dag.py:3089} INFO - Sync 1 DAGs
[2026-03-09T20:06:49.715+0000] {logging_mixin.py:188} INFO - [2026-03-09T20:06:49.715+0000] {dag.py:3947} INFO - Setting next_dagrun for 1_generate_mongo_data to None, run_after=None
[2026-03-09T20:06:49.729+0000] {processor.py:183} INFO - Processing /opt/airflow/dags/generate_mongo.py took 0.058 seconds
[2026-03-09T20:07:19.919+0000] {processor.py:161} INFO - Started process (PID=57) to work on /opt/airflow/dags/generate_mongo.py
[2026-03-09T20:07:19.919+0000] {processor.py:830} INFO - Processing file /opt/airflow/dags/generate_mongo.py for tasks to queue
[2026-03-09T20:07:19.921+0000] {logging_mixin.py:188} INFO - [2026-03-09T20:07:19.920+0000] {dagbag.py:545} INFO - Filling up the DagBag from /opt/airflow/dags/generate_mongo.py
[2026-03-09T20:07:19.931+0000] {processor.py:840} INFO - DAG(s) '1_generate_mongo_data' retrieved from /opt/airflow/dags/generate_mongo.py
[2026-03-09T20:07:19.947+0000] {logging_mixin.py:188} INFO - [2026-03-09T20:07:19.946+0000] {dag.py:3089} INFO - Sync 1 DAGs
[2026-03-09T20:07:19.954+0000] {logging_mixin.py:188} INFO - [2026-03-09T20:07:19.954+0000] {dag.py:3947} INFO - Setting next_dagrun for 1_generate_mongo_data to None, run_after=None
[2026-03-09T20:07:19.993+0000] {processor.py:183} INFO - Processing /opt/airflow/dags/generate_mongo.py took 0.078 seconds
[2026-03-09T20:07:50.164+0000] {processor.py:161} INFO - Started process (PID=60) to work on /opt/airflow/dags/generate_mongo.py
[2026-03-09T20:07:50.165+0000] {processor.py:830} INFO - Processing file /opt/airflow/dags/generate_mongo.py for tasks to queue
[2026-03-09T20:07:50.166+0000] {logging_mixin.py:188} INFO - [2026-03-09T20:07:50.166+0000] {dagbag.py:545} INFO - Filling up the DagBag from /opt/airflow/dags/generate_mongo.py
[2026-03-09T20:07:50.186+0000] {processor.py:840} INFO - DAG(s) '1_generate_mongo_data' retrieved from /opt/airflow/dags/generate_mongo.py
[2026-03-09T20:07:50.203+0000] {logging_mixin.py:188} INFO - [2026-03-09T20:07:50.203+0000] {dag.py:3089} INFO - Sync 1 DAGs
[2026-03-09T20:07:50.210+0000] {logging_mixin.py:188} INFO - [2026-03-09T20:07:50.210+0000] {dag.py:3947} INFO - Setting next_dagrun for 1_generate_mongo_data to None, run_after=None
[2026-03-09T20:07:50.224+0000] {processor.py:183} INFO - Processing /opt/airflow/dags/generate_mongo.py took 0.065 seconds
[2026-03-09T20:08:20.434+0000] {processor.py:161} INFO - Started process (PID=75) to work on /opt/airflow/dags/generate_mongo.py
[2026-03-09T20:08:20.435+0000] {processor.py:830} INFO - Processing file /opt/airflow/dags/generate_mongo.py for tasks to queue
[2026-03-09T20:08:20.436+0000] {logging_mixin.py:188} INFO - [2026-03-09T20:08:20.436+0000] {dagbag.py:545} INFO - Filling up the DagBag from /opt/airflow/dags/generate_mongo.py
[2026-03-09T20:08:20.448+0000] {processor.py:840} INFO - DAG(s) '1_generate_mongo_data' retrieved from /opt/airflow/dags/generate_mongo.py
[2026-03-09T20:08:20.464+0000] {logging_mixin.py:188} INFO - [2026-03-09T20:08:20.464+0000] {dag.py:3089} INFO - Sync 1 DAGs
[2026-03-09T20:08:20.472+0000] {logging_mixin.py:188} INFO - [2026-03-09T20:08:20.472+0000] {dag.py:3947} INFO - Setting next_dagrun for 1_generate_mongo_data to None, run_after=None
[2026-03-09T20:08:20.485+0000] {processor.py:183} INFO - Processing /opt/airflow/dags/generate_mongo.py took 0.055 seconds
[2026-03-09T20:08:50.709+0000] {processor.py:161} INFO - Started process (PID=79) to work on /opt/airflow/dags/generate_mongo.py
[2026-03-09T20:08:50.709+0000] {processor.py:830} INFO - Processing file /opt/airflow/dags/generate_mongo.py for tasks to queue
[2026-03-09T20:08:50.711+0000] {logging_mixin.py:188} INFO - [2026-03-09T20:08:50.710+0000] {dagbag.py:545} INFO - Filling up the DagBag from /opt/airflow/dags/generate_mongo.py
[2026-03-09T20:08:50.723+0000] {processor.py:840} INFO - DAG(s) '1_generate_mongo_data' retrieved from /opt/airflow/dags/generate_mongo.py
[2026-03-09T20:08:50.740+0000] {logging_mixin.py:188} INFO - [2026-03-09T20:08:50.740+0000] {dag.py:3089} INFO - Sync 1 DAGs
[2026-03-09T20:08:50.748+0000] {logging_mixin.py:188} INFO - [2026-03-09T20:08:50.748+0000] {dag.py:3947} INFO - Setting next_dagrun for 1_generate_mongo_data to None, run_after=None
[2026-03-09T20:08:50.762+0000] {processor.py:183} INFO - Processing /opt/airflow/dags/generate_mongo.py took 0.057 seconds
[2026-03-09T20:09:20.970+0000] {processor.py:161} INFO - Started process (PID=123) to work on /opt/airflow/dags/generate_mongo.py
[2026-03-09T20:09:20.971+0000] {processor.py:830} INFO - Processing file /opt/airflow/dags/generate_mongo.py for tasks to queue
[2026-03-09T20:09:20.973+0000] {logging_mixin.py:188} INFO - [2026-03-09T20:09:20.973+0000] {dagbag.py:545} INFO - Filling up the DagBag from /opt/airflow/dags/generate_mongo.py
[2026-03-09T20:09:20.982+0000] {processor.py:840} INFO - DAG(s) '1_generate_mongo_data' retrieved from /opt/airflow/dags/generate_mongo.py
[2026-03-09T20:09:21.000+0000] {logging_mixin.py:188} INFO - [2026-03-09T20:09:21.000+0000] {dag.py:3089} INFO - Sync 1 DAGs
[2026-03-09T20:09:21.009+0000] {logging_mixin.py:188} INFO - [2026-03-09T20:09:21.008+0000] {dag.py:3947} INFO - Setting next_dagrun for 1_generate_mongo_data to None, run_after=None
[2026-03-09T20:09:21.022+0000] {processor.py:183} INFO - Processing /opt/airflow/dags/generate_mongo.py took 0.055 seconds
[2026-03-09T20:09:51.215+0000] {processor.py:161} INFO - Started process (PID=126) to work on /opt/airflow/dags/generate_mongo.py
[2026-03-09T20:09:51.215+0000] {processor.py:830} INFO - Processing file /opt/airflow/dags/generate_mongo.py for tasks to queue
[2026-03-09T20:09:51.216+0000] {logging_mixin.py:188} INFO - [2026-03-09T20:09:51.216+0000] {dagbag.py:545} INFO - Filling up the DagBag from /opt/airflow/dags/generate_mongo.py
[2026-03-09T20:09:51.226+0000] {processor.py:840} INFO - DAG(s) '1_generate_mongo_data' retrieved from /opt/airflow/dags/generate_mongo.py
[2026-03-09T20:09:51.242+0000] {logging_mixin.py:188} INFO - [2026-03-09T20:09:51.242+0000] {dag.py:3089} INFO - Sync 1 DAGs
[2026-03-09T20:09:51.249+0000] {logging_mixin.py:188} INFO - [2026-03-09T20:09:51.249+0000] {dag.py:3947} INFO - Setting next_dagrun for 1_generate_mongo_data to None, run_after=None
[2026-03-09T20:09:51.261+0000] {processor.py:183} INFO - Processing /opt/airflow/dags/generate_mongo.py took 0.050 seconds
[2026-03-09T20:10:21.476+0000] {processor.py:161} INFO - Started process (PID=129) to work on /opt/airflow/dags/generate_mongo.py
[2026-03-09T20:10:21.476+0000] {processor.py:830} INFO - Processing file /opt/airflow/dags/generate_mongo.py for tasks to queue
[2026-03-09T20:10:21.477+0000] {logging_mixin.py:188} INFO - [2026-03-09T20:10:21.477+0000] {dagbag.py:545} INFO - Filling up the DagBag from /opt/airflow/dags/generate_mongo.py
[2026-03-09T20:10:21.486+0000] {processor.py:840} INFO - DAG(s) '1_generate_mongo_data' retrieved from /opt/airflow/dags/generate_mongo.py
[2026-03-09T20:10:21.502+0000] {logging_mixin.py:188} INFO - [2026-03-09T20:10:21.502+0000] {dag.py:3089} INFO - Sync 1 DAGs
[2026-03-09T20:10:21.510+0000] {logging_mixin.py:188} INFO - [2026-03-09T20:10:21.509+0000] {dag.py:3947} INFO - Setting next_dagrun for 1_generate_mongo_data to None, run_after=None
[2026-03-09T20:10:21.522+0000] {processor.py:183} INFO - Processing /opt/airflow/dags/generate_mongo.py took 0.050 seconds
[2026-03-09T20:10:51.724+0000] {processor.py:161} INFO - Started process (PID=132) to work on /opt/airflow/dags/generate_mongo.py
[2026-03-09T20:10:51.725+0000] {processor.py:830} INFO - Processing file /opt/airflow/dags/generate_mongo.py for tasks to queue
[2026-03-09T20:10:51.726+0000] {logging_mixin.py:188} INFO - [2026-03-09T20:10:51.726+0000] {dagbag.py:545} INFO - Filling up the DagBag from /opt/airflow/dags/generate_mongo.py
[2026-03-09T20:10:51.739+0000] {processor.py:840} INFO - DAG(s) '1_generate_mongo_data' retrieved from /opt/airflow/dags/generate_mongo.py
[2026-03-09T20:10:51.756+0000] {logging_mixin.py:188} INFO - [2026-03-09T20:10:51.756+0000] {dag.py:3089} INFO - Sync 1 DAGs
[2026-03-09T20:10:51.763+0000] {logging_mixin.py:188} INFO - [2026-03-09T20:10:51.763+0000] {dag.py:3947} INFO - Setting next_dagrun for 1_generate_mongo_data to None, run_after=None
[2026-03-09T20:10:51.776+0000] {processor.py:183} INFO - Processing /opt/airflow/dags/generate_mongo.py took 0.055 seconds
[2026-03-09T20:11:21.952+0000] {processor.py:161} INFO - Started process (PID=135) to work on /opt/airflow/dags/generate_mongo.py
[2026-03-09T20:11:21.953+0000] {processor.py:830} INFO - Processing file /opt/airflow/dags/generate_mongo.py for tasks to queue
[2026-03-09T20:11:21.954+0000] {logging_mixin.py:188} INFO - [2026-03-09T20:11:21.954+0000] {dagbag.py:545} INFO - Filling up the DagBag from /opt/airflow/dags/generate_mongo.py
[2026-03-09T20:11:21.964+0000] {processor.py:840} INFO - DAG(s) '1_generate_mongo_data' retrieved from /opt/airflow/dags/generate_mongo.py
[2026-03-09T20:11:21.981+0000] {logging_mixin.py:188} INFO - [2026-03-09T20:11:21.981+0000] {dag.py:3089} INFO - Sync 1 DAGs
[2026-03-09T20:11:21.989+0000] {logging_mixin.py:188} INFO - [2026-03-09T20:11:21.989+0000] {dag.py:3947} INFO - Setting next_dagrun for 1_generate_mongo_data to None, run_after=None
[2026-03-09T20:11:22.002+0000] {processor.py:183} INFO - Processing /opt/airflow/dags/generate_mongo.py took 0.053 seconds
[2026-03-09T20:11:52.206+0000] {processor.py:161} INFO - Started process (PID=138) to work on /opt/airflow/dags/generate_mongo.py
[2026-03-09T20:11:52.207+0000] {processor.py:830} INFO - Processing file /opt/airflow/dags/generate_mongo.py for tasks to queue
[2026-03-09T20:11:52.208+0000] {logging_mixin.py:188} INFO - [2026-03-09T20:11:52.208+0000] {dagbag.py:545} INFO - Filling up the DagBag from /opt/airflow/dags/generate_mongo.py
[2026-03-09T20:11:52.222+0000] {processor.py:840} INFO - DAG(s) '1_generate_mongo_data' retrieved from /opt/airflow/dags/generate_mongo.py
[2026-03-09T20:11:52.238+0000] {logging_mixin.py:188} INFO - [2026-03-09T20:11:52.238+0000] {dag.py:3089} INFO - Sync 1 DAGs
[2026-03-09T20:11:52.246+0000] {logging_mixin.py:188} INFO - [2026-03-09T20:11:52.246+0000] {dag.py:3947} INFO - Setting next_dagrun for 1_generate_mongo_data to None, run_after=None
[2026-03-09T20:11:52.258+0000] {processor.py:183} INFO - Processing /opt/airflow/dags/generate_mongo.py took 0.056 seconds
[2026-03-09T20:12:22.462+0000] {processor.py:161} INFO - Started process (PID=141) to work on /opt/airflow/dags/generate_mongo.py
[2026-03-09T20:12:22.463+0000] {processor.py:830} INFO - Processing file /opt/airflow/dags/generate_mongo.py for tasks to queue
[2026-03-09T20:12:22.464+0000] {logging_mixin.py:188} INFO - [2026-03-09T20:12:22.464+0000] {dagbag.py:545} INFO - Filling up the DagBag from /opt/airflow/dags/generate_mongo.py
[2026-03-09T20:12:22.475+0000] {processor.py:840} INFO - DAG(s) '1_generate_mongo_data' retrieved from /opt/airflow/dags/generate_mongo.py
[2026-03-09T20:12:22.492+0000] {logging_mixin.py:188} INFO - [2026-03-09T20:12:22.491+0000] {dag.py:3089} INFO - Sync 1 DAGs
[2026-03-09T20:12:22.499+0000] {logging_mixin.py:188} INFO - [2026-03-09T20:12:22.499+0000] {dag.py:3947} INFO - Setting next_dagrun for 1_generate_mongo_data to None, run_after=None
[2026-03-09T20:12:22.512+0000] {processor.py:183} INFO - Processing /opt/airflow/dags/generate_mongo.py took 0.053 seconds
[2026-03-09T20:12:52.738+0000] {processor.py:161} INFO - Started process (PID=144) to work on /opt/airflow/dags/generate_mongo.py
[2026-03-09T20:12:52.739+0000] {processor.py:830} INFO - Processing file /opt/airflow/dags/generate_mongo.py for tasks to queue
[2026-03-09T20:12:52.740+0000] {logging_mixin.py:188} INFO - [2026-03-09T20:12:52.740+0000] {dagbag.py:545} INFO - Filling up the DagBag from /opt/airflow/dags/generate_mongo.py
[2026-03-09T20:12:52.751+0000] {processor.py:840} INFO - DAG(s) '1_generate_mongo_data' retrieved from /opt/airflow/dags/generate_mongo.py
[2026-03-09T20:12:52.768+0000] {logging_mixin.py:188} INFO - [2026-03-09T20:12:52.768+0000] {dag.py:3089} INFO - Sync 1 DAGs
[2026-03-09T20:12:52.776+0000] {logging_mixin.py:188} INFO - [2026-03-09T20:12:52.776+0000] {dag.py:3947} INFO - Setting next_dagrun for 1_generate_mongo_data to None, run_after=None
[2026-03-09T20:12:52.791+0000] {processor.py:183} INFO - Processing /opt/airflow/dags/generate_mongo.py took 0.056 seconds
[2026-03-09T20:13:23.014+0000] {processor.py:161} INFO - Started process (PID=147) to work on /opt/airflow/dags/generate_mongo.py
[2026-03-09T20:13:23.015+0000] {processor.py:830} INFO - Processing file /opt/airflow/dags/generate_mongo.py for tasks to queue
[2026-03-09T20:13:23.016+0000] {logging_mixin.py:188} INFO - [2026-03-09T20:13:23.016+0000] {dagbag.py:545} INFO - Filling up the DagBag from /opt/airflow/dags/generate_mongo.py
[2026-03-09T20:13:23.029+0000] {processor.py:840} INFO - DAG(s) '1_generate_mongo_data' retrieved from /opt/airflow/dags/generate_mongo.py
[2026-03-09T20:13:23.048+0000] {logging_mixin.py:188} INFO - [2026-03-09T20:13:23.048+0000] {dag.py:3089} INFO - Sync 1 DAGs
[2026-03-09T20:13:23.056+0000] {logging_mixin.py:188} INFO - [2026-03-09T20:13:23.056+0000] {dag.py:3947} INFO - Setting next_dagrun for 1_generate_mongo_data to None, run_after=None
[2026-03-09T20:13:23.071+0000] {processor.py:183} INFO - Processing /opt/airflow/dags/generate_mongo.py took 0.061 seconds
[2026-03-09T20:14:37.472+0000] {processor.py:161} INFO - Started process (PID=46) to work on /opt/airflow/dags/generate_mongo.py
[2026-03-09T20:14:37.472+0000] {processor.py:830} INFO - Processing file /opt/airflow/dags/generate_mongo.py for tasks to queue
[2026-03-09T20:14:37.473+0000] {logging_mixin.py:188} INFO - [2026-03-09T20:14:37.473+0000] {dagbag.py:545} INFO - Filling up the DagBag from /opt/airflow/dags/generate_mongo.py
[2026-03-09T20:14:37.490+0000] {processor.py:840} INFO - DAG(s) '1_generate_mongo_data' retrieved from /opt/airflow/dags/generate_mongo.py
[2026-03-09T20:14:37.603+0000] {logging_mixin.py:188} INFO - [2026-03-09T20:14:37.603+0000] {dag.py:3089} INFO - Sync 1 DAGs
[2026-03-09T20:14:37.609+0000] {logging_mixin.py:188} INFO - [2026-03-09T20:14:37.609+0000] {dag.py:3947} INFO - Setting next_dagrun for 1_generate_mongo_data to None, run_after=None
[2026-03-09T20:14:37.624+0000] {processor.py:183} INFO - Processing /opt/airflow/dags/generate_mongo.py took 0.155 seconds
[2026-03-09T20:15:07.894+0000] {processor.py:161} INFO - Started process (PID=66) to work on /opt/airflow/dags/generate_mongo.py
[2026-03-09T20:15:07.895+0000] {processor.py:830} INFO - Processing file /opt/airflow/dags/generate_mongo.py for tasks to queue
[2026-03-09T20:15:07.896+0000] {logging_mixin.py:188} INFO - [2026-03-09T20:15:07.896+0000] {dagbag.py:545} INFO - Filling up the DagBag from /opt/airflow/dags/generate_mongo.py
[2026-03-09T20:15:07.906+0000] {processor.py:840} INFO - DAG(s) '1_generate_mongo_data' retrieved from /opt/airflow/dags/generate_mongo.py
[2026-03-09T20:15:07.921+0000] {logging_mixin.py:188} INFO - [2026-03-09T20:15:07.921+0000] {dag.py:3089} INFO - Sync 1 DAGs
[2026-03-09T20:15:07.929+0000] {logging_mixin.py:188} INFO - [2026-03-09T20:15:07.929+0000] {dag.py:3947} INFO - Setting next_dagrun for 1_generate_mongo_data to None, run_after=None
[2026-03-09T20:15:07.941+0000] {processor.py:183} INFO - Processing /opt/airflow/dags/generate_mongo.py took 0.050 seconds
[2026-03-09T20:15:38.221+0000] {processor.py:161} INFO - Started process (PID=69) to work on /opt/airflow/dags/generate_mongo.py
[2026-03-09T20:15:38.221+0000] {processor.py:830} INFO - Processing file /opt/airflow/dags/generate_mongo.py for tasks to queue
[2026-03-09T20:15:38.222+0000] {logging_mixin.py:188} INFO - [2026-03-09T20:15:38.222+0000] {dagbag.py:545} INFO - Filling up the DagBag from /opt/airflow/dags/generate_mongo.py
[2026-03-09T20:15:38.232+0000] {processor.py:840} INFO - DAG(s) '1_generate_mongo_data' retrieved from /opt/airflow/dags/generate_mongo.py
[2026-03-09T20:15:38.248+0000] {logging_mixin.py:188} INFO - [2026-03-09T20:15:38.248+0000] {dag.py:3089} INFO - Sync 1 DAGs
[2026-03-09T20:15:38.255+0000] {logging_mixin.py:188} INFO - [2026-03-09T20:15:38.255+0000] {dag.py:3947} INFO - Setting next_dagrun for 1_generate_mongo_data to None, run_after=None
[2026-03-09T20:15:38.267+0000] {processor.py:183} INFO - Processing /opt/airflow/dags/generate_mongo.py took 0.050 seconds
[2026-03-09T20:16:08.466+0000] {processor.py:161} INFO - Started process (PID=72) to work on /opt/airflow/dags/generate_mongo.py
[2026-03-09T20:16:08.467+0000] {processor.py:830} INFO - Processing file /opt/airflow/dags/generate_mongo.py for tasks to queue
[2026-03-09T20:16:08.468+0000] {logging_mixin.py:188} INFO - [2026-03-09T20:16:08.468+0000] {dagbag.py:545} INFO - Filling up the DagBag from /opt/airflow/dags/generate_mongo.py
[2026-03-09T20:16:08.479+0000] {processor.py:840} INFO - DAG(s) '1_generate_mongo_data' retrieved from /opt/airflow/dags/generate_mongo.py
[2026-03-09T20:16:08.494+0000] {logging_mixin.py:188} INFO - [2026-03-09T20:16:08.494+0000] {dag.py:3089} INFO - Sync 1 DAGs
[2026-03-09T20:16:08.502+0000] {logging_mixin.py:188} INFO - [2026-03-09T20:16:08.502+0000] {dag.py:3947} INFO - Setting next_dagrun for 1_generate_mongo_data to None, run_after=None
[2026-03-09T20:16:08.514+0000] {processor.py:183} INFO - Processing /opt/airflow/dags/generate_mongo.py took 0.051 seconds
[2026-03-09T20:16:38.736+0000] {processor.py:161} INFO - Started process (PID=75) to work on /opt/airflow/dags/generate_mongo.py
[2026-03-09T20:16:38.737+0000] {processor.py:830} INFO - Processing file /opt/airflow/dags/generate_mongo.py for tasks to queue
[2026-03-09T20:16:38.739+0000] {logging_mixin.py:188} INFO - [2026-03-09T20:16:38.738+0000] {dagbag.py:545} INFO - Filling up the DagBag from /opt/airflow/dags/generate_mongo.py
[2026-03-09T20:16:38.749+0000] {processor.py:840} INFO - DAG(s) '1_generate_mongo_data' retrieved from /opt/airflow/dags/generate_mongo.py
[2026-03-09T20:16:38.765+0000] {logging_mixin.py:188} INFO - [2026-03-09T20:16:38.765+0000] {dag.py:3089} INFO - Sync 1 DAGs
[2026-03-09T20:16:38.773+0000] {logging_mixin.py:188} INFO - [2026-03-09T20:16:38.773+0000] {dag.py:3947} INFO - Setting next_dagrun for 1_generate_mongo_data to None, run_after=None
[2026-03-09T20:16:38.785+0000] {processor.py:183} INFO - Processing /opt/airflow/dags/generate_mongo.py took 0.052 seconds
[2026-03-09T20:17:08.955+0000] {processor.py:161} INFO - Started process (PID=78) to work on /opt/airflow/dags/generate_mongo.py
[2026-03-09T20:17:08.955+0000] {processor.py:830} INFO - Processing file /opt/airflow/dags/generate_mongo.py for tasks to queue
[2026-03-09T20:17:08.956+0000] {logging_mixin.py:188} INFO - [2026-03-09T20:17:08.956+0000] {dagbag.py:545} INFO - Filling up the DagBag from /opt/airflow/dags/generate_mongo.py
[2026-03-09T20:17:08.966+0000] {processor.py:840} INFO - DAG(s) '1_generate_mongo_data' retrieved from /opt/airflow/dags/generate_mongo.py
[2026-03-09T20:17:08.981+0000] {logging_mixin.py:188} INFO - [2026-03-09T20:17:08.981+0000] {dag.py:3089} INFO - Sync 1 DAGs
[2026-03-09T20:17:08.989+0000] {logging_mixin.py:188} INFO - [2026-03-09T20:17:08.989+0000] {dag.py:3947} INFO - Setting next_dagrun for 1_generate_mongo_data to None, run_after=None
[2026-03-09T20:17:09.000+0000] {processor.py:183} INFO - Processing /opt/airflow/dags/generate_mongo.py took 0.050 seconds
[2026-03-09T20:17:39.229+0000] {processor.py:161} INFO - Started process (PID=81) to work on /opt/airflow/dags/generate_mongo.py
[2026-03-09T20:17:39.231+0000] {processor.py:830} INFO - Processing file /opt/airflow/dags/generate_mongo.py for tasks to queue
[2026-03-09T20:17:39.234+0000] {logging_mixin.py:188} INFO - [2026-03-09T20:17:39.233+0000] {dagbag.py:545} INFO - Filling up the DagBag from /opt/airflow/dags/generate_mongo.py
[2026-03-09T20:17:39.248+0000] {processor.py:840} INFO - DAG(s) '1_generate_mongo_data' retrieved from /opt/airflow/dags/generate_mongo.py
[2026-03-09T20:17:39.263+0000] {logging_mixin.py:188} INFO - [2026-03-09T20:17:39.263+0000] {dag.py:3089} INFO - Sync 1 DAGs
[2026-03-09T20:17:39.270+0000] {logging_mixin.py:188} INFO - [2026-03-09T20:17:39.270+0000] {dag.py:3947} INFO - Setting next_dagrun for 1_generate_mongo_data to None, run_after=None
[2026-03-09T20:17:39.281+0000] {processor.py:183} INFO - Processing /opt/airflow/dags/generate_mongo.py took 0.056 seconds
[2026-03-09T20:18:09.480+0000] {processor.py:161} INFO - Started process (PID=84) to work on /opt/airflow/dags/generate_mongo.py
[2026-03-09T20:18:09.481+0000] {processor.py:830} INFO - Processing file /opt/airflow/dags/generate_mongo.py for tasks to queue
[2026-03-09T20:18:09.482+0000] {logging_mixin.py:188} INFO - [2026-03-09T20:18:09.482+0000] {dagbag.py:545} INFO - Filling up the DagBag from /opt/airflow/dags/generate_mongo.py
[2026-03-09T20:18:09.494+0000] {processor.py:840} INFO - DAG(s) '1_generate_mongo_data' retrieved from /opt/airflow/dags/generate_mongo.py
[2026-03-09T20:18:09.510+0000] {logging_mixin.py:188} INFO - [2026-03-09T20:18:09.510+0000] {dag.py:3089} INFO - Sync 1 DAGs
[2026-03-09T20:18:09.518+0000] {logging_mixin.py:188} INFO - [2026-03-09T20:18:09.518+0000] {dag.py:3947} INFO - Setting next_dagrun for 1_generate_mongo_data to None, run_after=None
[2026-03-09T20:18:09.530+0000] {processor.py:183} INFO - Processing /opt/airflow/dags/generate_mongo.py took 0.054 seconds
[2026-03-09T20:18:39.796+0000] {processor.py:161} INFO - Started process (PID=87) to work on /opt/airflow/dags/generate_mongo.py
[2026-03-09T20:18:39.797+0000] {processor.py:830} INFO - Processing file /opt/airflow/dags/generate_mongo.py for tasks to queue
[2026-03-09T20:18:39.799+0000] {logging_mixin.py:188} INFO - [2026-03-09T20:18:39.799+0000] {dagbag.py:545} INFO - Filling up the DagBag from /opt/airflow/dags/generate_mongo.py
[2026-03-09T20:18:39.849+0000] {processor.py:840} INFO - DAG(s) '1_generate_mongo_data' retrieved from /opt/airflow/dags/generate_mongo.py
[2026-03-09T20:18:39.867+0000] {logging_mixin.py:188} INFO - [2026-03-09T20:18:39.867+0000] {dag.py:3089} INFO - Sync 1 DAGs
[2026-03-09T20:18:39.875+0000] {logging_mixin.py:188} INFO - [2026-03-09T20:18:39.875+0000] {dag.py:3947} INFO - Setting next_dagrun for 1_generate_mongo_data to None, run_after=None
[2026-03-09T20:18:39.893+0000] {processor.py:183} INFO - Processing /opt/airflow/dags/generate_mongo.py took 0.101 seconds
[2026-03-09T20:19:10.009+0000] {processor.py:161} INFO - Started process (PID=90) to work on /opt/airflow/dags/generate_mongo.py
[2026-03-09T20:19:10.010+0000] {processor.py:830} INFO - Processing file /opt/airflow/dags/generate_mongo.py for tasks to queue
[2026-03-09T20:19:10.011+0000] {logging_mixin.py:188} INFO - [2026-03-09T20:19:10.011+0000] {dagbag.py:545} INFO - Filling up the DagBag from /opt/airflow/dags/generate_mongo.py
[2026-03-09T20:19:10.020+0000] {processor.py:840} INFO - DAG(s) '1_generate_mongo_data' retrieved from /opt/airflow/dags/generate_mongo.py
[2026-03-09T20:19:10.037+0000] {logging_mixin.py:188} INFO - [2026-03-09T20:19:10.036+0000] {dag.py:3089} INFO - Sync 1 DAGs
[2026-03-09T20:19:10.043+0000] {logging_mixin.py:188} INFO - [2026-03-09T20:19:10.043+0000] {dag.py:3947} INFO - Setting next_dagrun for 1_generate_mongo_data to None, run_after=None
[2026-03-09T20:19:10.056+0000] {processor.py:183} INFO - Processing /opt/airflow/dags/generate_mongo.py took 0.050 seconds
[2026-03-09T20:19:40.253+0000] {processor.py:161} INFO - Started process (PID=93) to work on /opt/airflow/dags/generate_mongo.py
[2026-03-09T20:19:40.254+0000] {processor.py:830} INFO - Processing file /opt/airflow/dags/generate_mongo.py for tasks to queue
[2026-03-09T20:19:40.255+0000] {logging_mixin.py:188} INFO - [2026-03-09T20:19:40.255+0000] {dagbag.py:545} INFO - Filling up the DagBag from /opt/airflow/dags/generate_mongo.py
[2026-03-09T20:19:40.266+0000] {processor.py:840} INFO - DAG(s) '1_generate_mongo_data' retrieved from /opt/airflow/dags/generate_mongo.py
[2026-03-09T20:19:40.283+0000] {logging_mixin.py:188} INFO - [2026-03-09T20:19:40.283+0000] {dag.py:3089} INFO - Sync 1 DAGs
[2026-03-09T20:19:40.291+0000] {logging_mixin.py:188} INFO - [2026-03-09T20:19:40.290+0000] {dag.py:3947} INFO - Setting next_dagrun for 1_generate_mongo_data to None, run_after=None
[2026-03-09T20:19:40.304+0000] {processor.py:183} INFO - Processing /opt/airflow/dags/generate_mongo.py took 0.055 seconds
[2026-03-09T20:20:10.522+0000] {processor.py:161} INFO - Started process (PID=96) to work on /opt/airflow/dags/generate_mongo.py
[2026-03-09T20:20:10.523+0000] {processor.py:830} INFO - Processing file /opt/airflow/dags/generate_mongo.py for tasks to queue
[2026-03-09T20:20:10.524+0000] {logging_mixin.py:188} INFO - [2026-03-09T20:20:10.524+0000] {dagbag.py:545} INFO - Filling up the DagBag from /opt/airflow/dags/generate_mongo.py
[2026-03-09T20:20:10.533+0000] {processor.py:840} INFO - DAG(s) '1_generate_mongo_data' retrieved from /opt/airflow/dags/generate_mongo.py
[2026-03-09T20:20:10.548+0000] {logging_mixin.py:188} INFO - [2026-03-09T20:20:10.548+0000] {dag.py:3089} INFO - Sync 1 DAGs
[2026-03-09T20:20:10.555+0000] {logging_mixin.py:188} INFO - [2026-03-09T20:20:10.555+0000] {dag.py:3947} INFO - Setting next_dagrun for 1_generate_mongo_data to None, run_after=None
[2026-03-09T20:20:10.566+0000] {processor.py:183} INFO - Processing /opt/airflow/dags/generate_mongo.py took 0.048 seconds
[2026-03-09T20:20:40.781+0000] {processor.py:161} INFO - Started process (PID=99) to work on /opt/airflow/dags/generate_mongo.py
[2026-03-09T20:20:40.782+0000] {processor.py:830} INFO - Processing file /opt/airflow/dags/generate_mongo.py for tasks to queue
[2026-03-09T20:20:40.783+0000] {logging_mixin.py:188} INFO - [2026-03-09T20:20:40.783+0000] {dagbag.py:545} INFO - Filling up the DagBag from /opt/airflow/dags/generate_mongo.py
[2026-03-09T20:20:40.794+0000] {processor.py:840} INFO - DAG(s) '1_generate_mongo_data' retrieved from /opt/airflow/dags/generate_mongo.py
[2026-03-09T20:20:40.810+0000] {logging_mixin.py:188} INFO - [2026-03-09T20:20:40.810+0000] {dag.py:3089} INFO - Sync 1 DAGs
[2026-03-09T20:20:40.817+0000] {logging_mixin.py:188} INFO - [2026-03-09T20:20:40.817+0000] {dag.py:3947} INFO - Setting next_dagrun for 1_generate_mongo_data to None, run_after=None
[2026-03-09T20:20:40.829+0000] {processor.py:183} INFO - Processing /opt/airflow/dags/generate_mongo.py took 0.052 seconds
[2026-03-09T20:21:11.053+0000] {processor.py:161} INFO - Started process (PID=102) to work on /opt/airflow/dags/generate_mongo.py
[2026-03-09T20:21:11.054+0000] {processor.py:830} INFO - Processing file /opt/airflow/dags/generate_mongo.py for tasks to queue
[2026-03-09T20:21:11.055+0000] {logging_mixin.py:188} INFO - [2026-03-09T20:21:11.055+0000] {dagbag.py:545} INFO - Filling up the DagBag from /opt/airflow/dags/generate_mongo.py
[2026-03-09T20:21:11.069+0000] {processor.py:840} INFO - DAG(s) '1_generate_mongo_data' retrieved from /opt/airflow/dags/generate_mongo.py
[2026-03-09T20:21:11.086+0000] {logging_mixin.py:188} INFO - [2026-03-09T20:21:11.086+0000] {dag.py:3089} INFO - Sync 1 DAGs
[2026-03-09T20:21:11.094+0000] {logging_mixin.py:188} INFO - [2026-03-09T20:21:11.094+0000] {dag.py:3947} INFO - Setting next_dagrun for 1_generate_mongo_data to None, run_after=None
[2026-03-09T20:21:11.110+0000] {processor.py:183} INFO - Processing /opt/airflow/dags/generate_mongo.py took 0.062 seconds
[2026-03-09T20:21:41.317+0000] {processor.py:161} INFO - Started process (PID=105) to work on /opt/airflow/dags/generate_mongo.py
[2026-03-09T20:21:41.318+0000] {processor.py:830} INFO - Processing file /opt/airflow/dags/generate_mongo.py for tasks to queue
[2026-03-09T20:21:41.319+0000] {logging_mixin.py:188} INFO - [2026-03-09T20:21:41.319+0000] {dagbag.py:545} INFO - Filling up the DagBag from /opt/airflow/dags/generate_mongo.py
[2026-03-09T20:21:41.331+0000] {processor.py:840} INFO - DAG(s) '1_generate_mongo_data' retrieved from /opt/airflow/dags/generate_mongo.py
[2026-03-09T20:21:41.348+0000] {logging_mixin.py:188} INFO - [2026-03-09T20:21:41.347+0000] {dag.py:3089} INFO - Sync 1 DAGs
[2026-03-09T20:21:41.356+0000] {logging_mixin.py:188} INFO - [2026-03-09T20:21:41.356+0000] {dag.py:3947} INFO - Setting next_dagrun for 1_generate_mongo_data to None, run_after=None
[2026-03-09T20:21:41.369+0000] {processor.py:183} INFO - Processing /opt/airflow/dags/generate_mongo.py took 0.055 seconds
[2026-03-09T20:22:11.564+0000] {processor.py:161} INFO - Started process (PID=108) to work on /opt/airflow/dags/generate_mongo.py
[2026-03-09T20:22:11.564+0000] {processor.py:830} INFO - Processing file /opt/airflow/dags/generate_mongo.py for tasks to queue
[2026-03-09T20:22:11.566+0000] {logging_mixin.py:188} INFO - [2026-03-09T20:22:11.565+0000] {dagbag.py:545} INFO - Filling up the DagBag from /opt/airflow/dags/generate_mongo.py
[2026-03-09T20:22:11.578+0000] {processor.py:840} INFO - DAG(s) '1_generate_mongo_data' retrieved from /opt/airflow/dags/generate_mongo.py
[2026-03-09T20:22:11.594+0000] {logging_mixin.py:188} INFO - [2026-03-09T20:22:11.594+0000] {dag.py:3089} INFO - Sync 1 DAGs
[2026-03-09T20:22:11.602+0000] {logging_mixin.py:188} INFO - [2026-03-09T20:22:11.602+0000] {dag.py:3947} INFO - Setting next_dagrun for 1_generate_mongo_data to None, run_after=None
[2026-03-09T20:22:11.616+0000] {processor.py:183} INFO - Processing /opt/airflow/dags/generate_mongo.py took 0.056 seconds
[2026-03-09T20:22:41.822+0000] {processor.py:161} INFO - Started process (PID=111) to work on /opt/airflow/dags/generate_mongo.py
[2026-03-09T20:22:41.823+0000] {processor.py:830} INFO - Processing file /opt/airflow/dags/generate_mongo.py for tasks to queue
[2026-03-09T20:22:41.824+0000] {logging_mixin.py:188} INFO - [2026-03-09T20:22:41.824+0000] {dagbag.py:545} INFO - Filling up the DagBag from /opt/airflow/dags/generate_mongo.py
[2026-03-09T20:22:41.834+0000] {processor.py:840} INFO - DAG(s) '1_generate_mongo_data' retrieved from /opt/airflow/dags/generate_mongo.py
[2026-03-09T20:22:41.851+0000] {logging_mixin.py:188} INFO - [2026-03-09T20:22:41.851+0000] {dag.py:3089} INFO - Sync 1 DAGs
[2026-03-09T20:22:41.859+0000] {logging_mixin.py:188} INFO - [2026-03-09T20:22:41.859+0000] {dag.py:3947} INFO - Setting next_dagrun for 1_generate_mongo_data to None, run_after=None
[2026-03-09T20:22:41.871+0000] {processor.py:183} INFO - Processing /opt/airflow/dags/generate_mongo.py took 0.052 seconds
[2026-03-09T20:23:12.070+0000] {processor.py:161} INFO - Started process (PID=114) to work on /opt/airflow/dags/generate_mongo.py
[2026-03-09T20:23:12.070+0000] {processor.py:830} INFO - Processing file /opt/airflow/dags/generate_mongo.py for tasks to queue
[2026-03-09T20:23:12.072+0000] {logging_mixin.py:188} INFO - [2026-03-09T20:23:12.071+0000] {dagbag.py:545} INFO - Filling up the DagBag from /opt/airflow/dags/generate_mongo.py
[2026-03-09T20:23:12.082+0000] {processor.py:840} INFO - DAG(s) '1_generate_mongo_data' retrieved from /opt/airflow/dags/generate_mongo.py
[2026-03-09T20:23:12.097+0000] {logging_mixin.py:188} INFO - [2026-03-09T20:23:12.097+0000] {dag.py:3089} INFO - Sync 1 DAGs
[2026-03-09T20:23:12.104+0000] {logging_mixin.py:188} INFO - [2026-03-09T20:23:12.104+0000] {dag.py:3947} INFO - Setting next_dagrun for 1_generate_mongo_data to None, run_after=None
[2026-03-09T20:23:12.116+0000] {processor.py:183} INFO - Processing /opt/airflow/dags/generate_mongo.py took 0.050 seconds
[2026-03-09T20:23:42.305+0000] {processor.py:161} INFO - Started process (PID=117) to work on /opt/airflow/dags/generate_mongo.py
[2026-03-09T20:23:42.306+0000] {processor.py:830} INFO - Processing file /opt/airflow/dags/generate_mongo.py for tasks to queue
[2026-03-09T20:23:42.307+0000] {logging_mixin.py:188} INFO - [2026-03-09T20:23:42.307+0000] {dagbag.py:545} INFO - Filling up the DagBag from /opt/airflow/dags/generate_mongo.py
[2026-03-09T20:23:42.316+0000] {processor.py:840} INFO - DAG(s) '1_generate_mongo_data' retrieved from /opt/airflow/dags/generate_mongo.py
[2026-03-09T20:23:42.332+0000] {logging_mixin.py:188} INFO - [2026-03-09T20:23:42.332+0000] {dag.py:3089} INFO - Sync 1 DAGs
[2026-03-09T20:23:42.340+0000] {logging_mixin.py:188} INFO - [2026-03-09T20:23:42.340+0000] {dag.py:3947} INFO - Setting next_dagrun for 1_generate_mongo_data to None, run_after=None
[2026-03-09T20:23:42.351+0000] {processor.py:183} INFO - Processing /opt/airflow/dags/generate_mongo.py took 0.049 seconds
[2026-03-09T20:24:12.535+0000] {processor.py:161} INFO - Started process (PID=120) to work on /opt/airflow/dags/generate_mongo.py
[2026-03-09T20:24:12.536+0000] {processor.py:830} INFO - Processing file /opt/airflow/dags/generate_mongo.py for tasks to queue
[2026-03-09T20:24:12.537+0000] {logging_mixin.py:188} INFO - [2026-03-09T20:24:12.537+0000] {dagbag.py:545} INFO - Filling up the DagBag from /opt/airflow/dags/generate_mongo.py
[2026-03-09T20:24:12.546+0000] {processor.py:840} INFO - DAG(s) '1_generate_mongo_data' retrieved from /opt/airflow/dags/generate_mongo.py
[2026-03-09T20:24:12.563+0000] {logging_mixin.py:188} INFO - [2026-03-09T20:24:12.563+0000] {dag.py:3089} INFO - Sync 1 DAGs
[2026-03-09T20:24:12.571+0000] {logging_mixin.py:188} INFO - [2026-03-09T20:24:12.571+0000] {dag.py:3947} INFO - Setting next_dagrun for 1_generate_mongo_data to None, run_after=None
[2026-03-09T20:24:12.583+0000] {processor.py:183} INFO - Processing /opt/airflow/dags/generate_mongo.py took 0.052 seconds
[2026-03-09T20:24:42.767+0000] {processor.py:161} INFO - Started process (PID=123) to work on /opt/airflow/dags/generate_mongo.py
[2026-03-09T20:24:42.768+0000] {processor.py:830} INFO - Processing file /opt/airflow/dags/generate_mongo.py for tasks to queue
[2026-03-09T20:24:42.769+0000] {logging_mixin.py:188} INFO - [2026-03-09T20:24:42.769+0000] {dagbag.py:545} INFO - Filling up the DagBag from /opt/airflow/dags/generate_mongo.py
[2026-03-09T20:24:42.779+0000] {processor.py:840} INFO - DAG(s) '1_generate_mongo_data' retrieved from /opt/airflow/dags/generate_mongo.py
[2026-03-09T20:24:42.794+0000] {logging_mixin.py:188} INFO - [2026-03-09T20:24:42.794+0000] {dag.py:3089} INFO - Sync 1 DAGs
[2026-03-09T20:24:42.802+0000] {logging_mixin.py:188} INFO - [2026-03-09T20:24:42.802+0000] {dag.py:3947} INFO - Setting next_dagrun for 1_generate_mongo_data to None, run_after=None
[2026-03-09T20:24:42.817+0000] {processor.py:183} INFO - Processing /opt/airflow/dags/generate_mongo.py took 0.053 seconds
[2026-03-09T20:25:12.994+0000] {processor.py:161} INFO - Started process (PID=126) to work on /opt/airflow/dags/generate_mongo.py
[2026-03-09T20:25:12.995+0000] {processor.py:830} INFO - Processing file /opt/airflow/dags/generate_mongo.py for tasks to queue
[2026-03-09T20:25:12.997+0000] {logging_mixin.py:188} INFO - [2026-03-09T20:25:12.996+0000] {dagbag.py:545} INFO - Filling up the DagBag from /opt/airflow/dags/generate_mongo.py
[2026-03-09T20:25:13.011+0000] {processor.py:840} INFO - DAG(s) '1_generate_mongo_data' retrieved from /opt/airflow/dags/generate_mongo.py
[2026-03-09T20:25:13.027+0000] {logging_mixin.py:188} INFO - [2026-03-09T20:25:13.027+0000] {dag.py:3089} INFO - Sync 1 DAGs
[2026-03-09T20:25:13.034+0000] {logging_mixin.py:188} INFO - [2026-03-09T20:25:13.034+0000] {dag.py:3947} INFO - Setting next_dagrun for 1_generate_mongo_data to None, run_after=None
[2026-03-09T20:25:13.046+0000] {processor.py:183} INFO - Processing /opt/airflow/dags/generate_mongo.py took 0.056 seconds
[2026-03-09T20:25:43.276+0000] {processor.py:161} INFO - Started process (PID=129) to work on /opt/airflow/dags/generate_mongo.py
[2026-03-09T20:25:43.276+0000] {processor.py:830} INFO - Processing file /opt/airflow/dags/generate_mongo.py for tasks to queue
[2026-03-09T20:25:43.278+0000] {logging_mixin.py:188} INFO - [2026-03-09T20:25:43.278+0000] {dagbag.py:545} INFO - Filling up the DagBag from /opt/airflow/dags/generate_mongo.py
[2026-03-09T20:25:43.287+0000] {processor.py:840} INFO - DAG(s) '1_generate_mongo_data' retrieved from /opt/airflow/dags/generate_mongo.py
[2026-03-09T20:25:43.303+0000] {logging_mixin.py:188} INFO - [2026-03-09T20:25:43.303+0000] {dag.py:3089} INFO - Sync 1 DAGs
[2026-03-09T20:25:43.311+0000] {logging_mixin.py:188} INFO - [2026-03-09T20:25:43.310+0000] {dag.py:3947} INFO - Setting next_dagrun for 1_generate_mongo_data to None, run_after=None
[2026-03-09T20:25:43.322+0000] {processor.py:183} INFO - Processing /opt/airflow/dags/generate_mongo.py took 0.050 seconds
[2026-03-09T20:26:13.564+0000] {processor.py:161} INFO - Started process (PID=132) to work on /opt/airflow/dags/generate_mongo.py
[2026-03-09T20:26:13.565+0000] {processor.py:830} INFO - Processing file /opt/airflow/dags/generate_mongo.py for tasks to queue
[2026-03-09T20:26:13.566+0000] {logging_mixin.py:188} INFO - [2026-03-09T20:26:13.566+0000] {dagbag.py:545} INFO - Filling up the DagBag from /opt/airflow/dags/generate_mongo.py
[2026-03-09T20:26:13.577+0000] {processor.py:840} INFO - DAG(s) '1_generate_mongo_data' retrieved from /opt/airflow/dags/generate_mongo.py
[2026-03-09T20:26:13.593+0000] {logging_mixin.py:188} INFO - [2026-03-09T20:26:13.593+0000] {dag.py:3089} INFO - Sync 1 DAGs
[2026-03-09T20:26:13.601+0000] {logging_mixin.py:188} INFO - [2026-03-09T20:26:13.601+0000] {dag.py:3947} INFO - Setting next_dagrun for 1_generate_mongo_data to None, run_after=None
[2026-03-09T20:26:13.613+0000] {processor.py:183} INFO - Processing /opt/airflow/dags/generate_mongo.py took 0.053 seconds
[2026-03-09T20:26:43.809+0000] {processor.py:161} INFO - Started process (PID=135) to work on /opt/airflow/dags/generate_mongo.py
[2026-03-09T20:26:43.810+0000] {processor.py:830} INFO - Processing file /opt/airflow/dags/generate_mongo.py for tasks to queue
[2026-03-09T20:26:43.811+0000] {logging_mixin.py:188} INFO - [2026-03-09T20:26:43.811+0000] {dagbag.py:545} INFO - Filling up the DagBag from /opt/airflow/dags/generate_mongo.py
[2026-03-09T20:26:43.823+0000] {processor.py:840} INFO - DAG(s) '1_generate_mongo_data' retrieved from /opt/airflow/dags/generate_mongo.py
[2026-03-09T20:26:43.842+0000] {logging_mixin.py:188} INFO - [2026-03-09T20:26:43.841+0000] {dag.py:3089} INFO - Sync 1 DAGs
[2026-03-09T20:26:43.849+0000] {logging_mixin.py:188} INFO - [2026-03-09T20:26:43.849+0000] {dag.py:3947} INFO - Setting next_dagrun for 1_generate_mongo_data to None, run_after=None
[2026-03-09T20:26:43.864+0000] {processor.py:183} INFO - Processing /opt/airflow/dags/generate_mongo.py took 0.059 seconds
[2026-03-09T20:27:14.049+0000] {processor.py:161} INFO - Started process (PID=138) to work on /opt/airflow/dags/generate_mongo.py
[2026-03-09T20:27:14.050+0000] {processor.py:830} INFO - Processing file /opt/airflow/dags/generate_mongo.py for tasks to queue
[2026-03-09T20:27:14.051+0000] {logging_mixin.py:188} INFO - [2026-03-09T20:27:14.051+0000] {dagbag.py:545} INFO - Filling up the DagBag from /opt/airflow/dags/generate_mongo.py
[2026-03-09T20:27:14.062+0000] {processor.py:840} INFO - DAG(s) '1_generate_mongo_data' retrieved from /opt/airflow/dags/generate_mongo.py
[2026-03-09T20:27:14.079+0000] {logging_mixin.py:188} INFO - [2026-03-09T20:27:14.079+0000] {dag.py:3089} INFO - Sync 1 DAGs
[2026-03-09T20:27:14.087+0000] {logging_mixin.py:188} INFO - [2026-03-09T20:27:14.087+0000] {dag.py:3947} INFO - Setting next_dagrun for 1_generate_mongo_data to None, run_after=None
[2026-03-09T20:27:14.121+0000] {processor.py:183} INFO - Processing /opt/airflow/dags/generate_mongo.py took 0.076 seconds
[2026-03-09T20:27:44.274+0000] {processor.py:161} INFO - Started process (PID=141) to work on /opt/airflow/dags/generate_mongo.py
[2026-03-09T20:27:44.274+0000] {processor.py:830} INFO - Processing file /opt/airflow/dags/generate_mongo.py for tasks to queue
[2026-03-09T20:27:44.276+0000] {logging_mixin.py:188} INFO - [2026-03-09T20:27:44.276+0000] {dagbag.py:545} INFO - Filling up the DagBag from /opt/airflow/dags/generate_mongo.py
[2026-03-09T20:27:44.287+0000] {processor.py:840} INFO - DAG(s) '1_generate_mongo_data' retrieved from /opt/airflow/dags/generate_mongo.py
[2026-03-09T20:27:44.304+0000] {logging_mixin.py:188} INFO - [2026-03-09T20:27:44.304+0000] {dag.py:3089} INFO - Sync 1 DAGs
[2026-03-09T20:27:44.312+0000] {logging_mixin.py:188} INFO - [2026-03-09T20:27:44.312+0000] {dag.py:3947} INFO - Setting next_dagrun for 1_generate_mongo_data to None, run_after=None
[2026-03-09T20:27:44.328+0000] {processor.py:183} INFO - Processing /opt/airflow/dags/generate_mongo.py took 0.059 seconds
[2026-03-09T20:28:14.626+0000] {processor.py:161} INFO - Started process (PID=144) to work on /opt/airflow/dags/generate_mongo.py
[2026-03-09T20:28:14.627+0000] {processor.py:830} INFO - Processing file /opt/airflow/dags/generate_mongo.py for tasks to queue
[2026-03-09T20:28:14.628+0000] {logging_mixin.py:188} INFO - [2026-03-09T20:28:14.628+0000] {dagbag.py:545} INFO - Filling up the DagBag from /opt/airflow/dags/generate_mongo.py
[2026-03-09T20:28:14.640+0000] {processor.py:840} INFO - DAG(s) '1_generate_mongo_data' retrieved from /opt/airflow/dags/generate_mongo.py
[2026-03-09T20:28:14.656+0000] {logging_mixin.py:188} INFO - [2026-03-09T20:28:14.656+0000] {dag.py:3089} INFO - Sync 1 DAGs
[2026-03-09T20:28:14.663+0000] {logging_mixin.py:188} INFO - [2026-03-09T20:28:14.663+0000] {dag.py:3947} INFO - Setting next_dagrun for 1_generate_mongo_data to None, run_after=None
[2026-03-09T20:28:14.677+0000] {processor.py:183} INFO - Processing /opt/airflow/dags/generate_mongo.py took 0.055 seconds
[2026-03-09T20:28:44.902+0000] {processor.py:161} INFO - Started process (PID=147) to work on /opt/airflow/dags/generate_mongo.py
[2026-03-09T20:28:44.903+0000] {processor.py:830} INFO - Processing file /opt/airflow/dags/generate_mongo.py for tasks to queue
[2026-03-09T20:28:44.904+0000] {logging_mixin.py:188} INFO - [2026-03-09T20:28:44.904+0000] {dagbag.py:545} INFO - Filling up the DagBag from /opt/airflow/dags/generate_mongo.py
[2026-03-09T20:28:44.918+0000] {processor.py:840} INFO - DAG(s) '1_generate_mongo_data' retrieved from /opt/airflow/dags/generate_mongo.py
[2026-03-09T20:28:44.935+0000] {logging_mixin.py:188} INFO - [2026-03-09T20:28:44.935+0000] {dag.py:3089} INFO - Sync 1 DAGs
[2026-03-09T20:28:44.943+0000] {logging_mixin.py:188} INFO - [2026-03-09T20:28:44.943+0000] {dag.py:3947} INFO - Setting next_dagrun for 1_generate_mongo_data to None, run_after=None
[2026-03-09T20:28:44.957+0000] {processor.py:183} INFO - Processing /opt/airflow/dags/generate_mongo.py took 0.059 seconds
[2026-03-09T20:29:15.150+0000] {processor.py:161} INFO - Started process (PID=150) to work on /opt/airflow/dags/generate_mongo.py
[2026-03-09T20:29:15.150+0000] {processor.py:830} INFO - Processing file /opt/airflow/dags/generate_mongo.py for tasks to queue
[2026-03-09T20:29:15.152+0000] {logging_mixin.py:188} INFO - [2026-03-09T20:29:15.151+0000] {dagbag.py:545} INFO - Filling up the DagBag from /opt/airflow/dags/generate_mongo.py
[2026-03-09T20:29:15.164+0000] {processor.py:840} INFO - DAG(s) '1_generate_mongo_data' retrieved from /opt/airflow/dags/generate_mongo.py
[2026-03-09T20:29:15.181+0000] {logging_mixin.py:188} INFO - [2026-03-09T20:29:15.181+0000] {dag.py:3089} INFO - Sync 1 DAGs
[2026-03-09T20:29:15.191+0000] {logging_mixin.py:188} INFO - [2026-03-09T20:29:15.191+0000] {dag.py:3947} INFO - Setting next_dagrun for 1_generate_mongo_data to None, run_after=None
[2026-03-09T20:29:15.205+0000] {processor.py:183} INFO - Processing /opt/airflow/dags/generate_mongo.py took 0.060 seconds
[2026-03-09T20:29:45.399+0000] {processor.py:161} INFO - Started process (PID=153) to work on /opt/airflow/dags/generate_mongo.py
[2026-03-09T20:29:45.400+0000] {processor.py:830} INFO - Processing file /opt/airflow/dags/generate_mongo.py for tasks to queue
[2026-03-09T20:29:45.401+0000] {logging_mixin.py:188} INFO - [2026-03-09T20:29:45.401+0000] {dagbag.py:545} INFO - Filling up the DagBag from /opt/airflow/dags/generate_mongo.py
[2026-03-09T20:29:45.414+0000] {processor.py:840} INFO - DAG(s) '1_generate_mongo_data' retrieved from /opt/airflow/dags/generate_mongo.py
[2026-03-09T20:29:45.429+0000] {logging_mixin.py:188} INFO - [2026-03-09T20:29:45.429+0000] {dag.py:3089} INFO - Sync 1 DAGs
[2026-03-09T20:29:45.436+0000] {logging_mixin.py:188} INFO - [2026-03-09T20:29:45.436+0000] {dag.py:3947} INFO - Setting next_dagrun for 1_generate_mongo_data to None, run_after=None
[2026-03-09T20:29:45.452+0000] {processor.py:183} INFO - Processing /opt/airflow/dags/generate_mongo.py took 0.056 seconds
[2026-03-09T20:30:15.616+0000] {processor.py:161} INFO - Started process (PID=156) to work on /opt/airflow/dags/generate_mongo.py
[2026-03-09T20:30:15.616+0000] {processor.py:830} INFO - Processing file /opt/airflow/dags/generate_mongo.py for tasks to queue
[2026-03-09T20:30:15.618+0000] {logging_mixin.py:188} INFO - [2026-03-09T20:30:15.617+0000] {dagbag.py:545} INFO - Filling up the DagBag from /opt/airflow/dags/generate_mongo.py
[2026-03-09T20:30:15.627+0000] {processor.py:840} INFO - DAG(s) '1_generate_mongo_data' retrieved from /opt/airflow/dags/generate_mongo.py
[2026-03-09T20:30:15.643+0000] {logging_mixin.py:188} INFO - [2026-03-09T20:30:15.643+0000] {dag.py:3089} INFO - Sync 1 DAGs
[2026-03-09T20:30:15.650+0000] {logging_mixin.py:188} INFO - [2026-03-09T20:30:15.650+0000] {dag.py:3947} INFO - Setting next_dagrun for 1_generate_mongo_data to None, run_after=None
[2026-03-09T20:30:15.662+0000] {processor.py:183} INFO - Processing /opt/airflow/dags/generate_mongo.py took 0.051 seconds
[2026-03-09T20:30:45.876+0000] {processor.py:161} INFO - Started process (PID=159) to work on /opt/airflow/dags/generate_mongo.py
[2026-03-09T20:30:45.877+0000] {processor.py:830} INFO - Processing file /opt/airflow/dags/generate_mongo.py for tasks to queue
[2026-03-09T20:30:45.878+0000] {logging_mixin.py:188} INFO - [2026-03-09T20:30:45.878+0000] {dagbag.py:545} INFO - Filling up the DagBag from /opt/airflow/dags/generate_mongo.py
[2026-03-09T20:30:45.888+0000] {processor.py:840} INFO - DAG(s) '1_generate_mongo_data' retrieved from /opt/airflow/dags/generate_mongo.py
[2026-03-09T20:30:45.904+0000] {logging_mixin.py:188} INFO - [2026-03-09T20:30:45.904+0000] {dag.py:3089} INFO - Sync 1 DAGs
[2026-03-09T20:30:45.912+0000] {logging_mixin.py:188} INFO - [2026-03-09T20:30:45.912+0000] {dag.py:3947} INFO - Setting next_dagrun for 1_generate_mongo_data to None, run_after=None
[2026-03-09T20:30:45.924+0000] {processor.py:183} INFO - Processing /opt/airflow/dags/generate_mongo.py took 0.052 seconds
