[2026-03-09T19:56:16.633+0000] {processor.py:161} INFO - Started process (PID=44) to work on /opt/airflow/dags/mongo_v_postre.py
[2026-03-09T19:56:16.634+0000] {processor.py:830} INFO - Processing file /opt/airflow/dags/mongo_v_postre.py for tasks to queue
[2026-03-09T19:56:16.635+0000] {logging_mixin.py:188} INFO - [2026-03-09T19:56:16.635+0000] {dagbag.py:545} INFO - Filling up the DagBag from /opt/airflow/dags/mongo_v_postre.py
[2026-03-09T19:56:16.657+0000] {logging_mixin.py:188} INFO - [2026-03-09T19:56:16.655+0000] {dagbag.py:355} ERROR - Failed to import: /opt/airflow/dags/mongo_v_postre.py
Traceback (most recent call last):
  File "/home/airflow/.local/lib/python3.12/site-packages/airflow/models/dagbag.py", line 351, in parse
    loader.exec_module(new_module)
  File "<frozen importlib._bootstrap_external>", line 995, in exec_module
  File "<frozen importlib._bootstrap>", line 488, in _call_with_frames_removed
  File "/opt/airflow/dags/mongo_v_postre.py", line 3, in <module>
    from airflow.providers.mongo.hooks.mongo import MongoHook
ModuleNotFoundError: No module named 'airflow.providers.mongo'
[2026-03-09T19:56:16.658+0000] {processor.py:842} WARNING - No viable dags retrieved from /opt/airflow/dags/mongo_v_postre.py
[2026-03-09T19:56:16.674+0000] {processor.py:183} INFO - Processing /opt/airflow/dags/mongo_v_postre.py took 0.046 seconds
[2026-03-09T19:56:46.954+0000] {processor.py:161} INFO - Started process (PID=47) to work on /opt/airflow/dags/mongo_v_postre.py
[2026-03-09T19:56:46.955+0000] {processor.py:830} INFO - Processing file /opt/airflow/dags/mongo_v_postre.py for tasks to queue
[2026-03-09T19:56:46.956+0000] {logging_mixin.py:188} INFO - [2026-03-09T19:56:46.956+0000] {dagbag.py:545} INFO - Filling up the DagBag from /opt/airflow/dags/mongo_v_postre.py
[2026-03-09T19:56:46.965+0000] {logging_mixin.py:188} INFO - [2026-03-09T19:56:46.963+0000] {dagbag.py:355} ERROR - Failed to import: /opt/airflow/dags/mongo_v_postre.py
Traceback (most recent call last):
  File "/home/airflow/.local/lib/python3.12/site-packages/airflow/models/dagbag.py", line 351, in parse
    loader.exec_module(new_module)
  File "<frozen importlib._bootstrap_external>", line 995, in exec_module
  File "<frozen importlib._bootstrap>", line 488, in _call_with_frames_removed
  File "/opt/airflow/dags/mongo_v_postre.py", line 3, in <module>
    from airflow.providers.mongo.hooks.mongo import MongoHook
ModuleNotFoundError: No module named 'airflow.providers.mongo'
[2026-03-09T19:56:46.966+0000] {processor.py:842} WARNING - No viable dags retrieved from /opt/airflow/dags/mongo_v_postre.py
[2026-03-09T19:56:46.978+0000] {processor.py:183} INFO - Processing /opt/airflow/dags/mongo_v_postre.py took 0.028 seconds
[2026-03-09T19:57:17.167+0000] {processor.py:161} INFO - Started process (PID=50) to work on /opt/airflow/dags/mongo_v_postre.py
[2026-03-09T19:57:17.168+0000] {processor.py:830} INFO - Processing file /opt/airflow/dags/mongo_v_postre.py for tasks to queue
[2026-03-09T19:57:17.169+0000] {logging_mixin.py:188} INFO - [2026-03-09T19:57:17.169+0000] {dagbag.py:545} INFO - Filling up the DagBag from /opt/airflow/dags/mongo_v_postre.py
[2026-03-09T19:57:17.177+0000] {logging_mixin.py:188} INFO - [2026-03-09T19:57:17.175+0000] {dagbag.py:355} ERROR - Failed to import: /opt/airflow/dags/mongo_v_postre.py
Traceback (most recent call last):
  File "/home/airflow/.local/lib/python3.12/site-packages/airflow/models/dagbag.py", line 351, in parse
    loader.exec_module(new_module)
  File "<frozen importlib._bootstrap_external>", line 995, in exec_module
  File "<frozen importlib._bootstrap>", line 488, in _call_with_frames_removed
  File "/opt/airflow/dags/mongo_v_postre.py", line 3, in <module>
    from airflow.providers.mongo.hooks.mongo import MongoHook
ModuleNotFoundError: No module named 'airflow.providers.mongo'
[2026-03-09T19:57:17.178+0000] {processor.py:842} WARNING - No viable dags retrieved from /opt/airflow/dags/mongo_v_postre.py
[2026-03-09T19:57:17.192+0000] {processor.py:183} INFO - Processing /opt/airflow/dags/mongo_v_postre.py took 0.029 seconds
[2026-03-09T19:57:47.416+0000] {processor.py:161} INFO - Started process (PID=53) to work on /opt/airflow/dags/mongo_v_postre.py
[2026-03-09T19:57:47.416+0000] {processor.py:830} INFO - Processing file /opt/airflow/dags/mongo_v_postre.py for tasks to queue
[2026-03-09T19:57:47.418+0000] {logging_mixin.py:188} INFO - [2026-03-09T19:57:47.418+0000] {dagbag.py:545} INFO - Filling up the DagBag from /opt/airflow/dags/mongo_v_postre.py
[2026-03-09T19:57:47.426+0000] {logging_mixin.py:188} INFO - [2026-03-09T19:57:47.424+0000] {dagbag.py:355} ERROR - Failed to import: /opt/airflow/dags/mongo_v_postre.py
Traceback (most recent call last):
  File "/home/airflow/.local/lib/python3.12/site-packages/airflow/models/dagbag.py", line 351, in parse
    loader.exec_module(new_module)
  File "<frozen importlib._bootstrap_external>", line 995, in exec_module
  File "<frozen importlib._bootstrap>", line 488, in _call_with_frames_removed
  File "/opt/airflow/dags/mongo_v_postre.py", line 3, in <module>
    from airflow.providers.mongo.hooks.mongo import MongoHook
ModuleNotFoundError: No module named 'airflow.providers.mongo'
[2026-03-09T19:57:47.427+0000] {processor.py:842} WARNING - No viable dags retrieved from /opt/airflow/dags/mongo_v_postre.py
[2026-03-09T19:57:47.441+0000] {processor.py:183} INFO - Processing /opt/airflow/dags/mongo_v_postre.py took 0.030 seconds
[2026-03-09T19:58:17.624+0000] {processor.py:161} INFO - Started process (PID=56) to work on /opt/airflow/dags/mongo_v_postre.py
[2026-03-09T19:58:17.625+0000] {processor.py:830} INFO - Processing file /opt/airflow/dags/mongo_v_postre.py for tasks to queue
[2026-03-09T19:58:17.626+0000] {logging_mixin.py:188} INFO - [2026-03-09T19:58:17.626+0000] {dagbag.py:545} INFO - Filling up the DagBag from /opt/airflow/dags/mongo_v_postre.py
[2026-03-09T19:58:17.636+0000] {logging_mixin.py:188} INFO - [2026-03-09T19:58:17.634+0000] {dagbag.py:355} ERROR - Failed to import: /opt/airflow/dags/mongo_v_postre.py
Traceback (most recent call last):
  File "/home/airflow/.local/lib/python3.12/site-packages/airflow/models/dagbag.py", line 351, in parse
    loader.exec_module(new_module)
  File "<frozen importlib._bootstrap_external>", line 995, in exec_module
  File "<frozen importlib._bootstrap>", line 488, in _call_with_frames_removed
  File "/opt/airflow/dags/mongo_v_postre.py", line 3, in <module>
    from airflow.providers.mongo.hooks.mongo import MongoHook
ModuleNotFoundError: No module named 'airflow.providers.mongo'
[2026-03-09T19:58:17.636+0000] {processor.py:842} WARNING - No viable dags retrieved from /opt/airflow/dags/mongo_v_postre.py
[2026-03-09T19:58:17.651+0000] {processor.py:183} INFO - Processing /opt/airflow/dags/mongo_v_postre.py took 0.030 seconds
[2026-03-09T19:58:47.878+0000] {processor.py:161} INFO - Started process (PID=59) to work on /opt/airflow/dags/mongo_v_postre.py
[2026-03-09T19:58:47.878+0000] {processor.py:830} INFO - Processing file /opt/airflow/dags/mongo_v_postre.py for tasks to queue
[2026-03-09T19:58:47.880+0000] {logging_mixin.py:188} INFO - [2026-03-09T19:58:47.879+0000] {dagbag.py:545} INFO - Filling up the DagBag from /opt/airflow/dags/mongo_v_postre.py
[2026-03-09T19:58:47.892+0000] {logging_mixin.py:188} INFO - [2026-03-09T19:58:47.889+0000] {dagbag.py:355} ERROR - Failed to import: /opt/airflow/dags/mongo_v_postre.py
Traceback (most recent call last):
  File "/home/airflow/.local/lib/python3.12/site-packages/airflow/models/dagbag.py", line 351, in parse
    loader.exec_module(new_module)
  File "<frozen importlib._bootstrap_external>", line 995, in exec_module
  File "<frozen importlib._bootstrap>", line 488, in _call_with_frames_removed
  File "/opt/airflow/dags/mongo_v_postre.py", line 3, in <module>
    from airflow.providers.mongo.hooks.mongo import MongoHook
ModuleNotFoundError: No module named 'airflow.providers.mongo'
[2026-03-09T19:58:47.893+0000] {processor.py:842} WARNING - No viable dags retrieved from /opt/airflow/dags/mongo_v_postre.py
[2026-03-09T19:58:47.909+0000] {processor.py:183} INFO - Processing /opt/airflow/dags/mongo_v_postre.py took 0.035 seconds
[2026-03-09T19:59:18.153+0000] {processor.py:161} INFO - Started process (PID=62) to work on /opt/airflow/dags/mongo_v_postre.py
[2026-03-09T19:59:18.153+0000] {processor.py:830} INFO - Processing file /opt/airflow/dags/mongo_v_postre.py for tasks to queue
[2026-03-09T19:59:18.154+0000] {logging_mixin.py:188} INFO - [2026-03-09T19:59:18.154+0000] {dagbag.py:545} INFO - Filling up the DagBag from /opt/airflow/dags/mongo_v_postre.py
[2026-03-09T19:59:18.162+0000] {logging_mixin.py:188} INFO - [2026-03-09T19:59:18.160+0000] {dagbag.py:355} ERROR - Failed to import: /opt/airflow/dags/mongo_v_postre.py
Traceback (most recent call last):
  File "/home/airflow/.local/lib/python3.12/site-packages/airflow/models/dagbag.py", line 351, in parse
    loader.exec_module(new_module)
  File "<frozen importlib._bootstrap_external>", line 995, in exec_module
  File "<frozen importlib._bootstrap>", line 488, in _call_with_frames_removed
  File "/opt/airflow/dags/mongo_v_postre.py", line 3, in <module>
    from airflow.providers.mongo.hooks.mongo import MongoHook
ModuleNotFoundError: No module named 'airflow.providers.mongo'
[2026-03-09T19:59:18.163+0000] {processor.py:842} WARNING - No viable dags retrieved from /opt/airflow/dags/mongo_v_postre.py
[2026-03-09T19:59:18.180+0000] {processor.py:183} INFO - Processing /opt/airflow/dags/mongo_v_postre.py took 0.030 seconds
[2026-03-09T19:59:48.406+0000] {processor.py:161} INFO - Started process (PID=65) to work on /opt/airflow/dags/mongo_v_postre.py
[2026-03-09T19:59:48.406+0000] {processor.py:830} INFO - Processing file /opt/airflow/dags/mongo_v_postre.py for tasks to queue
[2026-03-09T19:59:48.407+0000] {logging_mixin.py:188} INFO - [2026-03-09T19:59:48.407+0000] {dagbag.py:545} INFO - Filling up the DagBag from /opt/airflow/dags/mongo_v_postre.py
[2026-03-09T19:59:48.416+0000] {logging_mixin.py:188} INFO - [2026-03-09T19:59:48.414+0000] {dagbag.py:355} ERROR - Failed to import: /opt/airflow/dags/mongo_v_postre.py
Traceback (most recent call last):
  File "/home/airflow/.local/lib/python3.12/site-packages/airflow/models/dagbag.py", line 351, in parse
    loader.exec_module(new_module)
  File "<frozen importlib._bootstrap_external>", line 995, in exec_module
  File "<frozen importlib._bootstrap>", line 488, in _call_with_frames_removed
  File "/opt/airflow/dags/mongo_v_postre.py", line 3, in <module>
    from airflow.providers.mongo.hooks.mongo import MongoHook
ModuleNotFoundError: No module named 'airflow.providers.mongo'
[2026-03-09T19:59:48.417+0000] {processor.py:842} WARNING - No viable dags retrieved from /opt/airflow/dags/mongo_v_postre.py
[2026-03-09T19:59:48.431+0000] {processor.py:183} INFO - Processing /opt/airflow/dags/mongo_v_postre.py took 0.029 seconds
[2026-03-09T20:00:18.640+0000] {processor.py:161} INFO - Started process (PID=68) to work on /opt/airflow/dags/mongo_v_postre.py
[2026-03-09T20:00:18.640+0000] {processor.py:830} INFO - Processing file /opt/airflow/dags/mongo_v_postre.py for tasks to queue
[2026-03-09T20:00:18.641+0000] {logging_mixin.py:188} INFO - [2026-03-09T20:00:18.641+0000] {dagbag.py:545} INFO - Filling up the DagBag from /opt/airflow/dags/mongo_v_postre.py
[2026-03-09T20:00:18.649+0000] {logging_mixin.py:188} INFO - [2026-03-09T20:00:18.647+0000] {dagbag.py:355} ERROR - Failed to import: /opt/airflow/dags/mongo_v_postre.py
Traceback (most recent call last):
  File "/home/airflow/.local/lib/python3.12/site-packages/airflow/models/dagbag.py", line 351, in parse
    loader.exec_module(new_module)
  File "<frozen importlib._bootstrap_external>", line 995, in exec_module
  File "<frozen importlib._bootstrap>", line 488, in _call_with_frames_removed
  File "/opt/airflow/dags/mongo_v_postre.py", line 3, in <module>
    from airflow.providers.mongo.hooks.mongo import MongoHook
ModuleNotFoundError: No module named 'airflow.providers.mongo'
[2026-03-09T20:00:18.650+0000] {processor.py:842} WARNING - No viable dags retrieved from /opt/airflow/dags/mongo_v_postre.py
[2026-03-09T20:00:18.663+0000] {processor.py:183} INFO - Processing /opt/airflow/dags/mongo_v_postre.py took 0.026 seconds
[2026-03-09T20:05:18.659+0000] {processor.py:161} INFO - Started process (PID=44) to work on /opt/airflow/dags/mongo_v_postre.py
[2026-03-09T20:05:18.659+0000] {processor.py:830} INFO - Processing file /opt/airflow/dags/mongo_v_postre.py for tasks to queue
[2026-03-09T20:05:18.660+0000] {logging_mixin.py:188} INFO - [2026-03-09T20:05:18.660+0000] {dagbag.py:545} INFO - Filling up the DagBag from /opt/airflow/dags/mongo_v_postre.py
[2026-03-09T20:05:18.673+0000] {processor.py:840} INFO - DAG(s) '2_mongo_to_postgres_etl' retrieved from /opt/airflow/dags/mongo_v_postre.py
[2026-03-09T20:05:18.811+0000] {logging_mixin.py:188} INFO - [2026-03-09T20:05:18.810+0000] {override.py:1858} INFO - Created Permission View: can read on DAG:2_mongo_to_postgres_etl
[2026-03-09T20:05:18.818+0000] {logging_mixin.py:188} INFO - [2026-03-09T20:05:18.818+0000] {override.py:1858} INFO - Created Permission View: can edit on DAG:2_mongo_to_postgres_etl
[2026-03-09T20:05:18.823+0000] {logging_mixin.py:188} INFO - [2026-03-09T20:05:18.823+0000] {override.py:1858} INFO - Created Permission View: can delete on DAG:2_mongo_to_postgres_etl
[2026-03-09T20:05:18.823+0000] {logging_mixin.py:188} INFO - [2026-03-09T20:05:18.823+0000] {dag.py:3089} INFO - Sync 1 DAGs
[2026-03-09T20:05:18.829+0000] {logging_mixin.py:188} INFO - [2026-03-09T20:05:18.829+0000] {dag.py:3111} INFO - Creating ORM DAG for 2_mongo_to_postgres_etl
[2026-03-09T20:05:18.835+0000] {logging_mixin.py:188} INFO - [2026-03-09T20:05:18.835+0000] {dag.py:3947} INFO - Setting next_dagrun for 2_mongo_to_postgres_etl to 2026-03-09 00:00:00+00:00, run_after=2026-03-10 00:00:00+00:00
[2026-03-09T20:05:18.851+0000] {processor.py:183} INFO - Processing /opt/airflow/dags/mongo_v_postre.py took 0.195 seconds
[2026-03-09T20:05:49.019+0000] {processor.py:161} INFO - Started process (PID=47) to work on /opt/airflow/dags/mongo_v_postre.py
[2026-03-09T20:05:49.020+0000] {processor.py:830} INFO - Processing file /opt/airflow/dags/mongo_v_postre.py for tasks to queue
[2026-03-09T20:05:49.021+0000] {logging_mixin.py:188} INFO - [2026-03-09T20:05:49.021+0000] {dagbag.py:545} INFO - Filling up the DagBag from /opt/airflow/dags/mongo_v_postre.py
[2026-03-09T20:05:49.034+0000] {processor.py:840} INFO - DAG(s) '2_mongo_to_postgres_etl' retrieved from /opt/airflow/dags/mongo_v_postre.py
[2026-03-09T20:05:49.053+0000] {logging_mixin.py:188} INFO - [2026-03-09T20:05:49.053+0000] {dag.py:3089} INFO - Sync 1 DAGs
[2026-03-09T20:05:49.067+0000] {logging_mixin.py:188} INFO - [2026-03-09T20:05:49.067+0000] {dag.py:3947} INFO - Setting next_dagrun for 2_mongo_to_postgres_etl to 2026-03-09 00:00:00+00:00, run_after=2026-03-10 00:00:00+00:00
[2026-03-09T20:05:49.082+0000] {processor.py:183} INFO - Processing /opt/airflow/dags/mongo_v_postre.py took 0.066 seconds
[2026-03-09T20:06:19.302+0000] {processor.py:161} INFO - Started process (PID=50) to work on /opt/airflow/dags/mongo_v_postre.py
[2026-03-09T20:06:19.302+0000] {processor.py:830} INFO - Processing file /opt/airflow/dags/mongo_v_postre.py for tasks to queue
[2026-03-09T20:06:19.304+0000] {logging_mixin.py:188} INFO - [2026-03-09T20:06:19.304+0000] {dagbag.py:545} INFO - Filling up the DagBag from /opt/airflow/dags/mongo_v_postre.py
[2026-03-09T20:06:19.319+0000] {processor.py:840} INFO - DAG(s) '2_mongo_to_postgres_etl' retrieved from /opt/airflow/dags/mongo_v_postre.py
[2026-03-09T20:06:19.336+0000] {logging_mixin.py:188} INFO - [2026-03-09T20:06:19.336+0000] {dag.py:3089} INFO - Sync 1 DAGs
[2026-03-09T20:06:19.350+0000] {logging_mixin.py:188} INFO - [2026-03-09T20:06:19.350+0000] {dag.py:3947} INFO - Setting next_dagrun for 2_mongo_to_postgres_etl to 2026-03-09 00:00:00+00:00, run_after=2026-03-10 00:00:00+00:00
[2026-03-09T20:06:19.364+0000] {processor.py:183} INFO - Processing /opt/airflow/dags/mongo_v_postre.py took 0.066 seconds
[2026-03-09T20:06:49.589+0000] {processor.py:161} INFO - Started process (PID=53) to work on /opt/airflow/dags/mongo_v_postre.py
[2026-03-09T20:06:49.589+0000] {processor.py:830} INFO - Processing file /opt/airflow/dags/mongo_v_postre.py for tasks to queue
[2026-03-09T20:06:49.591+0000] {logging_mixin.py:188} INFO - [2026-03-09T20:06:49.591+0000] {dagbag.py:545} INFO - Filling up the DagBag from /opt/airflow/dags/mongo_v_postre.py
[2026-03-09T20:06:49.610+0000] {processor.py:840} INFO - DAG(s) '2_mongo_to_postgres_etl' retrieved from /opt/airflow/dags/mongo_v_postre.py
[2026-03-09T20:06:49.630+0000] {logging_mixin.py:188} INFO - [2026-03-09T20:06:49.630+0000] {dag.py:3089} INFO - Sync 1 DAGs
[2026-03-09T20:06:49.646+0000] {logging_mixin.py:188} INFO - [2026-03-09T20:06:49.646+0000] {dag.py:3947} INFO - Setting next_dagrun for 2_mongo_to_postgres_etl to 2026-03-09 00:00:00+00:00, run_after=2026-03-10 00:00:00+00:00
[2026-03-09T20:06:49.660+0000] {processor.py:183} INFO - Processing /opt/airflow/dags/mongo_v_postre.py took 0.076 seconds
[2026-03-09T20:07:19.838+0000] {processor.py:161} INFO - Started process (PID=56) to work on /opt/airflow/dags/mongo_v_postre.py
[2026-03-09T20:07:19.839+0000] {processor.py:830} INFO - Processing file /opt/airflow/dags/mongo_v_postre.py for tasks to queue
[2026-03-09T20:07:19.840+0000] {logging_mixin.py:188} INFO - [2026-03-09T20:07:19.840+0000] {dagbag.py:545} INFO - Filling up the DagBag from /opt/airflow/dags/mongo_v_postre.py
[2026-03-09T20:07:19.853+0000] {processor.py:840} INFO - DAG(s) '2_mongo_to_postgres_etl' retrieved from /opt/airflow/dags/mongo_v_postre.py
[2026-03-09T20:07:19.871+0000] {logging_mixin.py:188} INFO - [2026-03-09T20:07:19.870+0000] {dag.py:3089} INFO - Sync 1 DAGs
[2026-03-09T20:07:19.883+0000] {logging_mixin.py:188} INFO - [2026-03-09T20:07:19.883+0000] {dag.py:3947} INFO - Setting next_dagrun for 2_mongo_to_postgres_etl to 2026-03-09 00:00:00+00:00, run_after=2026-03-10 00:00:00+00:00
[2026-03-09T20:07:19.896+0000] {processor.py:183} INFO - Processing /opt/airflow/dags/mongo_v_postre.py took 0.061 seconds
[2026-03-09T20:07:50.069+0000] {processor.py:161} INFO - Started process (PID=59) to work on /opt/airflow/dags/mongo_v_postre.py
[2026-03-09T20:07:50.070+0000] {processor.py:830} INFO - Processing file /opt/airflow/dags/mongo_v_postre.py for tasks to queue
[2026-03-09T20:07:50.071+0000] {logging_mixin.py:188} INFO - [2026-03-09T20:07:50.070+0000] {dagbag.py:545} INFO - Filling up the DagBag from /opt/airflow/dags/mongo_v_postre.py
[2026-03-09T20:07:50.089+0000] {processor.py:840} INFO - DAG(s) '2_mongo_to_postgres_etl' retrieved from /opt/airflow/dags/mongo_v_postre.py
[2026-03-09T20:07:50.107+0000] {logging_mixin.py:188} INFO - [2026-03-09T20:07:50.107+0000] {dag.py:3089} INFO - Sync 1 DAGs
[2026-03-09T20:07:50.122+0000] {logging_mixin.py:188} INFO - [2026-03-09T20:07:50.122+0000] {dag.py:3947} INFO - Setting next_dagrun for 2_mongo_to_postgres_etl to 2026-03-09 00:00:00+00:00, run_after=2026-03-10 00:00:00+00:00
[2026-03-09T20:07:50.137+0000] {processor.py:183} INFO - Processing /opt/airflow/dags/mongo_v_postre.py took 0.071 seconds
[2026-03-09T20:08:20.344+0000] {processor.py:161} INFO - Started process (PID=74) to work on /opt/airflow/dags/mongo_v_postre.py
[2026-03-09T20:08:20.345+0000] {processor.py:830} INFO - Processing file /opt/airflow/dags/mongo_v_postre.py for tasks to queue
[2026-03-09T20:08:20.346+0000] {logging_mixin.py:188} INFO - [2026-03-09T20:08:20.346+0000] {dagbag.py:545} INFO - Filling up the DagBag from /opt/airflow/dags/mongo_v_postre.py
[2026-03-09T20:08:20.359+0000] {processor.py:840} INFO - DAG(s) '2_mongo_to_postgres_etl' retrieved from /opt/airflow/dags/mongo_v_postre.py
[2026-03-09T20:08:20.378+0000] {logging_mixin.py:188} INFO - [2026-03-09T20:08:20.378+0000] {dag.py:3089} INFO - Sync 1 DAGs
[2026-03-09T20:08:20.394+0000] {logging_mixin.py:188} INFO - [2026-03-09T20:08:20.394+0000] {dag.py:3947} INFO - Setting next_dagrun for 2_mongo_to_postgres_etl to 2026-03-09 00:00:00+00:00, run_after=2026-03-10 00:00:00+00:00
[2026-03-09T20:08:20.407+0000] {processor.py:183} INFO - Processing /opt/airflow/dags/mongo_v_postre.py took 0.067 seconds
[2026-03-09T20:08:50.617+0000] {processor.py:161} INFO - Started process (PID=78) to work on /opt/airflow/dags/mongo_v_postre.py
[2026-03-09T20:08:50.618+0000] {processor.py:830} INFO - Processing file /opt/airflow/dags/mongo_v_postre.py for tasks to queue
[2026-03-09T20:08:50.619+0000] {logging_mixin.py:188} INFO - [2026-03-09T20:08:50.619+0000] {dagbag.py:545} INFO - Filling up the DagBag from /opt/airflow/dags/mongo_v_postre.py
[2026-03-09T20:08:50.635+0000] {processor.py:840} INFO - DAG(s) '2_mongo_to_postgres_etl' retrieved from /opt/airflow/dags/mongo_v_postre.py
[2026-03-09T20:08:50.654+0000] {logging_mixin.py:188} INFO - [2026-03-09T20:08:50.654+0000] {dag.py:3089} INFO - Sync 1 DAGs
[2026-03-09T20:08:50.668+0000] {logging_mixin.py:188} INFO - [2026-03-09T20:08:50.668+0000] {dag.py:3947} INFO - Setting next_dagrun for 2_mongo_to_postgres_etl to 2026-03-09 00:00:00+00:00, run_after=2026-03-10 00:00:00+00:00
[2026-03-09T20:08:50.684+0000] {processor.py:183} INFO - Processing /opt/airflow/dags/mongo_v_postre.py took 0.070 seconds
[2026-03-09T20:09:20.881+0000] {processor.py:161} INFO - Started process (PID=122) to work on /opt/airflow/dags/mongo_v_postre.py
[2026-03-09T20:09:20.882+0000] {processor.py:830} INFO - Processing file /opt/airflow/dags/mongo_v_postre.py for tasks to queue
[2026-03-09T20:09:20.883+0000] {logging_mixin.py:188} INFO - [2026-03-09T20:09:20.883+0000] {dagbag.py:545} INFO - Filling up the DagBag from /opt/airflow/dags/mongo_v_postre.py
[2026-03-09T20:09:20.902+0000] {processor.py:840} INFO - DAG(s) '2_mongo_to_postgres_etl' retrieved from /opt/airflow/dags/mongo_v_postre.py
[2026-03-09T20:09:20.919+0000] {logging_mixin.py:188} INFO - [2026-03-09T20:09:20.918+0000] {dag.py:3089} INFO - Sync 1 DAGs
[2026-03-09T20:09:20.932+0000] {logging_mixin.py:188} INFO - [2026-03-09T20:09:20.932+0000] {dag.py:3947} INFO - Setting next_dagrun for 2_mongo_to_postgres_etl to 2026-03-09 00:00:00+00:00, run_after=2026-03-10 00:00:00+00:00
[2026-03-09T20:09:20.946+0000] {processor.py:183} INFO - Processing /opt/airflow/dags/mongo_v_postre.py took 0.068 seconds
[2026-03-09T20:09:51.143+0000] {processor.py:161} INFO - Started process (PID=125) to work on /opt/airflow/dags/mongo_v_postre.py
[2026-03-09T20:09:51.143+0000] {processor.py:830} INFO - Processing file /opt/airflow/dags/mongo_v_postre.py for tasks to queue
[2026-03-09T20:09:51.145+0000] {logging_mixin.py:188} INFO - [2026-03-09T20:09:51.144+0000] {dagbag.py:545} INFO - Filling up the DagBag from /opt/airflow/dags/mongo_v_postre.py
[2026-03-09T20:09:51.156+0000] {processor.py:840} INFO - DAG(s) '2_mongo_to_postgres_etl' retrieved from /opt/airflow/dags/mongo_v_postre.py
[2026-03-09T20:09:51.170+0000] {logging_mixin.py:188} INFO - [2026-03-09T20:09:51.170+0000] {dag.py:3089} INFO - Sync 1 DAGs
[2026-03-09T20:09:51.182+0000] {logging_mixin.py:188} INFO - [2026-03-09T20:09:51.182+0000] {dag.py:3947} INFO - Setting next_dagrun for 2_mongo_to_postgres_etl to 2026-03-09 00:00:00+00:00, run_after=2026-03-10 00:00:00+00:00
[2026-03-09T20:09:51.195+0000] {processor.py:183} INFO - Processing /opt/airflow/dags/mongo_v_postre.py took 0.055 seconds
[2026-03-09T20:10:21.404+0000] {processor.py:161} INFO - Started process (PID=128) to work on /opt/airflow/dags/mongo_v_postre.py
[2026-03-09T20:10:21.405+0000] {processor.py:830} INFO - Processing file /opt/airflow/dags/mongo_v_postre.py for tasks to queue
[2026-03-09T20:10:21.406+0000] {logging_mixin.py:188} INFO - [2026-03-09T20:10:21.406+0000] {dagbag.py:545} INFO - Filling up the DagBag from /opt/airflow/dags/mongo_v_postre.py
[2026-03-09T20:10:21.418+0000] {processor.py:840} INFO - DAG(s) '2_mongo_to_postgres_etl' retrieved from /opt/airflow/dags/mongo_v_postre.py
[2026-03-09T20:10:21.434+0000] {logging_mixin.py:188} INFO - [2026-03-09T20:10:21.434+0000] {dag.py:3089} INFO - Sync 1 DAGs
[2026-03-09T20:10:21.447+0000] {logging_mixin.py:188} INFO - [2026-03-09T20:10:21.447+0000] {dag.py:3947} INFO - Setting next_dagrun for 2_mongo_to_postgres_etl to 2026-03-09 00:00:00+00:00, run_after=2026-03-10 00:00:00+00:00
[2026-03-09T20:10:21.459+0000] {processor.py:183} INFO - Processing /opt/airflow/dags/mongo_v_postre.py took 0.058 seconds
[2026-03-09T20:10:51.640+0000] {processor.py:161} INFO - Started process (PID=131) to work on /opt/airflow/dags/mongo_v_postre.py
[2026-03-09T20:10:51.640+0000] {processor.py:830} INFO - Processing file /opt/airflow/dags/mongo_v_postre.py for tasks to queue
[2026-03-09T20:10:51.641+0000] {logging_mixin.py:188} INFO - [2026-03-09T20:10:51.641+0000] {dagbag.py:545} INFO - Filling up the DagBag from /opt/airflow/dags/mongo_v_postre.py
[2026-03-09T20:10:51.655+0000] {processor.py:840} INFO - DAG(s) '2_mongo_to_postgres_etl' retrieved from /opt/airflow/dags/mongo_v_postre.py
[2026-03-09T20:10:51.671+0000] {logging_mixin.py:188} INFO - [2026-03-09T20:10:51.671+0000] {dag.py:3089} INFO - Sync 1 DAGs
[2026-03-09T20:10:51.684+0000] {logging_mixin.py:188} INFO - [2026-03-09T20:10:51.683+0000] {dag.py:3947} INFO - Setting next_dagrun for 2_mongo_to_postgres_etl to 2026-03-09 00:00:00+00:00, run_after=2026-03-10 00:00:00+00:00
[2026-03-09T20:10:51.698+0000] {processor.py:183} INFO - Processing /opt/airflow/dags/mongo_v_postre.py took 0.062 seconds
[2026-03-09T20:11:21.879+0000] {processor.py:161} INFO - Started process (PID=134) to work on /opt/airflow/dags/mongo_v_postre.py
[2026-03-09T20:11:21.879+0000] {processor.py:830} INFO - Processing file /opt/airflow/dags/mongo_v_postre.py for tasks to queue
[2026-03-09T20:11:21.880+0000] {logging_mixin.py:188} INFO - [2026-03-09T20:11:21.880+0000] {dagbag.py:545} INFO - Filling up the DagBag from /opt/airflow/dags/mongo_v_postre.py
[2026-03-09T20:11:21.893+0000] {processor.py:840} INFO - DAG(s) '2_mongo_to_postgres_etl' retrieved from /opt/airflow/dags/mongo_v_postre.py
[2026-03-09T20:11:21.910+0000] {logging_mixin.py:188} INFO - [2026-03-09T20:11:21.910+0000] {dag.py:3089} INFO - Sync 1 DAGs
[2026-03-09T20:11:21.922+0000] {logging_mixin.py:188} INFO - [2026-03-09T20:11:21.922+0000] {dag.py:3947} INFO - Setting next_dagrun for 2_mongo_to_postgres_etl to 2026-03-09 00:00:00+00:00, run_after=2026-03-10 00:00:00+00:00
[2026-03-09T20:11:21.934+0000] {processor.py:183} INFO - Processing /opt/airflow/dags/mongo_v_postre.py took 0.059 seconds
[2026-03-09T20:11:52.126+0000] {processor.py:161} INFO - Started process (PID=137) to work on /opt/airflow/dags/mongo_v_postre.py
[2026-03-09T20:11:52.127+0000] {processor.py:830} INFO - Processing file /opt/airflow/dags/mongo_v_postre.py for tasks to queue
[2026-03-09T20:11:52.128+0000] {logging_mixin.py:188} INFO - [2026-03-09T20:11:52.128+0000] {dagbag.py:545} INFO - Filling up the DagBag from /opt/airflow/dags/mongo_v_postre.py
[2026-03-09T20:11:52.147+0000] {processor.py:840} INFO - DAG(s) '2_mongo_to_postgres_etl' retrieved from /opt/airflow/dags/mongo_v_postre.py
[2026-03-09T20:11:52.166+0000] {logging_mixin.py:188} INFO - [2026-03-09T20:11:52.166+0000] {dag.py:3089} INFO - Sync 1 DAGs
[2026-03-09T20:11:52.180+0000] {logging_mixin.py:188} INFO - [2026-03-09T20:11:52.180+0000] {dag.py:3947} INFO - Setting next_dagrun for 2_mongo_to_postgres_etl to 2026-03-09 00:00:00+00:00, run_after=2026-03-10 00:00:00+00:00
[2026-03-09T20:11:52.192+0000] {processor.py:183} INFO - Processing /opt/airflow/dags/mongo_v_postre.py took 0.070 seconds
[2026-03-09T20:12:22.371+0000] {processor.py:161} INFO - Started process (PID=140) to work on /opt/airflow/dags/mongo_v_postre.py
[2026-03-09T20:12:22.372+0000] {processor.py:830} INFO - Processing file /opt/airflow/dags/mongo_v_postre.py for tasks to queue
[2026-03-09T20:12:22.373+0000] {logging_mixin.py:188} INFO - [2026-03-09T20:12:22.373+0000] {dagbag.py:545} INFO - Filling up the DagBag from /opt/airflow/dags/mongo_v_postre.py
[2026-03-09T20:12:22.389+0000] {processor.py:840} INFO - DAG(s) '2_mongo_to_postgres_etl' retrieved from /opt/airflow/dags/mongo_v_postre.py
[2026-03-09T20:12:22.408+0000] {logging_mixin.py:188} INFO - [2026-03-09T20:12:22.408+0000] {dag.py:3089} INFO - Sync 1 DAGs
[2026-03-09T20:12:22.422+0000] {logging_mixin.py:188} INFO - [2026-03-09T20:12:22.422+0000] {dag.py:3947} INFO - Setting next_dagrun for 2_mongo_to_postgres_etl to 2026-03-09 00:00:00+00:00, run_after=2026-03-10 00:00:00+00:00
[2026-03-09T20:12:22.437+0000] {processor.py:183} INFO - Processing /opt/airflow/dags/mongo_v_postre.py took 0.070 seconds
[2026-03-09T20:12:52.638+0000] {processor.py:161} INFO - Started process (PID=143) to work on /opt/airflow/dags/mongo_v_postre.py
[2026-03-09T20:12:52.639+0000] {processor.py:830} INFO - Processing file /opt/airflow/dags/mongo_v_postre.py for tasks to queue
[2026-03-09T20:12:52.640+0000] {logging_mixin.py:188} INFO - [2026-03-09T20:12:52.640+0000] {dagbag.py:545} INFO - Filling up the DagBag from /opt/airflow/dags/mongo_v_postre.py
[2026-03-09T20:12:52.653+0000] {processor.py:840} INFO - DAG(s) '2_mongo_to_postgres_etl' retrieved from /opt/airflow/dags/mongo_v_postre.py
[2026-03-09T20:12:52.670+0000] {logging_mixin.py:188} INFO - [2026-03-09T20:12:52.670+0000] {dag.py:3089} INFO - Sync 1 DAGs
[2026-03-09T20:12:52.686+0000] {logging_mixin.py:188} INFO - [2026-03-09T20:12:52.686+0000] {dag.py:3947} INFO - Setting next_dagrun for 2_mongo_to_postgres_etl to 2026-03-09 00:00:00+00:00, run_after=2026-03-10 00:00:00+00:00
[2026-03-09T20:12:52.701+0000] {processor.py:183} INFO - Processing /opt/airflow/dags/mongo_v_postre.py took 0.067 seconds
[2026-03-09T20:13:22.906+0000] {processor.py:161} INFO - Started process (PID=146) to work on /opt/airflow/dags/mongo_v_postre.py
[2026-03-09T20:13:22.906+0000] {processor.py:830} INFO - Processing file /opt/airflow/dags/mongo_v_postre.py for tasks to queue
[2026-03-09T20:13:22.908+0000] {logging_mixin.py:188} INFO - [2026-03-09T20:13:22.908+0000] {dagbag.py:545} INFO - Filling up the DagBag from /opt/airflow/dags/mongo_v_postre.py
[2026-03-09T20:13:22.940+0000] {processor.py:840} INFO - DAG(s) '2_mongo_to_postgres_etl' retrieved from /opt/airflow/dags/mongo_v_postre.py
[2026-03-09T20:13:22.960+0000] {logging_mixin.py:188} INFO - [2026-03-09T20:13:22.960+0000] {dag.py:3089} INFO - Sync 1 DAGs
[2026-03-09T20:13:22.974+0000] {logging_mixin.py:188} INFO - [2026-03-09T20:13:22.974+0000] {dag.py:3947} INFO - Setting next_dagrun for 2_mongo_to_postgres_etl to 2026-03-09 00:00:00+00:00, run_after=2026-03-10 00:00:00+00:00
[2026-03-09T20:13:22.989+0000] {processor.py:183} INFO - Processing /opt/airflow/dags/mongo_v_postre.py took 0.087 seconds
[2026-03-09T20:14:37.443+0000] {processor.py:161} INFO - Started process (PID=45) to work on /opt/airflow/dags/mongo_v_postre.py
[2026-03-09T20:14:37.444+0000] {processor.py:830} INFO - Processing file /opt/airflow/dags/mongo_v_postre.py for tasks to queue
[2026-03-09T20:14:37.445+0000] {logging_mixin.py:188} INFO - [2026-03-09T20:14:37.445+0000] {dagbag.py:545} INFO - Filling up the DagBag from /opt/airflow/dags/mongo_v_postre.py
[2026-03-09T20:14:37.458+0000] {processor.py:840} INFO - DAG(s) '2_mongo_to_postgres_etl' retrieved from /opt/airflow/dags/mongo_v_postre.py
[2026-03-09T20:14:37.603+0000] {logging_mixin.py:188} INFO - [2026-03-09T20:14:37.603+0000] {dag.py:3089} INFO - Sync 1 DAGs
[2026-03-09T20:14:37.619+0000] {logging_mixin.py:188} INFO - [2026-03-09T20:14:37.619+0000] {dag.py:3947} INFO - Setting next_dagrun for 2_mongo_to_postgres_etl to 2026-03-09 00:00:00+00:00, run_after=2026-03-10 00:00:00+00:00
[2026-03-09T20:14:37.634+0000] {processor.py:183} INFO - Processing /opt/airflow/dags/mongo_v_postre.py took 0.193 seconds
[2026-03-09T20:15:07.817+0000] {processor.py:161} INFO - Started process (PID=65) to work on /opt/airflow/dags/mongo_v_postre.py
[2026-03-09T20:15:07.818+0000] {processor.py:830} INFO - Processing file /opt/airflow/dags/mongo_v_postre.py for tasks to queue
[2026-03-09T20:15:07.821+0000] {logging_mixin.py:188} INFO - [2026-03-09T20:15:07.820+0000] {dagbag.py:545} INFO - Filling up the DagBag from /opt/airflow/dags/mongo_v_postre.py
[2026-03-09T20:15:07.835+0000] {processor.py:840} INFO - DAG(s) '2_mongo_to_postgres_etl' retrieved from /opt/airflow/dags/mongo_v_postre.py
[2026-03-09T20:15:07.851+0000] {logging_mixin.py:188} INFO - [2026-03-09T20:15:07.851+0000] {dag.py:3089} INFO - Sync 1 DAGs
[2026-03-09T20:15:07.864+0000] {logging_mixin.py:188} INFO - [2026-03-09T20:15:07.864+0000] {dag.py:3947} INFO - Setting next_dagrun for 2_mongo_to_postgres_etl to 2026-03-09 00:00:00+00:00, run_after=2026-03-10 00:00:00+00:00
[2026-03-09T20:15:07.876+0000] {processor.py:183} INFO - Processing /opt/airflow/dags/mongo_v_postre.py took 0.063 seconds
[2026-03-09T20:15:38.143+0000] {processor.py:161} INFO - Started process (PID=68) to work on /opt/airflow/dags/mongo_v_postre.py
[2026-03-09T20:15:38.144+0000] {processor.py:830} INFO - Processing file /opt/airflow/dags/mongo_v_postre.py for tasks to queue
[2026-03-09T20:15:38.145+0000] {logging_mixin.py:188} INFO - [2026-03-09T20:15:38.145+0000] {dagbag.py:545} INFO - Filling up the DagBag from /opt/airflow/dags/mongo_v_postre.py
[2026-03-09T20:15:38.158+0000] {processor.py:840} INFO - DAG(s) '2_mongo_to_postgres_etl' retrieved from /opt/airflow/dags/mongo_v_postre.py
[2026-03-09T20:15:38.173+0000] {logging_mixin.py:188} INFO - [2026-03-09T20:15:38.173+0000] {dag.py:3089} INFO - Sync 1 DAGs
[2026-03-09T20:15:38.185+0000] {logging_mixin.py:188} INFO - [2026-03-09T20:15:38.185+0000] {dag.py:3947} INFO - Setting next_dagrun for 2_mongo_to_postgres_etl to 2026-03-09 00:00:00+00:00, run_after=2026-03-10 00:00:00+00:00
[2026-03-09T20:15:38.201+0000] {processor.py:183} INFO - Processing /opt/airflow/dags/mongo_v_postre.py took 0.061 seconds
[2026-03-09T20:16:08.378+0000] {processor.py:161} INFO - Started process (PID=71) to work on /opt/airflow/dags/mongo_v_postre.py
[2026-03-09T20:16:08.378+0000] {processor.py:830} INFO - Processing file /opt/airflow/dags/mongo_v_postre.py for tasks to queue
[2026-03-09T20:16:08.380+0000] {logging_mixin.py:188} INFO - [2026-03-09T20:16:08.380+0000] {dagbag.py:545} INFO - Filling up the DagBag from /opt/airflow/dags/mongo_v_postre.py
[2026-03-09T20:16:08.390+0000] {processor.py:840} INFO - DAG(s) '2_mongo_to_postgres_etl' retrieved from /opt/airflow/dags/mongo_v_postre.py
[2026-03-09T20:16:08.406+0000] {logging_mixin.py:188} INFO - [2026-03-09T20:16:08.406+0000] {dag.py:3089} INFO - Sync 1 DAGs
[2026-03-09T20:16:08.420+0000] {logging_mixin.py:188} INFO - [2026-03-09T20:16:08.420+0000] {dag.py:3947} INFO - Setting next_dagrun for 2_mongo_to_postgres_etl to 2026-03-09 00:00:00+00:00, run_after=2026-03-10 00:00:00+00:00
[2026-03-09T20:16:08.434+0000] {processor.py:183} INFO - Processing /opt/airflow/dags/mongo_v_postre.py took 0.060 seconds
[2026-03-09T20:16:38.662+0000] {processor.py:161} INFO - Started process (PID=74) to work on /opt/airflow/dags/mongo_v_postre.py
[2026-03-09T20:16:38.663+0000] {processor.py:830} INFO - Processing file /opt/airflow/dags/mongo_v_postre.py for tasks to queue
[2026-03-09T20:16:38.664+0000] {logging_mixin.py:188} INFO - [2026-03-09T20:16:38.664+0000] {dagbag.py:545} INFO - Filling up the DagBag from /opt/airflow/dags/mongo_v_postre.py
[2026-03-09T20:16:38.676+0000] {processor.py:840} INFO - DAG(s) '2_mongo_to_postgres_etl' retrieved from /opt/airflow/dags/mongo_v_postre.py
[2026-03-09T20:16:38.694+0000] {logging_mixin.py:188} INFO - [2026-03-09T20:16:38.693+0000] {dag.py:3089} INFO - Sync 1 DAGs
[2026-03-09T20:16:38.706+0000] {logging_mixin.py:188} INFO - [2026-03-09T20:16:38.706+0000] {dag.py:3947} INFO - Setting next_dagrun for 2_mongo_to_postgres_etl to 2026-03-09 00:00:00+00:00, run_after=2026-03-10 00:00:00+00:00
[2026-03-09T20:16:38.720+0000] {processor.py:183} INFO - Processing /opt/airflow/dags/mongo_v_postre.py took 0.061 seconds
[2026-03-09T20:17:08.879+0000] {processor.py:161} INFO - Started process (PID=77) to work on /opt/airflow/dags/mongo_v_postre.py
[2026-03-09T20:17:08.879+0000] {processor.py:830} INFO - Processing file /opt/airflow/dags/mongo_v_postre.py for tasks to queue
[2026-03-09T20:17:08.881+0000] {logging_mixin.py:188} INFO - [2026-03-09T20:17:08.881+0000] {dagbag.py:545} INFO - Filling up the DagBag from /opt/airflow/dags/mongo_v_postre.py
[2026-03-09T20:17:08.894+0000] {processor.py:840} INFO - DAG(s) '2_mongo_to_postgres_etl' retrieved from /opt/airflow/dags/mongo_v_postre.py
[2026-03-09T20:17:08.908+0000] {logging_mixin.py:188} INFO - [2026-03-09T20:17:08.908+0000] {dag.py:3089} INFO - Sync 1 DAGs
[2026-03-09T20:17:08.921+0000] {logging_mixin.py:188} INFO - [2026-03-09T20:17:08.921+0000] {dag.py:3947} INFO - Setting next_dagrun for 2_mongo_to_postgres_etl to 2026-03-09 00:00:00+00:00, run_after=2026-03-10 00:00:00+00:00
[2026-03-09T20:17:08.933+0000] {processor.py:183} INFO - Processing /opt/airflow/dags/mongo_v_postre.py took 0.058 seconds
[2026-03-09T20:17:39.135+0000] {processor.py:161} INFO - Started process (PID=80) to work on /opt/airflow/dags/mongo_v_postre.py
[2026-03-09T20:17:39.135+0000] {processor.py:830} INFO - Processing file /opt/airflow/dags/mongo_v_postre.py for tasks to queue
[2026-03-09T20:17:39.157+0000] {logging_mixin.py:188} INFO - [2026-03-09T20:17:39.156+0000] {dagbag.py:545} INFO - Filling up the DagBag from /opt/airflow/dags/mongo_v_postre.py
[2026-03-09T20:17:39.179+0000] {processor.py:840} INFO - DAG(s) '2_mongo_to_postgres_etl' retrieved from /opt/airflow/dags/mongo_v_postre.py
[2026-03-09T20:17:39.196+0000] {logging_mixin.py:188} INFO - [2026-03-09T20:17:39.196+0000] {dag.py:3089} INFO - Sync 1 DAGs
[2026-03-09T20:17:39.210+0000] {logging_mixin.py:188} INFO - [2026-03-09T20:17:39.209+0000] {dag.py:3947} INFO - Setting next_dagrun for 2_mongo_to_postgres_etl to 2026-03-09 00:00:00+00:00, run_after=2026-03-10 00:00:00+00:00
[2026-03-09T20:17:39.222+0000] {processor.py:183} INFO - Processing /opt/airflow/dags/mongo_v_postre.py took 0.091 seconds
[2026-03-09T20:18:09.402+0000] {processor.py:161} INFO - Started process (PID=83) to work on /opt/airflow/dags/mongo_v_postre.py
[2026-03-09T20:18:09.402+0000] {processor.py:830} INFO - Processing file /opt/airflow/dags/mongo_v_postre.py for tasks to queue
[2026-03-09T20:18:09.403+0000] {logging_mixin.py:188} INFO - [2026-03-09T20:18:09.403+0000] {dagbag.py:545} INFO - Filling up the DagBag from /opt/airflow/dags/mongo_v_postre.py
[2026-03-09T20:18:09.415+0000] {processor.py:840} INFO - DAG(s) '2_mongo_to_postgres_etl' retrieved from /opt/airflow/dags/mongo_v_postre.py
[2026-03-09T20:18:09.430+0000] {logging_mixin.py:188} INFO - [2026-03-09T20:18:09.430+0000] {dag.py:3089} INFO - Sync 1 DAGs
[2026-03-09T20:18:09.442+0000] {logging_mixin.py:188} INFO - [2026-03-09T20:18:09.442+0000] {dag.py:3947} INFO - Setting next_dagrun for 2_mongo_to_postgres_etl to 2026-03-09 00:00:00+00:00, run_after=2026-03-10 00:00:00+00:00
[2026-03-09T20:18:09.454+0000] {processor.py:183} INFO - Processing /opt/airflow/dags/mongo_v_postre.py took 0.055 seconds
[2026-03-09T20:18:39.655+0000] {processor.py:161} INFO - Started process (PID=86) to work on /opt/airflow/dags/mongo_v_postre.py
[2026-03-09T20:18:39.656+0000] {processor.py:830} INFO - Processing file /opt/airflow/dags/mongo_v_postre.py for tasks to queue
[2026-03-09T20:18:39.657+0000] {logging_mixin.py:188} INFO - [2026-03-09T20:18:39.657+0000] {dagbag.py:545} INFO - Filling up the DagBag from /opt/airflow/dags/mongo_v_postre.py
[2026-03-09T20:18:39.669+0000] {processor.py:840} INFO - DAG(s) '2_mongo_to_postgres_etl' retrieved from /opt/airflow/dags/mongo_v_postre.py
[2026-03-09T20:18:39.685+0000] {logging_mixin.py:188} INFO - [2026-03-09T20:18:39.684+0000] {dag.py:3089} INFO - Sync 1 DAGs
[2026-03-09T20:18:39.701+0000] {logging_mixin.py:188} INFO - [2026-03-09T20:18:39.701+0000] {dag.py:3947} INFO - Setting next_dagrun for 2_mongo_to_postgres_etl to 2026-03-09 00:00:00+00:00, run_after=2026-03-10 00:00:00+00:00
[2026-03-09T20:18:39.721+0000] {processor.py:183} INFO - Processing /opt/airflow/dags/mongo_v_postre.py took 0.070 seconds
[2026-03-09T20:19:09.933+0000] {processor.py:161} INFO - Started process (PID=89) to work on /opt/airflow/dags/mongo_v_postre.py
[2026-03-09T20:19:09.933+0000] {processor.py:830} INFO - Processing file /opt/airflow/dags/mongo_v_postre.py for tasks to queue
[2026-03-09T20:19:09.934+0000] {logging_mixin.py:188} INFO - [2026-03-09T20:19:09.934+0000] {dagbag.py:545} INFO - Filling up the DagBag from /opt/airflow/dags/mongo_v_postre.py
[2026-03-09T20:19:09.946+0000] {processor.py:840} INFO - DAG(s) '2_mongo_to_postgres_etl' retrieved from /opt/airflow/dags/mongo_v_postre.py
[2026-03-09T20:19:09.960+0000] {logging_mixin.py:188} INFO - [2026-03-09T20:19:09.960+0000] {dag.py:3089} INFO - Sync 1 DAGs
[2026-03-09T20:19:09.973+0000] {logging_mixin.py:188} INFO - [2026-03-09T20:19:09.973+0000] {dag.py:3947} INFO - Setting next_dagrun for 2_mongo_to_postgres_etl to 2026-03-09 00:00:00+00:00, run_after=2026-03-10 00:00:00+00:00
[2026-03-09T20:19:09.986+0000] {processor.py:183} INFO - Processing /opt/airflow/dags/mongo_v_postre.py took 0.057 seconds
[2026-03-09T20:19:40.181+0000] {processor.py:161} INFO - Started process (PID=92) to work on /opt/airflow/dags/mongo_v_postre.py
[2026-03-09T20:19:40.181+0000] {processor.py:830} INFO - Processing file /opt/airflow/dags/mongo_v_postre.py for tasks to queue
[2026-03-09T20:19:40.182+0000] {logging_mixin.py:188} INFO - [2026-03-09T20:19:40.182+0000] {dagbag.py:545} INFO - Filling up the DagBag from /opt/airflow/dags/mongo_v_postre.py
[2026-03-09T20:19:40.196+0000] {processor.py:840} INFO - DAG(s) '2_mongo_to_postgres_etl' retrieved from /opt/airflow/dags/mongo_v_postre.py
[2026-03-09T20:19:40.210+0000] {logging_mixin.py:188} INFO - [2026-03-09T20:19:40.210+0000] {dag.py:3089} INFO - Sync 1 DAGs
[2026-03-09T20:19:40.222+0000] {logging_mixin.py:188} INFO - [2026-03-09T20:19:40.222+0000] {dag.py:3947} INFO - Setting next_dagrun for 2_mongo_to_postgres_etl to 2026-03-09 00:00:00+00:00, run_after=2026-03-10 00:00:00+00:00
[2026-03-09T20:19:40.233+0000] {processor.py:183} INFO - Processing /opt/airflow/dags/mongo_v_postre.py took 0.055 seconds
[2026-03-09T20:20:10.449+0000] {processor.py:161} INFO - Started process (PID=95) to work on /opt/airflow/dags/mongo_v_postre.py
[2026-03-09T20:20:10.449+0000] {processor.py:830} INFO - Processing file /opt/airflow/dags/mongo_v_postre.py for tasks to queue
[2026-03-09T20:20:10.451+0000] {logging_mixin.py:188} INFO - [2026-03-09T20:20:10.450+0000] {dagbag.py:545} INFO - Filling up the DagBag from /opt/airflow/dags/mongo_v_postre.py
[2026-03-09T20:20:10.462+0000] {processor.py:840} INFO - DAG(s) '2_mongo_to_postgres_etl' retrieved from /opt/airflow/dags/mongo_v_postre.py
[2026-03-09T20:20:10.476+0000] {logging_mixin.py:188} INFO - [2026-03-09T20:20:10.476+0000] {dag.py:3089} INFO - Sync 1 DAGs
[2026-03-09T20:20:10.487+0000] {logging_mixin.py:188} INFO - [2026-03-09T20:20:10.487+0000] {dag.py:3947} INFO - Setting next_dagrun for 2_mongo_to_postgres_etl to 2026-03-09 00:00:00+00:00, run_after=2026-03-10 00:00:00+00:00
[2026-03-09T20:20:10.500+0000] {processor.py:183} INFO - Processing /opt/airflow/dags/mongo_v_postre.py took 0.055 seconds
[2026-03-09T20:20:40.695+0000] {processor.py:161} INFO - Started process (PID=98) to work on /opt/airflow/dags/mongo_v_postre.py
[2026-03-09T20:20:40.696+0000] {processor.py:830} INFO - Processing file /opt/airflow/dags/mongo_v_postre.py for tasks to queue
[2026-03-09T20:20:40.697+0000] {logging_mixin.py:188} INFO - [2026-03-09T20:20:40.697+0000] {dagbag.py:545} INFO - Filling up the DagBag from /opt/airflow/dags/mongo_v_postre.py
[2026-03-09T20:20:40.713+0000] {processor.py:840} INFO - DAG(s) '2_mongo_to_postgres_etl' retrieved from /opt/airflow/dags/mongo_v_postre.py
[2026-03-09T20:20:40.727+0000] {logging_mixin.py:188} INFO - [2026-03-09T20:20:40.727+0000] {dag.py:3089} INFO - Sync 1 DAGs
[2026-03-09T20:20:40.740+0000] {logging_mixin.py:188} INFO - [2026-03-09T20:20:40.739+0000] {dag.py:3947} INFO - Setting next_dagrun for 2_mongo_to_postgres_etl to 2026-03-09 00:00:00+00:00, run_after=2026-03-10 00:00:00+00:00
[2026-03-09T20:20:40.752+0000] {processor.py:183} INFO - Processing /opt/airflow/dags/mongo_v_postre.py took 0.060 seconds
[2026-03-09T20:21:10.957+0000] {processor.py:161} INFO - Started process (PID=101) to work on /opt/airflow/dags/mongo_v_postre.py
[2026-03-09T20:21:10.964+0000] {processor.py:830} INFO - Processing file /opt/airflow/dags/mongo_v_postre.py for tasks to queue
[2026-03-09T20:21:10.969+0000] {logging_mixin.py:188} INFO - [2026-03-09T20:21:10.969+0000] {dagbag.py:545} INFO - Filling up the DagBag from /opt/airflow/dags/mongo_v_postre.py
[2026-03-09T20:21:10.990+0000] {processor.py:840} INFO - DAG(s) '2_mongo_to_postgres_etl' retrieved from /opt/airflow/dags/mongo_v_postre.py
[2026-03-09T20:21:11.006+0000] {logging_mixin.py:188} INFO - [2026-03-09T20:21:11.006+0000] {dag.py:3089} INFO - Sync 1 DAGs
[2026-03-09T20:21:11.018+0000] {logging_mixin.py:188} INFO - [2026-03-09T20:21:11.018+0000] {dag.py:3947} INFO - Setting next_dagrun for 2_mongo_to_postgres_etl to 2026-03-09 00:00:00+00:00, run_after=2026-03-10 00:00:00+00:00
[2026-03-09T20:21:11.030+0000] {processor.py:183} INFO - Processing /opt/airflow/dags/mongo_v_postre.py took 0.076 seconds
[2026-03-09T20:21:41.232+0000] {processor.py:161} INFO - Started process (PID=104) to work on /opt/airflow/dags/mongo_v_postre.py
[2026-03-09T20:21:41.232+0000] {processor.py:830} INFO - Processing file /opt/airflow/dags/mongo_v_postre.py for tasks to queue
[2026-03-09T20:21:41.233+0000] {logging_mixin.py:188} INFO - [2026-03-09T20:21:41.233+0000] {dagbag.py:545} INFO - Filling up the DagBag from /opt/airflow/dags/mongo_v_postre.py
[2026-03-09T20:21:41.245+0000] {processor.py:840} INFO - DAG(s) '2_mongo_to_postgres_etl' retrieved from /opt/airflow/dags/mongo_v_postre.py
[2026-03-09T20:21:41.261+0000] {logging_mixin.py:188} INFO - [2026-03-09T20:21:41.261+0000] {dag.py:3089} INFO - Sync 1 DAGs
[2026-03-09T20:21:41.274+0000] {logging_mixin.py:188} INFO - [2026-03-09T20:21:41.273+0000] {dag.py:3947} INFO - Setting next_dagrun for 2_mongo_to_postgres_etl to 2026-03-09 00:00:00+00:00, run_after=2026-03-10 00:00:00+00:00
[2026-03-09T20:21:41.286+0000] {processor.py:183} INFO - Processing /opt/airflow/dags/mongo_v_postre.py took 0.057 seconds
[2026-03-09T20:22:11.487+0000] {processor.py:161} INFO - Started process (PID=107) to work on /opt/airflow/dags/mongo_v_postre.py
[2026-03-09T20:22:11.488+0000] {processor.py:830} INFO - Processing file /opt/airflow/dags/mongo_v_postre.py for tasks to queue
[2026-03-09T20:22:11.489+0000] {logging_mixin.py:188} INFO - [2026-03-09T20:22:11.489+0000] {dagbag.py:545} INFO - Filling up the DagBag from /opt/airflow/dags/mongo_v_postre.py
[2026-03-09T20:22:11.501+0000] {processor.py:840} INFO - DAG(s) '2_mongo_to_postgres_etl' retrieved from /opt/airflow/dags/mongo_v_postre.py
[2026-03-09T20:22:11.517+0000] {logging_mixin.py:188} INFO - [2026-03-09T20:22:11.517+0000] {dag.py:3089} INFO - Sync 1 DAGs
[2026-03-09T20:22:11.529+0000] {logging_mixin.py:188} INFO - [2026-03-09T20:22:11.529+0000] {dag.py:3947} INFO - Setting next_dagrun for 2_mongo_to_postgres_etl to 2026-03-09 00:00:00+00:00, run_after=2026-03-10 00:00:00+00:00
[2026-03-09T20:22:11.544+0000] {processor.py:183} INFO - Processing /opt/airflow/dags/mongo_v_postre.py took 0.062 seconds
[2026-03-09T20:22:41.751+0000] {processor.py:161} INFO - Started process (PID=110) to work on /opt/airflow/dags/mongo_v_postre.py
[2026-03-09T20:22:41.751+0000] {processor.py:830} INFO - Processing file /opt/airflow/dags/mongo_v_postre.py for tasks to queue
[2026-03-09T20:22:41.753+0000] {logging_mixin.py:188} INFO - [2026-03-09T20:22:41.753+0000] {dagbag.py:545} INFO - Filling up the DagBag from /opt/airflow/dags/mongo_v_postre.py
[2026-03-09T20:22:41.763+0000] {processor.py:840} INFO - DAG(s) '2_mongo_to_postgres_etl' retrieved from /opt/airflow/dags/mongo_v_postre.py
[2026-03-09T20:22:41.778+0000] {logging_mixin.py:188} INFO - [2026-03-09T20:22:41.777+0000] {dag.py:3089} INFO - Sync 1 DAGs
[2026-03-09T20:22:41.789+0000] {logging_mixin.py:188} INFO - [2026-03-09T20:22:41.789+0000] {dag.py:3947} INFO - Setting next_dagrun for 2_mongo_to_postgres_etl to 2026-03-09 00:00:00+00:00, run_after=2026-03-10 00:00:00+00:00
[2026-03-09T20:22:41.802+0000] {processor.py:183} INFO - Processing /opt/airflow/dags/mongo_v_postre.py took 0.055 seconds
[2026-03-09T20:23:11.998+0000] {processor.py:161} INFO - Started process (PID=113) to work on /opt/airflow/dags/mongo_v_postre.py
[2026-03-09T20:23:11.999+0000] {processor.py:830} INFO - Processing file /opt/airflow/dags/mongo_v_postre.py for tasks to queue
[2026-03-09T20:23:12.000+0000] {logging_mixin.py:188} INFO - [2026-03-09T20:23:12.000+0000] {dagbag.py:545} INFO - Filling up the DagBag from /opt/airflow/dags/mongo_v_postre.py
[2026-03-09T20:23:12.012+0000] {processor.py:840} INFO - DAG(s) '2_mongo_to_postgres_etl' retrieved from /opt/airflow/dags/mongo_v_postre.py
[2026-03-09T20:23:12.029+0000] {logging_mixin.py:188} INFO - [2026-03-09T20:23:12.029+0000] {dag.py:3089} INFO - Sync 1 DAGs
[2026-03-09T20:23:12.043+0000] {logging_mixin.py:188} INFO - [2026-03-09T20:23:12.043+0000] {dag.py:3947} INFO - Setting next_dagrun for 2_mongo_to_postgres_etl to 2026-03-09 00:00:00+00:00, run_after=2026-03-10 00:00:00+00:00
[2026-03-09T20:23:12.057+0000] {processor.py:183} INFO - Processing /opt/airflow/dags/mongo_v_postre.py took 0.061 seconds
[2026-03-09T20:23:42.228+0000] {processor.py:161} INFO - Started process (PID=116) to work on /opt/airflow/dags/mongo_v_postre.py
[2026-03-09T20:23:42.228+0000] {processor.py:830} INFO - Processing file /opt/airflow/dags/mongo_v_postre.py for tasks to queue
[2026-03-09T20:23:42.229+0000] {logging_mixin.py:188} INFO - [2026-03-09T20:23:42.229+0000] {dagbag.py:545} INFO - Filling up the DagBag from /opt/airflow/dags/mongo_v_postre.py
[2026-03-09T20:23:42.243+0000] {processor.py:840} INFO - DAG(s) '2_mongo_to_postgres_etl' retrieved from /opt/airflow/dags/mongo_v_postre.py
[2026-03-09T20:23:42.259+0000] {logging_mixin.py:188} INFO - [2026-03-09T20:23:42.259+0000] {dag.py:3089} INFO - Sync 1 DAGs
[2026-03-09T20:23:42.274+0000] {logging_mixin.py:188} INFO - [2026-03-09T20:23:42.273+0000] {dag.py:3947} INFO - Setting next_dagrun for 2_mongo_to_postgres_etl to 2026-03-09 00:00:00+00:00, run_after=2026-03-10 00:00:00+00:00
[2026-03-09T20:23:42.287+0000] {processor.py:183} INFO - Processing /opt/airflow/dags/mongo_v_postre.py took 0.062 seconds
[2026-03-09T20:24:12.460+0000] {processor.py:161} INFO - Started process (PID=119) to work on /opt/airflow/dags/mongo_v_postre.py
[2026-03-09T20:24:12.461+0000] {processor.py:830} INFO - Processing file /opt/airflow/dags/mongo_v_postre.py for tasks to queue
[2026-03-09T20:24:12.462+0000] {logging_mixin.py:188} INFO - [2026-03-09T20:24:12.462+0000] {dagbag.py:545} INFO - Filling up the DagBag from /opt/airflow/dags/mongo_v_postre.py
[2026-03-09T20:24:12.473+0000] {processor.py:840} INFO - DAG(s) '2_mongo_to_postgres_etl' retrieved from /opt/airflow/dags/mongo_v_postre.py
[2026-03-09T20:24:12.490+0000] {logging_mixin.py:188} INFO - [2026-03-09T20:24:12.490+0000] {dag.py:3089} INFO - Sync 1 DAGs
[2026-03-09T20:24:12.502+0000] {logging_mixin.py:188} INFO - [2026-03-09T20:24:12.502+0000] {dag.py:3947} INFO - Setting next_dagrun for 2_mongo_to_postgres_etl to 2026-03-09 00:00:00+00:00, run_after=2026-03-10 00:00:00+00:00
[2026-03-09T20:24:12.514+0000] {processor.py:183} INFO - Processing /opt/airflow/dags/mongo_v_postre.py took 0.057 seconds
[2026-03-09T20:24:42.695+0000] {processor.py:161} INFO - Started process (PID=122) to work on /opt/airflow/dags/mongo_v_postre.py
[2026-03-09T20:24:42.695+0000] {processor.py:830} INFO - Processing file /opt/airflow/dags/mongo_v_postre.py for tasks to queue
[2026-03-09T20:24:42.696+0000] {logging_mixin.py:188} INFO - [2026-03-09T20:24:42.696+0000] {dagbag.py:545} INFO - Filling up the DagBag from /opt/airflow/dags/mongo_v_postre.py
[2026-03-09T20:24:42.711+0000] {processor.py:840} INFO - DAG(s) '2_mongo_to_postgres_etl' retrieved from /opt/airflow/dags/mongo_v_postre.py
[2026-03-09T20:24:42.725+0000] {logging_mixin.py:188} INFO - [2026-03-09T20:24:42.725+0000] {dag.py:3089} INFO - Sync 1 DAGs
[2026-03-09T20:24:42.737+0000] {logging_mixin.py:188} INFO - [2026-03-09T20:24:42.737+0000] {dag.py:3947} INFO - Setting next_dagrun for 2_mongo_to_postgres_etl to 2026-03-09 00:00:00+00:00, run_after=2026-03-10 00:00:00+00:00
[2026-03-09T20:24:42.750+0000] {processor.py:183} INFO - Processing /opt/airflow/dags/mongo_v_postre.py took 0.059 seconds
[2026-03-09T20:25:12.928+0000] {processor.py:161} INFO - Started process (PID=125) to work on /opt/airflow/dags/mongo_v_postre.py
[2026-03-09T20:25:12.928+0000] {processor.py:830} INFO - Processing file /opt/airflow/dags/mongo_v_postre.py for tasks to queue
[2026-03-09T20:25:12.930+0000] {logging_mixin.py:188} INFO - [2026-03-09T20:25:12.929+0000] {dagbag.py:545} INFO - Filling up the DagBag from /opt/airflow/dags/mongo_v_postre.py
[2026-03-09T20:25:12.948+0000] {processor.py:840} INFO - DAG(s) '2_mongo_to_postgres_etl' retrieved from /opt/airflow/dags/mongo_v_postre.py
[2026-03-09T20:25:12.964+0000] {logging_mixin.py:188} INFO - [2026-03-09T20:25:12.964+0000] {dag.py:3089} INFO - Sync 1 DAGs
[2026-03-09T20:25:12.978+0000] {logging_mixin.py:188} INFO - [2026-03-09T20:25:12.977+0000] {dag.py:3947} INFO - Setting next_dagrun for 2_mongo_to_postgres_etl to 2026-03-09 00:00:00+00:00, run_after=2026-03-10 00:00:00+00:00
[2026-03-09T20:25:12.989+0000] {processor.py:183} INFO - Processing /opt/airflow/dags/mongo_v_postre.py took 0.065 seconds
[2026-03-09T20:25:43.167+0000] {processor.py:161} INFO - Started process (PID=128) to work on /opt/airflow/dags/mongo_v_postre.py
[2026-03-09T20:25:43.167+0000] {processor.py:830} INFO - Processing file /opt/airflow/dags/mongo_v_postre.py for tasks to queue
[2026-03-09T20:25:43.169+0000] {logging_mixin.py:188} INFO - [2026-03-09T20:25:43.168+0000] {dagbag.py:545} INFO - Filling up the DagBag from /opt/airflow/dags/mongo_v_postre.py
[2026-03-09T20:25:43.179+0000] {processor.py:840} INFO - DAG(s) '2_mongo_to_postgres_etl' retrieved from /opt/airflow/dags/mongo_v_postre.py
[2026-03-09T20:25:43.193+0000] {logging_mixin.py:188} INFO - [2026-03-09T20:25:43.193+0000] {dag.py:3089} INFO - Sync 1 DAGs
[2026-03-09T20:25:43.205+0000] {logging_mixin.py:188} INFO - [2026-03-09T20:25:43.204+0000] {dag.py:3947} INFO - Setting next_dagrun for 2_mongo_to_postgres_etl to 2026-03-09 00:00:00+00:00, run_after=2026-03-10 00:00:00+00:00
[2026-03-09T20:25:43.217+0000] {processor.py:183} INFO - Processing /opt/airflow/dags/mongo_v_postre.py took 0.053 seconds
[2026-03-09T20:26:13.476+0000] {processor.py:161} INFO - Started process (PID=131) to work on /opt/airflow/dags/mongo_v_postre.py
[2026-03-09T20:26:13.476+0000] {processor.py:830} INFO - Processing file /opt/airflow/dags/mongo_v_postre.py for tasks to queue
[2026-03-09T20:26:13.478+0000] {logging_mixin.py:188} INFO - [2026-03-09T20:26:13.477+0000] {dagbag.py:545} INFO - Filling up the DagBag from /opt/airflow/dags/mongo_v_postre.py
[2026-03-09T20:26:13.492+0000] {processor.py:840} INFO - DAG(s) '2_mongo_to_postgres_etl' retrieved from /opt/airflow/dags/mongo_v_postre.py
[2026-03-09T20:26:13.511+0000] {logging_mixin.py:188} INFO - [2026-03-09T20:26:13.511+0000] {dag.py:3089} INFO - Sync 1 DAGs
[2026-03-09T20:26:13.526+0000] {logging_mixin.py:188} INFO - [2026-03-09T20:26:13.525+0000] {dag.py:3947} INFO - Setting next_dagrun for 2_mongo_to_postgres_etl to 2026-03-09 00:00:00+00:00, run_after=2026-03-10 00:00:00+00:00
[2026-03-09T20:26:13.538+0000] {processor.py:183} INFO - Processing /opt/airflow/dags/mongo_v_postre.py took 0.066 seconds
[2026-03-09T20:26:43.727+0000] {processor.py:161} INFO - Started process (PID=134) to work on /opt/airflow/dags/mongo_v_postre.py
[2026-03-09T20:26:43.728+0000] {processor.py:830} INFO - Processing file /opt/airflow/dags/mongo_v_postre.py for tasks to queue
[2026-03-09T20:26:43.729+0000] {logging_mixin.py:188} INFO - [2026-03-09T20:26:43.729+0000] {dagbag.py:545} INFO - Filling up the DagBag from /opt/airflow/dags/mongo_v_postre.py
[2026-03-09T20:26:43.742+0000] {processor.py:840} INFO - DAG(s) '2_mongo_to_postgres_etl' retrieved from /opt/airflow/dags/mongo_v_postre.py
[2026-03-09T20:26:43.760+0000] {logging_mixin.py:188} INFO - [2026-03-09T20:26:43.759+0000] {dag.py:3089} INFO - Sync 1 DAGs
[2026-03-09T20:26:43.772+0000] {logging_mixin.py:188} INFO - [2026-03-09T20:26:43.772+0000] {dag.py:3947} INFO - Setting next_dagrun for 2_mongo_to_postgres_etl to 2026-03-09 00:00:00+00:00, run_after=2026-03-10 00:00:00+00:00
[2026-03-09T20:26:43.787+0000] {processor.py:183} INFO - Processing /opt/airflow/dags/mongo_v_postre.py took 0.064 seconds
[2026-03-09T20:27:13.964+0000] {processor.py:161} INFO - Started process (PID=137) to work on /opt/airflow/dags/mongo_v_postre.py
[2026-03-09T20:27:13.964+0000] {processor.py:830} INFO - Processing file /opt/airflow/dags/mongo_v_postre.py for tasks to queue
[2026-03-09T20:27:13.965+0000] {logging_mixin.py:188} INFO - [2026-03-09T20:27:13.965+0000] {dagbag.py:545} INFO - Filling up the DagBag from /opt/airflow/dags/mongo_v_postre.py
[2026-03-09T20:27:13.980+0000] {processor.py:840} INFO - DAG(s) '2_mongo_to_postgres_etl' retrieved from /opt/airflow/dags/mongo_v_postre.py
[2026-03-09T20:27:13.999+0000] {logging_mixin.py:188} INFO - [2026-03-09T20:27:13.999+0000] {dag.py:3089} INFO - Sync 1 DAGs
[2026-03-09T20:27:14.012+0000] {logging_mixin.py:188} INFO - [2026-03-09T20:27:14.012+0000] {dag.py:3947} INFO - Setting next_dagrun for 2_mongo_to_postgres_etl to 2026-03-09 00:00:00+00:00, run_after=2026-03-10 00:00:00+00:00
[2026-03-09T20:27:14.026+0000] {processor.py:183} INFO - Processing /opt/airflow/dags/mongo_v_postre.py took 0.067 seconds
[2026-03-09T20:27:44.188+0000] {processor.py:161} INFO - Started process (PID=140) to work on /opt/airflow/dags/mongo_v_postre.py
[2026-03-09T20:27:44.189+0000] {processor.py:830} INFO - Processing file /opt/airflow/dags/mongo_v_postre.py for tasks to queue
[2026-03-09T20:27:44.190+0000] {logging_mixin.py:188} INFO - [2026-03-09T20:27:44.190+0000] {dagbag.py:545} INFO - Filling up the DagBag from /opt/airflow/dags/mongo_v_postre.py
[2026-03-09T20:27:44.206+0000] {processor.py:840} INFO - DAG(s) '2_mongo_to_postgres_etl' retrieved from /opt/airflow/dags/mongo_v_postre.py
[2026-03-09T20:27:44.225+0000] {logging_mixin.py:188} INFO - [2026-03-09T20:27:44.224+0000] {dag.py:3089} INFO - Sync 1 DAGs
[2026-03-09T20:27:44.237+0000] {logging_mixin.py:188} INFO - [2026-03-09T20:27:44.237+0000] {dag.py:3947} INFO - Setting next_dagrun for 2_mongo_to_postgres_etl to 2026-03-09 00:00:00+00:00, run_after=2026-03-10 00:00:00+00:00
[2026-03-09T20:27:44.251+0000] {processor.py:183} INFO - Processing /opt/airflow/dags/mongo_v_postre.py took 0.067 seconds
[2026-03-09T20:28:14.518+0000] {processor.py:161} INFO - Started process (PID=143) to work on /opt/airflow/dags/mongo_v_postre.py
[2026-03-09T20:28:14.519+0000] {processor.py:830} INFO - Processing file /opt/airflow/dags/mongo_v_postre.py for tasks to queue
[2026-03-09T20:28:14.520+0000] {logging_mixin.py:188} INFO - [2026-03-09T20:28:14.520+0000] {dagbag.py:545} INFO - Filling up the DagBag from /opt/airflow/dags/mongo_v_postre.py
[2026-03-09T20:28:14.562+0000] {processor.py:840} INFO - DAG(s) '2_mongo_to_postgres_etl' retrieved from /opt/airflow/dags/mongo_v_postre.py
[2026-03-09T20:28:14.579+0000] {logging_mixin.py:188} INFO - [2026-03-09T20:28:14.579+0000] {dag.py:3089} INFO - Sync 1 DAGs
[2026-03-09T20:28:14.593+0000] {logging_mixin.py:188} INFO - [2026-03-09T20:28:14.593+0000] {dag.py:3947} INFO - Setting next_dagrun for 2_mongo_to_postgres_etl to 2026-03-09 00:00:00+00:00, run_after=2026-03-10 00:00:00+00:00
[2026-03-09T20:28:14.605+0000] {processor.py:183} INFO - Processing /opt/airflow/dags/mongo_v_postre.py took 0.090 seconds
[2026-03-09T20:28:44.823+0000] {processor.py:161} INFO - Started process (PID=146) to work on /opt/airflow/dags/mongo_v_postre.py
[2026-03-09T20:28:44.824+0000] {processor.py:830} INFO - Processing file /opt/airflow/dags/mongo_v_postre.py for tasks to queue
[2026-03-09T20:28:44.825+0000] {logging_mixin.py:188} INFO - [2026-03-09T20:28:44.825+0000] {dagbag.py:545} INFO - Filling up the DagBag from /opt/airflow/dags/mongo_v_postre.py
[2026-03-09T20:28:44.848+0000] {processor.py:840} INFO - DAG(s) '2_mongo_to_postgres_etl' retrieved from /opt/airflow/dags/mongo_v_postre.py
[2026-03-09T20:28:44.864+0000] {logging_mixin.py:188} INFO - [2026-03-09T20:28:44.864+0000] {dag.py:3089} INFO - Sync 1 DAGs
[2026-03-09T20:28:44.877+0000] {logging_mixin.py:188} INFO - [2026-03-09T20:28:44.877+0000] {dag.py:3947} INFO - Setting next_dagrun for 2_mongo_to_postgres_etl to 2026-03-09 00:00:00+00:00, run_after=2026-03-10 00:00:00+00:00
[2026-03-09T20:28:44.890+0000] {processor.py:183} INFO - Processing /opt/airflow/dags/mongo_v_postre.py took 0.071 seconds
[2026-03-09T20:29:15.061+0000] {processor.py:161} INFO - Started process (PID=149) to work on /opt/airflow/dags/mongo_v_postre.py
[2026-03-09T20:29:15.061+0000] {processor.py:830} INFO - Processing file /opt/airflow/dags/mongo_v_postre.py for tasks to queue
[2026-03-09T20:29:15.063+0000] {logging_mixin.py:188} INFO - [2026-03-09T20:29:15.063+0000] {dagbag.py:545} INFO - Filling up the DagBag from /opt/airflow/dags/mongo_v_postre.py
[2026-03-09T20:29:15.079+0000] {processor.py:840} INFO - DAG(s) '2_mongo_to_postgres_etl' retrieved from /opt/airflow/dags/mongo_v_postre.py
[2026-03-09T20:29:15.097+0000] {logging_mixin.py:188} INFO - [2026-03-09T20:29:15.097+0000] {dag.py:3089} INFO - Sync 1 DAGs
[2026-03-09T20:29:15.111+0000] {logging_mixin.py:188} INFO - [2026-03-09T20:29:15.111+0000] {dag.py:3947} INFO - Setting next_dagrun for 2_mongo_to_postgres_etl to 2026-03-09 00:00:00+00:00, run_after=2026-03-10 00:00:00+00:00
[2026-03-09T20:29:15.126+0000] {processor.py:183} INFO - Processing /opt/airflow/dags/mongo_v_postre.py took 0.069 seconds
[2026-03-09T20:29:45.326+0000] {processor.py:161} INFO - Started process (PID=152) to work on /opt/airflow/dags/mongo_v_postre.py
[2026-03-09T20:29:45.327+0000] {processor.py:830} INFO - Processing file /opt/airflow/dags/mongo_v_postre.py for tasks to queue
[2026-03-09T20:29:45.328+0000] {logging_mixin.py:188} INFO - [2026-03-09T20:29:45.328+0000] {dagbag.py:545} INFO - Filling up the DagBag from /opt/airflow/dags/mongo_v_postre.py
[2026-03-09T20:29:45.339+0000] {processor.py:840} INFO - DAG(s) '2_mongo_to_postgres_etl' retrieved from /opt/airflow/dags/mongo_v_postre.py
[2026-03-09T20:29:45.354+0000] {logging_mixin.py:188} INFO - [2026-03-09T20:29:45.354+0000] {dag.py:3089} INFO - Sync 1 DAGs
[2026-03-09T20:29:45.366+0000] {logging_mixin.py:188} INFO - [2026-03-09T20:29:45.366+0000] {dag.py:3947} INFO - Setting next_dagrun for 2_mongo_to_postgres_etl to 2026-03-09 00:00:00+00:00, run_after=2026-03-10 00:00:00+00:00
[2026-03-09T20:29:45.378+0000] {processor.py:183} INFO - Processing /opt/airflow/dags/mongo_v_postre.py took 0.055 seconds
[2026-03-09T20:30:15.540+0000] {processor.py:161} INFO - Started process (PID=155) to work on /opt/airflow/dags/mongo_v_postre.py
[2026-03-09T20:30:15.541+0000] {processor.py:830} INFO - Processing file /opt/airflow/dags/mongo_v_postre.py for tasks to queue
[2026-03-09T20:30:15.542+0000] {logging_mixin.py:188} INFO - [2026-03-09T20:30:15.542+0000] {dagbag.py:545} INFO - Filling up the DagBag from /opt/airflow/dags/mongo_v_postre.py
[2026-03-09T20:30:15.554+0000] {processor.py:840} INFO - DAG(s) '2_mongo_to_postgres_etl' retrieved from /opt/airflow/dags/mongo_v_postre.py
[2026-03-09T20:30:15.570+0000] {logging_mixin.py:188} INFO - [2026-03-09T20:30:15.570+0000] {dag.py:3089} INFO - Sync 1 DAGs
[2026-03-09T20:30:15.583+0000] {logging_mixin.py:188} INFO - [2026-03-09T20:30:15.583+0000] {dag.py:3947} INFO - Setting next_dagrun for 2_mongo_to_postgres_etl to 2026-03-09 00:00:00+00:00, run_after=2026-03-10 00:00:00+00:00
[2026-03-09T20:30:15.595+0000] {processor.py:183} INFO - Processing /opt/airflow/dags/mongo_v_postre.py took 0.059 seconds
[2026-03-09T20:30:45.807+0000] {processor.py:161} INFO - Started process (PID=158) to work on /opt/airflow/dags/mongo_v_postre.py
[2026-03-09T20:30:45.808+0000] {processor.py:830} INFO - Processing file /opt/airflow/dags/mongo_v_postre.py for tasks to queue
[2026-03-09T20:30:45.809+0000] {logging_mixin.py:188} INFO - [2026-03-09T20:30:45.809+0000] {dagbag.py:545} INFO - Filling up the DagBag from /opt/airflow/dags/mongo_v_postre.py
[2026-03-09T20:30:45.823+0000] {processor.py:840} INFO - DAG(s) '2_mongo_to_postgres_etl' retrieved from /opt/airflow/dags/mongo_v_postre.py
[2026-03-09T20:30:45.838+0000] {logging_mixin.py:188} INFO - [2026-03-09T20:30:45.838+0000] {dag.py:3089} INFO - Sync 1 DAGs
[2026-03-09T20:30:45.850+0000] {logging_mixin.py:188} INFO - [2026-03-09T20:30:45.849+0000] {dag.py:3947} INFO - Setting next_dagrun for 2_mongo_to_postgres_etl to 2026-03-09 00:00:00+00:00, run_after=2026-03-10 00:00:00+00:00
[2026-03-09T20:30:45.862+0000] {processor.py:183} INFO - Processing /opt/airflow/dags/mongo_v_postre.py took 0.058 seconds
