[2026-03-09T20:08:53.223+0000] {local_task_job_runner.py:120} INFO - ::group::Pre task execution logs
[2026-03-09T20:08:53.240+0000] {taskinstance.py:2076} INFO - Dependencies all met for dep_context=non-requeueable deps ti=<TaskInstance: 2_mongo_to_postgres_etl.etl_app_feedbacks manual__2026-03-09T20:08:49.140960+00:00 [queued]>
[2026-03-09T20:08:53.244+0000] {taskinstance.py:2076} INFO - Dependencies all met for dep_context=requeueable deps ti=<TaskInstance: 2_mongo_to_postgres_etl.etl_app_feedbacks manual__2026-03-09T20:08:49.140960+00:00 [queued]>
[2026-03-09T20:08:53.245+0000] {taskinstance.py:2306} INFO - Starting attempt 1 of 2
[2026-03-09T20:08:53.253+0000] {taskinstance.py:2330} INFO - Executing <Task(PythonOperator): etl_app_feedbacks> on 2026-03-09 20:08:49.140960+00:00
[2026-03-09T20:08:53.256+0000] {standard_task_runner.py:64} INFO - Started process 99 to run task
[2026-03-09T20:08:53.258+0000] {standard_task_runner.py:90} INFO - Running: ['***', 'tasks', 'run', '2_mongo_to_postgres_etl', 'etl_app_feedbacks', 'manual__2026-03-09T20:08:49.140960+00:00', '--job-id', '5', '--raw', '--subdir', 'DAGS_FOLDER/mongo_v_postre.py', '--cfg-path', '/tmp/tmpd1_kacpp']
[2026-03-09T20:08:53.259+0000] {standard_task_runner.py:91} INFO - Job 5: Subtask etl_app_feedbacks
[2026-03-09T20:08:53.299+0000] {task_command.py:426} INFO - Running <TaskInstance: 2_mongo_to_postgres_etl.etl_app_feedbacks manual__2026-03-09T20:08:49.140960+00:00 [running]> on host 02552d753929
[2026-03-09T20:08:53.352+0000] {taskinstance.py:2648} INFO - Exporting env vars: AIRFLOW_CTX_DAG_OWNER='***' AIRFLOW_CTX_DAG_ID='2_mongo_to_postgres_etl' AIRFLOW_CTX_TASK_ID='etl_app_feedbacks' AIRFLOW_CTX_EXECUTION_DATE='2026-03-09T20:08:49.140960+00:00' AIRFLOW_CTX_TRY_NUMBER='1' AIRFLOW_CTX_DAG_RUN_ID='manual__2026-03-09T20:08:49.140960+00:00'
[2026-03-09T20:08:53.352+0000] {taskinstance.py:430} INFO - ::endgroup::
[2026-03-09T20:08:53.361+0000] {base.py:84} INFO - Using connection ID 'mongo_default' for task execution.
[2026-03-09T20:08:53.374+0000] {crypto.py:82} WARNING - empty cryptography key - values will not be stored encrypted.
[2026-03-09T20:08:53.375+0000] {base.py:84} INFO - Using connection ID 'postgres_default' for task execution.
[2026-03-09T20:08:53.378+0000] {base.py:84} INFO - Using connection ID 'postgres_default' for task execution.
[2026-03-09T20:08:53.387+0000] {sql.py:608} INFO - Loaded 80 rows into app_feedbacks so far
[2026-03-09T20:08:53.388+0000] {sql.py:621} INFO - Done loading. Loaded a total of 80 rows into app_feedbacks
[2026-03-09T20:08:53.388+0000] {python.py:237} INFO - Done. Returned value was: None
[2026-03-09T20:08:53.389+0000] {taskinstance.py:441} INFO - ::group::Post task execution logs
[2026-03-09T20:08:53.394+0000] {taskinstance.py:1206} INFO - Marking task as SUCCESS. dag_id=2_mongo_to_postgres_etl, task_id=etl_app_feedbacks, run_id=manual__2026-03-09T20:08:49.140960+00:00, execution_date=20260309T200849, start_date=20260309T200853, end_date=20260309T200853
[2026-03-09T20:08:53.431+0000] {local_task_job_runner.py:243} INFO - Task exited with return code 0
[2026-03-09T20:08:53.440+0000] {taskinstance.py:3503} INFO - 0 downstream tasks scheduled from follow-on schedule check
[2026-03-09T20:08:53.443+0000] {local_task_job_runner.py:222} INFO - ::endgroup::
